Archive member included because of file (symbol)

c:/altera/12.1sp1/nios2eds/bin/gnu/h-i686-mingw32/bin/../lib/gcc/nios2-elf/4.1.2/../../../../nios2-elf/lib\libc.a(lib_a-printf.o)
                              obj/default/hello_ucosii.o (printf)
c:/altera/12.1sp1/nios2eds/bin/gnu/h-i686-mingw32/bin/../lib/gcc/nios2-elf/4.1.2/../../../../nios2-elf/lib\libc.a(lib_a-puts.o)
                              obj/default/hello_ucosii.o (puts)
c:/altera/12.1sp1/nios2eds/bin/gnu/h-i686-mingw32/bin/../lib/gcc/nios2-elf/4.1.2/../../../../nios2-elf/lib\libc.a(lib_a-strlen.o)
                              c:/altera/12.1sp1/nios2eds/bin/gnu/h-i686-mingw32/bin/../lib/gcc/nios2-elf/4.1.2/../../../../nios2-elf/lib\libc.a(lib_a-puts.o) (strlen)
c:/altera/12.1sp1/nios2eds/bin/gnu/h-i686-mingw32/bin/../lib/gcc/nios2-elf/4.1.2/../../../../nios2-elf/lib\libc.a(lib_a-vfprintf.o)
                              c:/altera/12.1sp1/nios2eds/bin/gnu/h-i686-mingw32/bin/../lib/gcc/nios2-elf/4.1.2/../../../../nios2-elf/lib\libc.a(lib_a-printf.o) (___vfprintf_internal_r)
c:/altera/12.1sp1/nios2eds/bin/gnu/h-i686-mingw32/bin/../lib/gcc/nios2-elf/4.1.2/../../../../nios2-elf/lib\libc.a(lib_a-wsetup.o)
                              c:/altera/12.1sp1/nios2eds/bin/gnu/h-i686-mingw32/bin/../lib/gcc/nios2-elf/4.1.2/../../../../nios2-elf/lib\libc.a(lib_a-vfprintf.o) (__swsetup_r)
c:/altera/12.1sp1/nios2eds/bin/gnu/h-i686-mingw32/bin/../lib/gcc/nios2-elf/4.1.2/../../../../nios2-elf/lib\libc.a(lib_a-dtoa.o)
                              c:/altera/12.1sp1/nios2eds/bin/gnu/h-i686-mingw32/bin/../lib/gcc/nios2-elf/4.1.2/../../../../nios2-elf/lib\libc.a(lib_a-vfprintf.o) (_dtoa_r)
c:/altera/12.1sp1/nios2eds/bin/gnu/h-i686-mingw32/bin/../lib/gcc/nios2-elf/4.1.2/../../../../nios2-elf/lib\libc.a(lib_a-fflush.o)
                              c:/altera/12.1sp1/nios2eds/bin/gnu/h-i686-mingw32/bin/../lib/gcc/nios2-elf/4.1.2/../../../../nios2-elf/lib\libc.a(lib_a-vfprintf.o) (_fflush_r)
c:/altera/12.1sp1/nios2eds/bin/gnu/h-i686-mingw32/bin/../lib/gcc/nios2-elf/4.1.2/../../../../nios2-elf/lib\libc.a(lib_a-findfp.o)
                              c:/altera/12.1sp1/nios2eds/bin/gnu/h-i686-mingw32/bin/../lib/gcc/nios2-elf/4.1.2/../../../../nios2-elf/lib\libc.a(lib_a-vfprintf.o) (__sinit)
c:/altera/12.1sp1/nios2eds/bin/gnu/h-i686-mingw32/bin/../lib/gcc/nios2-elf/4.1.2/../../../../nios2-elf/lib\libc.a(lib_a-freer.o)
                              c:/altera/12.1sp1/nios2eds/bin/gnu/h-i686-mingw32/bin/../lib/gcc/nios2-elf/4.1.2/../../../../nios2-elf/lib\libc.a(lib_a-wsetup.o) (_free_r)
c:/altera/12.1sp1/nios2eds/bin/gnu/h-i686-mingw32/bin/../lib/gcc/nios2-elf/4.1.2/../../../../nios2-elf/lib\libc.a(lib_a-fvwrite.o)
                              c:/altera/12.1sp1/nios2eds/bin/gnu/h-i686-mingw32/bin/../lib/gcc/nios2-elf/4.1.2/../../../../nios2-elf/lib\libc.a(lib_a-puts.o) (__sfvwrite_r)
c:/altera/12.1sp1/nios2eds/bin/gnu/h-i686-mingw32/bin/../lib/gcc/nios2-elf/4.1.2/../../../../nios2-elf/lib\libc.a(lib_a-fwalk.o)
                              c:/altera/12.1sp1/nios2eds/bin/gnu/h-i686-mingw32/bin/../lib/gcc/nios2-elf/4.1.2/../../../../nios2-elf/lib\libc.a(lib_a-fflush.o) (_fwalk_reent)
c:/altera/12.1sp1/nios2eds/bin/gnu/h-i686-mingw32/bin/../lib/gcc/nios2-elf/4.1.2/../../../../nios2-elf/lib\libc.a(lib_a-impure.o)
                              c:/altera/12.1sp1/nios2eds/bin/gnu/h-i686-mingw32/bin/../lib/gcc/nios2-elf/4.1.2/../../../../nios2-elf/lib\libc.a(lib_a-printf.o) (_impure_ptr)
c:/altera/12.1sp1/nios2eds/bin/gnu/h-i686-mingw32/bin/../lib/gcc/nios2-elf/4.1.2/../../../../nios2-elf/lib\libc.a(lib_a-locale.o)
                              c:/altera/12.1sp1/nios2eds/bin/gnu/h-i686-mingw32/bin/../lib/gcc/nios2-elf/4.1.2/../../../../nios2-elf/lib\libc.a(lib_a-vfprintf.o) (_localeconv_r)
c:/altera/12.1sp1/nios2eds/bin/gnu/h-i686-mingw32/bin/../lib/gcc/nios2-elf/4.1.2/../../../../nios2-elf/lib\libc.a(lib_a-makebuf.o)
                              c:/altera/12.1sp1/nios2eds/bin/gnu/h-i686-mingw32/bin/../lib/gcc/nios2-elf/4.1.2/../../../../nios2-elf/lib\libc.a(lib_a-wsetup.o) (__smakebuf_r)
c:/altera/12.1sp1/nios2eds/bin/gnu/h-i686-mingw32/bin/../lib/gcc/nios2-elf/4.1.2/../../../../nios2-elf/lib\libc.a(lib_a-mallocr.o)
                              c:/altera/12.1sp1/nios2eds/bin/gnu/h-i686-mingw32/bin/../lib/gcc/nios2-elf/4.1.2/../../../../nios2-elf/lib\libc.a(lib_a-findfp.o) (_malloc_r)
c:/altera/12.1sp1/nios2eds/bin/gnu/h-i686-mingw32/bin/../lib/gcc/nios2-elf/4.1.2/../../../../nios2-elf/lib\libc.a(lib_a-memchr.o)
                              c:/altera/12.1sp1/nios2eds/bin/gnu/h-i686-mingw32/bin/../lib/gcc/nios2-elf/4.1.2/../../../../nios2-elf/lib\libc.a(lib_a-vfprintf.o) (memchr)
c:/altera/12.1sp1/nios2eds/bin/gnu/h-i686-mingw32/bin/../lib/gcc/nios2-elf/4.1.2/../../../../nios2-elf/lib\libc.a(lib_a-memcpy.o)
                              c:/altera/12.1sp1/nios2eds/bin/gnu/h-i686-mingw32/bin/../lib/gcc/nios2-elf/4.1.2/../../../../nios2-elf/lib\libc.a(lib_a-dtoa.o) (memcpy)
[...]
Memory Configuration

Name             Origin             Length             Attributes
sdram_0          0x00800000         0x00800000
sram_0           0x01080000         0x00080000
reset            0x01104000         0x00000020
onchip_memory2_0 0x01104020         0x00003fe0
*default*        0x00000000         0xffffffff

Linker script and memory map

LOAD ../test_bsp//obj/HAL/src/crt0.o
LOAD obj/default/hello_ucosii.o
LOAD c:/altera/12.1sp1/nios2eds/bin/gnu/h-i686-mingw32/bin/../lib/gcc/nios2-elf/4.1.2/../../../../nios2-elf/lib\libstdc++.a
LOAD c:/altera/12.1sp1/nios2eds/bin/gnu/h-i686-mingw32/bin/../lib/gcc/nios2-elf/4.1.2/../../../../nios2-elf/lib\libm.a
LOAD c:/altera/12.1sp1/nios2eds/bin/gnu/h-i686-mingw32/bin/../lib/gcc/nios2-elf/4.1.2\libgcc.a
START GROUP
LOAD c:/altera/12.1sp1/nios2eds/bin/gnu/h-i686-mingw32/bin/../lib/gcc/nios2-elf/4.1.2/../../../../nios2-elf/lib\libc.a
LOAD c:/altera/12.1sp1/nios2eds/bin/gnu/h-i686-mingw32/bin/../lib/gcc/nios2-elf/4.1.2\libgcc.a
LOAD ../test_bsp/\libucosii_bsp.a
END GROUP
LOAD c:/altera/12.1sp1/nios2eds/bin/gnu/h-i686-mingw32/bin/../lib/gcc/nios2-elf/4.1.2\libgcc.a
                0x00800000                __alt_mem_sdram_0 = 0x800000
                0x01080000                __alt_mem_sram_0 = 0x1080000
                0x01104000                __alt_mem_onchip_memory2_0 = 0x1104000

.entry          0x01104000       0x20
 *(.entry)
 .entry         0x01104000       0x20 ../test_bsp//obj/HAL/src/crt0.o
                0x01104000                __reset

.exceptions     0x01104020      0x19c load address 0x00800000
                0x01104020                PROVIDE (__ram_exceptions_start, ABSOLUTE (.))
                0x01104020                . = ALIGN (0x20)
 *(.irq)
 *(.exceptions.entry.label)
 .exceptions.entry.label
                0x01104020        0x0 ../test_bsp/\libucosii_bsp.a(alt_irq_entry.o)
                0x01104020                alt_irq_entry
 .exceptions.entry.label
                0x01104020        0x0 ../test_bsp/\libucosii_bsp.a(alt_exception_entry.o)
                0x01104020                alt_exception
 *(.exceptions.entry.user)
 *(.exceptions.entry)
 .exceptions.entry
                0x01104020       0x54 ../test_bsp/\libucosii_bsp.a(alt_exception_entry.o)
 *(.exceptions.irqtest.user)
 *(.exceptions.irqtest)
 .exceptions.irqtest
                0x01104074       0x10 ../test_bsp/\libucosii_bsp.a(alt_irq_entry.o)
 *(.exceptions.irqhandler.user)
 *(.exceptions.irqhandler)
 .exceptions.irqhandler
                0x01104084        0x4 ../test_bsp/\libucosii_bsp.a(alt_irq_entry.o)
 *(.exceptions.irqreturn.user)
 *(.exceptions.irqreturn)
 .exceptions.irqreturn
                0x01104088        0x4 ../test_bsp/\libucosii_bsp.a(alt_irq_entry.o)
 *(.exceptions.notirq.label)
 .exceptions.notirq.label
                0x0110408c        0x0 ../test_bsp/\libucosii_bsp.a(alt_irq_entry.o)
 *(.exceptions.notirq.user)
 *(.exceptions.notirq)
 .exceptions.notirq
                0x0110408c        0x8 ../test_bsp/\libucosii_bsp.a(alt_exception_entry.o)
 *(.exceptions.soft.user)
 *(.exceptions.soft)
 *(.exceptions.unknown.user)
 *(.exceptions.unknown)
 .exceptions.unknown
                0x01104094        0x4 ../test_bsp/\libucosii_bsp.a(alt_exception_entry.o)
 *(.exceptions.exit.label)
 .exceptions.exit.label
                0x01104098        0x0 ../test_bsp/\libucosii_bsp.a(alt_irq_entry.o)
 .exceptions.exit.label
                0x01104098        0x0 ../test_bsp/\libucosii_bsp.a(alt_exception_entry.o)
 *(.exceptions.exit.user)
 *(.exceptions.exit)
 .exceptions.exit
                0x01104098       0x54 ../test_bsp/\libucosii_bsp.a(alt_exception_entry.o)
 *(.exceptions)
 .exceptions    0x011040ec       0xd0 ../test_bsp/\libucosii_bsp.a(alt_irq_handler.o)
                0x011040ec                alt_irq_handler
                0x011041bc                PROVIDE (__ram_exceptions_end, ABSOLUTE (.))
                0x00800000                PROVIDE (__flash_exceptions_start, LOADADDR (.exceptions))

.text           0x0080019c    0x157d8
                0x0080019c                PROVIDE (stext, ABSOLUTE (.))
 *(.interp)
 *(.hash)
 *(.dynsym)
 *(.dynstr)
 *(.gnu.version)
 *(.gnu.version_d)
 *(.gnu.version_r)
 *(.rel.init)
 *(.rela.init)
 *(.rel.text .rel.text.* .rel.gnu.linkonce.t.*)
 *(.rela.text .rela.text.* .rela.gnu.linkonce.t.*)
 *(.rel.fini)
 *(.rela.fini)
 *(.rel.rodata .rel.rodata.* .rel.gnu.linkonce.r.*)
 *(.rela.rodata .rela.rodata.* .rela.gnu.linkonce.r.*)
 *(.rel.data .rel.data.* .rel.gnu.linkonce.d.*)
 *(.rela.data .rela.data.* .rela.gnu.linkonce.d.*)
 *(.rel.tdata .rel.tdata.* .rel.gnu.linkonce.td.*)
 *(.rela.tdata .rela.tdata.* .rela.gnu.linkonce.td.*)
 *(.rel.tbss .rel.tbss.* .rel.gnu.linkonce.tb.*)
 *(.rela.tbss .rela.tbss.* .rela.gnu.linkonce.tb.*)
 *(.rel.ctors)
 *(.rela.ctors)
 *(.rel.dtors)
 *(.rela.dtors)
 *(.rel.got)
 *(.rela.got)
 *(.rel.sdata .rel.sdata.* .rel.gnu.linkonce.s.*)
 *(.rela.sdata .rela.sdata.* .rela.gnu.linkonce.s.*)
 *(.rel.sbss .rel.sbss.* .rel.gnu.linkonce.sb.*)
 *(.rela.sbss .rela.sbss.* .rela.gnu.linkonce.sb.*)
 *(.rel.sdata2 .rel.sdata2.* .rel.gnu.linkonce.s2.*)
 *(.rela.sdata2 .rela.sdata2.* .rela.gnu.linkonce.s2.*)
 *(.rel.sbss2 .rel.sbss2.* .rel.gnu.linkonce.sb2.*)
 *(.rela.sbss2 .rela.sbss2.* .rela.gnu.linkonce.sb2.*)
 *(.rel.bss .rel.bss.* .rel.gnu.linkonce.b.*)
 *(.rela.bss .rela.bss.* .rela.gnu.linkonce.b.*)
 *(.rel.plt)
 *(.rela.plt)
 *(.rel.dyn)
 *(.init)
 *(.plt)
 *(.text .stub .text.* .gnu.linkonce.t.*)
 .text          0x0080019c       0x4c ../test_bsp//obj/HAL/src/crt0.o
                0x0080019c                _start
 .text          0x008001e8      0x2c4 obj/default/hello_ucosii.o
                0x008001e8                task1
                0x00800308                task2
                0x00800334                clear_lcd
                0x008003c4                main
 .text          0x008004ac       0x78 c:/altera/12.1sp1/nios2eds/bin/gnu/h-i686-mingw32/bin/../lib/gcc/nios2-elf/4.1.2/../../../../nios2-elf/lib\libc.a(lib_a-printf.o)
                0x008004ac                printf
                0x008004f0                _printf_r
 .text          0x00800524       0xb4 c:/altera/12.1sp1/nios2eds/bin/gnu/h-i686-mingw32/bin/../lib/gcc/nios2-elf/4.1.2/../../../../nios2-elf/lib\libc.a(lib_a-puts.o)
                0x00800524                _puts_r
                0x008005c4                puts
 .text          0x008005d8       0x74 c:/altera/12.1sp1/nios2eds/bin/gnu/h-i686-mingw32/bin/../lib/gcc/nios2-elf/4.1.2/../../../../nios2-elf/lib\libc.a(lib_a-strlen.o)
                0x008005d8                strlen
 .text          0x0080064c     0x1f28 c:/altera/12.1sp1/nios2eds/bin/gnu/h-i686-mingw32/bin/../lib/gcc/nios2-elf/4.1.2/../../../../nios2-elf/lib\libc.a(lib_a-vfprintf.o)
                0x008006a4                ___vfprintf_internal_r
                0x00802550                __vfprintf_internal
 .text          0x00802574      0x13c c:/altera/12.1sp1/nios2eds/bin/gnu/h-i686-mingw32/bin/../lib/gcc/nios2-elf/4.1.2/../../../../nios2-elf/lib\libc.a(lib_a-wsetup.o)
                0x00802574                __swsetup_r
 .text          0x008026b0     0x17cc c:/altera/12.1sp1/nios2eds/bin/gnu/h-i686-mingw32/bin/../lib/gcc/nios2-elf/4.1.2/../../../../nios2-elf/lib\libc.a(lib_a-dtoa.o)
                0x008028c8                _dtoa_r
 .text          0x00803e7c      0x230 c:/altera/12.1sp1/nios2eds/bin/gnu/h-i686-mingw32/bin/../lib/gcc/nios2-elf/4.1.2/../../../../nios2-elf/lib\libc.a(lib_a-fflush.o)
                0x00803e7c                _fflush_r
                0x00804078                fflush
 .text          0x008040ac      0x2c0 c:/altera/12.1sp1/nios2eds/bin/gnu/h-i686-mingw32/bin/../lib/gcc/nios2-elf/4.1.2/../../../../nios2-elf/lib\libc.a(lib_a-findfp.o)
                0x00804104                __sfp_lock_acquire
                0x00804108                __sfp_lock_release
                0x0080410c                __sinit_lock_acquire
                0x00804110                __sinit_lock_release
                0x00804114                __sinit
                0x008041c8                __fp_unlock_all
                0x008041e0                __fp_lock_all
                0x008041f8                _cleanup_r
                0x00804204                _cleanup
                0x00804214                __sfmoreglue
                0x0080427c                __sfp
 .text          0x0080436c      0x440 c:/altera/12.1sp1/nios2eds/bin/gnu/h-i686-mingw32/bin/../lib/gcc/nios2-elf/4.1.2/../../../../nios2-elf/lib\libc.a(lib_a-freer.o)
                0x0080436c                _malloc_trim_r
                0x00804498                _free_r
 .text          0x008047ac      0x49c c:/altera/12.1sp1/nios2eds/bin/gnu/h-i686-mingw32/bin/../lib/gcc/nios2-elf/4.1.2/../../../../nios2-elf/lib\libc.a(lib_a-fvwrite.o)
                0x008047ac                __sfvwrite_r
 .text          0x00804c48      0x180 c:/altera/12.1sp1/nios2eds/bin/gnu/h-i686-mingw32/bin/../lib/gcc/nios2-elf/4.1.2/../../../../nios2-elf/lib\libc.a(lib_a-fwalk.o)
                0x00804c48                _fwalk_reent
                0x00804d10                _fwalk
 .text          0x00804dc8        0x0 c:/altera/12.1sp1/nios2eds/bin/gnu/h-i686-mingw32/bin/../lib/gcc/nios2-elf/4.1.2/../../../../nios2-elf/lib\libc.a(lib_a-impure.o)
 .text          0x00804dc8       0xc4 c:/altera/12.1sp1/nios2eds/bin/gnu/h-i686-mingw32/bin/../lib/gcc/nios2-elf/4.1.2/../../../../nios2-elf/lib\libc.a(lib_a-locale.o)
                0x00804dc8                __locale_charset
                0x00804dd0                _localeconv_r
                0x00804ddc                localeconv
                0x00804dec                _setlocale_r
                0x00804e70                setlocale
 .text          0x00804e8c      0x194 c:/altera/12.1sp1/nios2eds/bin/gnu/h-i686-mingw32/bin/../lib/gcc/nios2-elf/4.1.2/../../../../nios2-elf/lib\libc.a(lib_a-makebuf.o)
                0x00804e8c                __smakebuf_r
 .text          0x00805020      0x740 c:/altera/12.1sp1/nios2eds/bin/gnu/h-i686-mingw32/bin/../lib/gcc/nios2-elf/4.1.2/../../../../nios2-elf/lib\libc.a(lib_a-mallocr.o)
                0x00805020                _malloc_r
 .text          0x00805760       0xe4 c:/altera/12.1sp1/nios2eds/bin/gnu/h-i686-mingw32/bin/../lib/gcc/nios2-elf/4.1.2/../../../../nios2-elf/lib\libc.a(lib_a-memchr.o)
                0x00805760                memchr
 .text          0x00805844       0xa0 c:/altera/12.1sp1/nios2eds/bin/gnu/h-i686-mingw32/bin/../lib/gcc/nios2-elf/4.1.2/../../../../nios2-elf/lib\libc.a(lib_a-memcpy.o)
                0x00805844                memcpy
 .text          0x008058e4       0xe0 c:/altera/12.1sp1/nios2eds/bin/gnu/h-i686-mingw32/bin/../lib/gcc/nios2-elf/4.1.2/../../../../nios2-elf/lib\libc.a(lib_a-memmove.o)
                0x008058e4                memmove
 .text          0x008059c4       0x98 c:/altera/12.1sp1/nios2eds/bin/gnu/h-i686-mingw32/bin/../lib/gcc/nios2-elf/4.1.2/../../../../nios2-elf/lib\libc.a(lib_a-memset.o)
                0x008059c4                memset
 .text          0x00805a5c      0xff4 c:/altera/12.1sp1/nios2eds/bin/gnu/h-i686-mingw32/bin/../lib/gcc/nios2-elf/4.1.2/../../../../nios2-elf/lib\libc.a(lib_a-mprec.o)
                0x00805a5c                _Bfree
                0x00805a84                __hi0bits
                0x00805af4                __lo0bits
                0x00805bb8                __mcmp
                0x00805c18                __ulp
                0x00805c98                __b2d
                0x00805db8                __ratio
                0x00805e68                _mprec_log10
                0x00805efc                __copybits
                0x00805f54                __any_on
                0x00805fdc                _Balloc
                0x00806098                __d2b
                0x00806214                __mdiff
                0x008063a0                __lshift
                0x008064ec                __multiply
                0x008066d4                __i2b
                0x00806710                __multadd
                0x00806810                __pow5mult
                0x00806930                __s2b
 .text          0x00806a50      0x5f4 c:/altera/12.1sp1/nios2eds/bin/gnu/h-i686-mingw32/bin/../lib/gcc/nios2-elf/4.1.2/../../../../nios2-elf/lib\libc.a(lib_a-reallocr.o)
                0x00806a50                _realloc_r
 .text          0x00807044       0x40 c:/altera/12.1sp1/nios2eds/bin/gnu/h-i686-mingw32/bin/../lib/gcc/nios2-elf/4.1.2/../../../../nios2-elf/lib\libc.a(lib_a-s_isinfd.o)
                0x00807044                __isinfd
 .text          0x00807084       0x30 c:/altera/12.1sp1/nios2eds/bin/gnu/h-i686-mingw32/bin/../lib/gcc/nios2-elf/4.1.2/../../../../nios2-elf/lib\libc.a(lib_a-s_isnand.o)
                0x00807084                __isnand
 .text          0x008070b4       0x70 c:/altera/12.1sp1/nios2eds/bin/gnu/h-i686-mingw32/bin/../lib/gcc/nios2-elf/4.1.2/../../../../nios2-elf/lib\libc.a(lib_a-sbrkr.o)
                0x008070b4                _sbrk_r
 .text          0x00807124      0x14c c:/altera/12.1sp1/nios2eds/bin/gnu/h-i686-mingw32/bin/../lib/gcc/nios2-elf/4.1.2/../../../../nios2-elf/lib\libc.a(lib_a-stdio.o)
                0x00807124                __sclose
                0x0080712c                __sseek
                0x00807194                __swrite
                0x00807210                __sread
 .text          0x00807270       0xbc c:/altera/12.1sp1/nios2eds/bin/gnu/h-i686-mingw32/bin/../lib/gcc/nios2-elf/4.1.2/../../../../nios2-elf/lib\libc.a(lib_a-strcmp.o)
                0x00807270                strcmp
 .text          0x0080732c       0x78 c:/altera/12.1sp1/nios2eds/bin/gnu/h-i686-mingw32/bin/../lib/gcc/nios2-elf/4.1.2/../../../../nios2-elf/lib\libc.a(lib_a-writer.o)
                0x0080732c                _write_r
 .text          0x008073a4       0xb4 c:/altera/12.1sp1/nios2eds/bin/gnu/h-i686-mingw32/bin/../lib/gcc/nios2-elf/4.1.2/../../../../nios2-elf/lib\libc.a(lib_a-callocr.o)
                0x008073a4                _calloc_r
 .text          0x00807458       0x70 c:/altera/12.1sp1/nios2eds/bin/gnu/h-i686-mingw32/bin/../lib/gcc/nios2-elf/4.1.2/../../../../nios2-elf/lib\libc.a(lib_a-closer.o)
                0x00807458                _close_r
 .text          0x008074c8      0x124 c:/altera/12.1sp1/nios2eds/bin/gnu/h-i686-mingw32/bin/../lib/gcc/nios2-elf/4.1.2/../../../../nios2-elf/lib\libc.a(lib_a-fclose.o)
                0x008074c8                _fclose_r
                0x008075d8                fclose
 .text          0x008075ec       0x74 c:/altera/12.1sp1/nios2eds/bin/gnu/h-i686-mingw32/bin/../lib/gcc/nios2-elf/4.1.2/../../../../nios2-elf/lib\libc.a(lib_a-fstatr.o)
                0x008075ec                _fstat_r
 .text          0x00807660        0x0 c:/altera/12.1sp1/nios2eds/bin/gnu/h-i686-mingw32/bin/../lib/gcc/nios2-elf/4.1.2/../../../../nios2-elf/lib\libc.a(lib_a-int_errno.o)
 .text          0x00807660       0x70 c:/altera/12.1sp1/nios2eds/bin/gnu/h-i686-mingw32/bin/../lib/gcc/nios2-elf/4.1.2/../../../../nios2-elf/lib\libc.a(lib_a-isattyr.o)
                0x00807660                _isatty_r
 .text          0x008076d0       0x78 c:/altera/12.1sp1/nios2eds/bin/gnu/h-i686-mingw32/bin/../lib/gcc/nios2-elf/4.1.2/../../../../nios2-elf/lib\libc.a(lib_a-lseekr.o)
                0x008076d0                _lseek_r
 .text          0x00807748       0x78 c:/altera/12.1sp1/nios2eds/bin/gnu/h-i686-mingw32/bin/../lib/gcc/nios2-elf/4.1.2/../../../../nios2-elf/lib\libc.a(lib_a-readr.o)
                0x00807748                _read_r
 .text          0x008077c0      0x5dc c:/altera/12.1sp1/nios2eds/bin/gnu/h-i686-mingw32/bin/../lib/gcc/nios2-elf/4.1.2\libgcc.a(_udivdi3.o)
                0x008077c0                __udivdi3
 .text          0x00807d9c      0x5b0 c:/altera/12.1sp1/nios2eds/bin/gnu/h-i686-mingw32/bin/../lib/gcc/nios2-elf/4.1.2\libgcc.a(_umoddi3.o)
                0x00807d9c                __umoddi3
 .text          0x0080834c      0x504 c:/altera/12.1sp1/nios2eds/bin/gnu/h-i686-mingw32/bin/../lib/gcc/nios2-elf/4.1.2\libgcc.a(_addsub_df.o)
                0x0080875c                __subdf3
                0x008087dc                __adddf3
 .text          0x00808850      0x3c4 c:/altera/12.1sp1/nios2eds/bin/gnu/h-i686-mingw32/bin/../lib/gcc/nios2-elf/4.1.2\libgcc.a(_mul_df.o)
                0x00808850                __muldf3
 .text          0x00808c14      0x258 c:/altera/12.1sp1/nios2eds/bin/gnu/h-i686-mingw32/bin/../lib/gcc/nios2-elf/4.1.2\libgcc.a(_div_df.o)
                0x00808c14                __divdf3
 .text          0x00808e6c       0x88 c:/altera/12.1sp1/nios2eds/bin/gnu/h-i686-mingw32/bin/../lib/gcc/nios2-elf/4.1.2\libgcc.a(_eq_df.o)
                0x00808e6c                __eqdf2
 .text          0x00808ef4       0x88 c:/altera/12.1sp1/nios2eds/bin/gnu/h-i686-mingw32/bin/../lib/gcc/nios2-elf/4.1.2\libgcc.a(_ne_df.o)
                0x00808ef4                __nedf2
 .text          0x00808f7c       0x88 c:/altera/12.1sp1/nios2eds/bin/gnu/h-i686-mingw32/bin/../lib/gcc/nios2-elf/4.1.2\libgcc.a(_gt_df.o)
                0x00808f7c                __gtdf2
 .text          0x00809004       0x88 c:/altera/12.1sp1/nios2eds/bin/gnu/h-i686-mingw32/bin/../lib/gcc/nios2-elf/4.1.2\libgcc.a(_ge_df.o)
                0x00809004                __gedf2
 .text          0x0080908c       0x88 c:/altera/12.1sp1/nios2eds/bin/gnu/h-i686-mingw32/bin/../lib/gcc/nios2-elf/4.1.2\libgcc.a(_lt_df.o)
                0x0080908c                __ltdf2
 .text          0x00809114       0xf8 c:/altera/12.1sp1/nios2eds/bin/gnu/h-i686-mingw32/bin/../lib/gcc/nios2-elf/4.1.2\libgcc.a(_si_to_df.o)
                0x00809114                __floatsidf
 .text          0x0080920c       0xd8 c:/altera/12.1sp1/nios2eds/bin/gnu/h-i686-mingw32/bin/../lib/gcc/nios2-elf/4.1.2\libgcc.a(_df_to_si.o)
                0x0080920c                __fixdfsi
 .text          0x008092e4        0x0 c:/altera/12.1sp1/nios2eds/bin/gnu/h-i686-mingw32/bin/../lib/gcc/nios2-elf/4.1.2\libgcc.a(_thenan_df.o)
 .text          0x008092e4      0x194 c:/altera/12.1sp1/nios2eds/bin/gnu/h-i686-mingw32/bin/../lib/gcc/nios2-elf/4.1.2\libgcc.a(_usi_to_df.o)
                0x008092e4                __floatunsidf
 .text          0x00809478      0x14c c:/altera/12.1sp1/nios2eds/bin/gnu/h-i686-mingw32/bin/../lib/gcc/nios2-elf/4.1.2\libgcc.a(lib2-divmod.o)
                0x008094f4                __divsi3
                0x00809554                __modsi3
                0x008095b4                __udivsi3
                0x008095bc                __umodsi3
 .text          0x008095c4       0x98 c:/altera/12.1sp1/nios2eds/bin/gnu/h-i686-mingw32/bin/../lib/gcc/nios2-elf/4.1.2\libgcc.a(_muldi3.o)
                0x008095c4                __muldi3
 .text          0x0080965c        0x0 c:/altera/12.1sp1/nios2eds/bin/gnu/h-i686-mingw32/bin/../lib/gcc/nios2-elf/4.1.2\libgcc.a(_clz.o)
 .text          0x0080965c       0x80 c:/altera/12.1sp1/nios2eds/bin/gnu/h-i686-mingw32/bin/../lib/gcc/nios2-elf/4.1.2\libgcc.a(_clzsi2.o)
                0x0080965c                __clzsi2
 .text          0x008096dc      0x314 c:/altera/12.1sp1/nios2eds/bin/gnu/h-i686-mingw32/bin/../lib/gcc/nios2-elf/4.1.2\libgcc.a(_pack_df.o)
                0x008096dc                __pack_d
 .text          0x008099f0      0x138 c:/altera/12.1sp1/nios2eds/bin/gnu/h-i686-mingw32/bin/../lib/gcc/nios2-elf/4.1.2\libgcc.a(_unpack_df.o)
                0x008099f0                __unpack_d
 .text          0x00809b28       0xc8 c:/altera/12.1sp1/nios2eds/bin/gnu/h-i686-mingw32/bin/../lib/gcc/nios2-elf/4.1.2\libgcc.a(_fpcmp_parts_df.o)
                0x00809b28                __fpcmp_parts_d
 .text          0x00809bf0      0x15c ../test_bsp/\libucosii_bsp.a(alt_close.o)
                0x00809bf0                close
 .text          0x00809d4c       0x2c ../test_bsp/\libucosii_bsp.a(alt_dev.o)
 .text          0x00809d78        0x0 ../test_bsp/\libucosii_bsp.a(alt_errno.o)
 .text          0x00809d78      0x134 ../test_bsp/\libucosii_bsp.a(alt_fstat.o)
                0x00809d78                fstat
 .text          0x00809eac      0x120 ../test_bsp/\libucosii_bsp.a(alt_isatty.o)
                0x00809eac                isatty
 .text          0x00809fcc       0xec ../test_bsp/\libucosii_bsp.a(alt_load.o)
                0x00809fcc                alt_load
 .text          0x0080a0b8      0x150 ../test_bsp/\libucosii_bsp.a(alt_lseek.o)
                0x0080a0b8                lseek
 .text          0x0080a208       0xc8 ../test_bsp/\libucosii_bsp.a(alt_main.o)
                0x0080a208                alt_main
 .text          0x0080a2d0      0x180 ../test_bsp/\libucosii_bsp.a(alt_read.o)
                0x0080a2d0                read
 .text          0x0080a450       0x60 ../test_bsp/\libucosii_bsp.a(alt_release_fd.o)
                0x0080a450                alt_release_fd
 .text          0x0080a4b0       0xbc ../test_bsp/\libucosii_bsp.a(alt_sbrk.o)
                0x0080a4b0                sbrk
 .text          0x0080a56c      0x180 ../test_bsp/\libucosii_bsp.a(alt_write.o)
                0x0080a56c                write
 .text          0x0080a6ec      0x108 ../test_bsp/\libucosii_bsp.a(alt_env_lock.o)
                0x0080a6ec                __env_lock
                0x0080a798                __env_unlock
 .text          0x0080a7f4      0x1d8 ../test_bsp/\libucosii_bsp.a(alt_malloc_lock.o)
                0x0080a7f4                __malloc_lock
                0x0080a8fc                __malloc_unlock
 .text          0x0080a9cc     0x2128 ../test_bsp/\libucosii_bsp.a(os_core.o)
                0x0080a9cc                OSEventNameGet
                0x0080aafc                OSEventNameSet
                0x0080ac40                OSEventPendMulti
                0x0080b2f4                OSInit
                0x0080b348                OSIntEnter
                0x0080b3c4                OSIntExit
                0x0080b4c4                OSSchedLock
                0x0080b550                OSSchedUnlock
                0x0080b634                OSStart
                0x0080b6a4                OSStatInit
                0x0080b750                OSTimeTick
                0x0080b990                OSVersion
                0x0080b9b0                OS_Dummy
                0x0080b9cc                OS_EventTaskRdy
                0x0080bb60                OS_EventTaskWait
                0x0080bc70                OS_EventTaskWaitMulti
                0x0080bdc4                OS_EventTaskRemove
                0x0080be7c                OS_EventTaskRemoveMulti
                0x0080bf80                OS_EventWaitListInit
                0x0080c34c                OS_MemClr
                0x0080c3a0                OS_MemCopy
                0x0080c40c                OS_Sched
                0x0080c550                OS_StrCopy
                0x0080c5d0                OS_StrLen
                0x0080c628                OS_TaskIdle
                0x0080c684                OS_TaskStat
                0x0080c74c                OS_TaskStatStkChk
                0x0080c814                OS_TCBInit
 .text          0x0080caf4      0x18c ../test_bsp/\libucosii_bsp.a(os_dbg.o)
                0x0080caf4                OSDebugInit
 .text          0x0080cc80     0x193c ../test_bsp/\libucosii_bsp.a(os_flag.o)
                0x0080cc80                OSFlagAccept
                0x0080cfb4                OSFlagCreate
                0x0080d0f0                OSFlagDel
                0x0080d398                OSFlagNameGet
                0x0080d4dc                OSFlagNameSet
                0x0080d630                OSFlagPend
                0x0080dc74                OSFlagPendGetFlagsRdy
                0x0080dcdc                OSFlagPost
                0x0080e084                OSFlagQuery
                0x0080e31c                OS_FlagInit
                0x0080e510                OS_FlagUnlink
 .text          0x0080e5bc      0x808 ../test_bsp/\libucosii_bsp.a(os_mem.o)
                0x0080e5bc                OSMemCreate
                0x0080e7d8                OSMemGet
                0x0080e8dc                OSMemNameGet
                0x0080e9e8                OSMemNameSet
                0x0080eb08                OSMemPut
                0x0080ebf8                OSMemQuery
                0x0080ecf4                OS_MemInit
 .text          0x0080edc4     0x1334 ../test_bsp/\libucosii_bsp.a(os_q.o)
                0x0080edc4                OSQAccept
                0x0080ef18                OSQCreate
                0x0080f12c                OSQDel
                0x0080f42c                OSQFlush
                0x0080f4f4                OSQPend
                0x0080f814                OSQPendAbort
                0x0080f990                OSQPost
                0x0080fb10                OSQPostFront
                0x0080fc98                OSQPostOpt
                0x0080fecc                OSQQuery
                0x0081004c                OS_QInit
 .text          0x008100f8      0xbc8 ../test_bsp/\libucosii_bsp.a(os_sem.o)
                0x008100f8                OSSemAccept
                0x008101b8                OSSemCreate
                0x008102cc                OSSemDel
                0x0081056c                OSSemPend
                0x008107e8                OSSemPendAbort
                0x00810964                OSSemPost
                0x00810a8c                OSSemQuery
                0x00810bbc                OSSemSet
 .text          0x00810cc0     0x1a40 ../test_bsp/\libucosii_bsp.a(os_task.o)
                0x00810cc0                OSTaskChangePrio
                0x00811234                OSTaskCreate
                0x00811408                OSTaskCreateExt
                0x00811608                OSTaskDel
                0x00811a14                OSTaskDelReq
                0x00811b84                OSTaskNameGet
                0x00811d3c                OSTaskNameSet
                0x00811f00                OSTaskResume
                0x00812118                OSTaskStkChk
                0x00812314                OSTaskSuspend
                0x00812540                OSTaskQuery
                0x00812684                OS_TaskStkClr
 .text          0x00812700      0x598 ../test_bsp/\libucosii_bsp.a(os_time.o)
                0x00812700                OSTimeDly
                0x0081284c                OSTimeDlyHMSM
                0x008129c0                OSTimeDlyResume
                0x00812bd0                OSTimeGet
                0x00812c34                OSTimeSet
 .text          0x00812c98       0xe0 ../test_bsp/\libucosii_bsp.a(alt_sys_init.o)
                0x00812c98                alt_irq_init
                0x00812ccc                alt_sys_init
 .text          0x00812d78      0x148 ../test_bsp/\libucosii_bsp.a(altera_avalon_jtag_uart_fd.o)
                0x00812d78                altera_avalon_jtag_uart_read_fd
                0x00812dd0                altera_avalon_jtag_uart_write_fd
                0x00812e28                altera_avalon_jtag_uart_close_fd
                0x00812e70                altera_avalon_jtag_uart_ioctl_fd
 .text          0x00812ec0      0x584 ../test_bsp/\libucosii_bsp.a(altera_avalon_jtag_uart_init.o)
                0x00812ec0                altera_avalon_jtag_uart_init
                0x008133d0                altera_avalon_jtag_uart_close
 .text          0x00813444       0xf4 ../test_bsp/\libucosii_bsp.a(altera_avalon_jtag_uart_ioctl.o)
                0x00813444                altera_avalon_jtag_uart_ioctl
 .text          0x00813538      0x2c0 ../test_bsp/\libucosii_bsp.a(altera_avalon_jtag_uart_read.o)
                0x00813538                altera_avalon_jtag_uart_read
 .text          0x008137f8      0x2dc ../test_bsp/\libucosii_bsp.a(altera_avalon_jtag_uart_write.o)
                0x008137f8                altera_avalon_jtag_uart_write
 .text          0x00813ad4      0x100 ../test_bsp/\libucosii_bsp.a(altera_avalon_timer_sc.o)
                0x00813b44                alt_avalon_timer_sc_init
 .text          0x00813bd4      0x530 ../test_bsp/\libucosii_bsp.a(altera_up_avalon_character_lcd.o)
                0x00813bd4                get_DDRAM_addr
                0x00813c50                alt_up_character_lcd_send_cmd
                0x00813c84                alt_up_character_lcd_init
                0x00813cb8                alt_up_character_lcd_open_dev
                0x00813cf8                alt_up_character_lcd_write
                0x00813d70                alt_up_character_lcd_string
                0x00813de8                alt_up_character_lcd_write_fd
                0x00813e34                alt_up_character_lcd_set_cursor_pos
                0x00813eac                alt_up_character_lcd_shift_cursor
                0x00813f5c                alt_up_character_lcd_shift_display
                0x0081400c                alt_up_character_lcd_erase_pos
                0x0081409c                alt_up_character_lcd_cursor_off
                0x008140d0                alt_up_character_lcd_cursor_blink_on
 .text          0x00814104      0x154 ../test_bsp/\libucosii_bsp.a(alt_alarm_start.o)
                0x00814104                alt_alarm_start
 .text          0x00814258       0x44 ../test_bsp/\libucosii_bsp.a(alt_dcache_flush_all.o)
                0x00814258                alt_dcache_flush_all
 .text          0x0081429c      0x114 ../test_bsp/\libucosii_bsp.a(alt_dev_llist_insert.o)
                0x0081429c                alt_dev_llist_insert
 .text          0x008143b0       0x64 ../test_bsp/\libucosii_bsp.a(alt_do_ctors.o)
                0x008143b0                _do_ctors
 .text          0x00814414       0x64 ../test_bsp/\libucosii_bsp.a(alt_do_dtors.o)
                0x00814414                _do_dtors
 .text          0x00814478       0x94 ../test_bsp/\libucosii_bsp.a(alt_find_dev.o)
                0x00814478                alt_find_dev
 .text          0x0081450c       0x30 ../test_bsp/\libucosii_bsp.a(alt_icache_flush_all.o)
                0x0081450c                alt_icache_flush_all
 .text          0x0081453c      0x1d4 ../test_bsp/\libucosii_bsp.a(alt_iic.o)
                0x0081453c                alt_ic_isr_register
                0x0081458c                alt_ic_irq_enable
                0x00814628                alt_ic_irq_disable
                0x008146c8                alt_ic_irq_enabled
 .text          0x00814710       0xf8 ../test_bsp/\libucosii_bsp.a(alt_iic_isr_register.o)
                0x00814710                alt_iic_isr_register
 .text          0x00814808      0x13c ../test_bsp/\libucosii_bsp.a(alt_io_redirect.o)
                0x008148cc                alt_io_redirect
 .text          0x00814944        0x0 ../test_bsp/\libucosii_bsp.a(alt_irq_entry.o)
 .text          0x00814944        0x0 ../test_bsp/\libucosii_bsp.a(alt_irq_handler.o)
 .text          0x00814944        0x0 ../test_bsp/\libucosii_bsp.a(alt_irq_vars.o)
 .text          0x00814944      0x2c4 ../test_bsp/\libucosii_bsp.a(alt_open.o)
                0x00814a20                open
 .text          0x00814c08      0x1a8 ../test_bsp/\libucosii_bsp.a(alt_tick.o)
                0x00814c08                alt_alarm_stop
                0x00814ca0                alt_tick
 .text          0x00814db0       0x20 ../test_bsp/\libucosii_bsp.a(altera_nios2_qsys_irq.o)
                0x00814db0                altera_nios2_qsys_irq_init
 .text          0x00814dd0       0xd0 ../test_bsp/\libucosii_bsp.a(os_cpu_a.o)
                0x00814dd0                OSCtxSw
                0x00814dd0                OSIntCtxSw
                0x00814e5c                OSStartHighRdy
                0x00814e7c                OSStartTsk
 .text          0x00814ea0      0x418 ../test_bsp/\libucosii_bsp.a(os_cpu_c.o)
                0x00814ea0                OSTaskStkInit
                0x008151b0                OSTaskCreateHook
                0x008151d0                OSTaskDelHook
                0x008151f0                OSTaskSwHook
                0x0081520c                OSTaskStatHook
                0x00815228                OSTimeTickHook
                0x00815244                OSInitHookBegin
                0x00815260                OSInitHookEnd
                0x0081527c                OSTaskIdleHook
                0x00815298                OSTCBInitHook
 .text          0x008152b8        0x0 ../test_bsp/\libucosii_bsp.a(alt_exception_entry.o)
 .text          0x008152b8      0x120 ../test_bsp/\libucosii_bsp.a(alt_find_file.o)
                0x008152b8                alt_find_file
 .text          0x008153d8       0xf4 ../test_bsp/\libucosii_bsp.a(alt_get_fd.o)
                0x008153d8                alt_get_fd
 .text          0x008154cc       0x90 ../test_bsp/\libucosii_bsp.a(alt_icache_flush.o)
                0x008154cc                alt_icache_flush
 .text          0x0081555c       0x14 c:/altera/12.1sp1/nios2eds/bin/gnu/h-i686-mingw32/bin/../lib/gcc/nios2-elf/4.1.2/../../../../nios2-elf/lib\libc.a(lib_a-atexit.o)
                0x0081555c                atexit
 .text          0x00815570       0x38 c:/altera/12.1sp1/nios2eds/bin/gnu/h-i686-mingw32/bin/../lib/gcc/nios2-elf/4.1.2/../../../../nios2-elf/lib\libc.a(lib_a-exit.o)
                0x00815570                exit
 .text          0x008155a8       0x74 c:/altera/12.1sp1/nios2eds/bin/gnu/h-i686-mingw32/bin/../lib/gcc/nios2-elf/4.1.2/../../../../nios2-elf/lib\libc.a(lib_a-memcmp.o)
                0x008155a8                memcmp
 .text          0x0081561c      0x134 c:/altera/12.1sp1/nios2eds/bin/gnu/h-i686-mingw32/bin/../lib/gcc/nios2-elf/4.1.2/../../../../nios2-elf/lib\libc.a(lib_a-__atexit.o)
                0x0081561c                __register_exitproc
 .text          0x00815750      0x1b4 c:/altera/12.1sp1/nios2eds/bin/gnu/h-i686-mingw32/bin/../lib/gcc/nios2-elf/4.1.2/../../../../nios2-elf/lib\libc.a(lib_a-__call_atexit.o)
                0x00815754                __call_exitprocs
 .text          0x00815904       0x6c ../test_bsp/\libucosii_bsp.a(alt_exit.o)
                0x00815944                _exit
 *(.gnu.warning.*)
 *(.fini)
                0x00815970                PROVIDE (__etext, ABSOLUTE (.))
                0x00815970                PROVIDE (_etext, ABSOLUTE (.))
                0x00815970                PROVIDE (etext, ABSOLUTE (.))
 *(.eh_frame_hdr)
                0x00815970                . = ALIGN (0x4)
                0x00815970                PROVIDE (__preinit_array_start, ABSOLUTE (.))
 *(.preinit_array)
                0x00815970                PROVIDE (__preinit_array_end, ABSOLUTE (.))
                0x00815970                PROVIDE (__init_array_start, ABSOLUTE (.))
 *(.init_array)
                0x00815970                PROVIDE (__init_array_end, ABSOLUTE (.))
                0x00815970                PROVIDE (__fini_array_start, ABSOLUTE (.))
 *(.fini_array)
                0x00815970                PROVIDE (__fini_array_end, ABSOLUTE (.))
 *(.eh_frame)
 *(.gcc_except_table)
 *(.dynamic)
                0x00815970                PROVIDE (__CTOR_LIST__, ABSOLUTE (.))
 *(.ctors)
 *(SORT(.ctors.*))
 .ctors.65535   0x00815970        0x4 c:/altera/12.1sp1/nios2eds/bin/gnu/h-i686-mingw32/bin/../lib/gcc/nios2-elf/4.1.2/../../../../nios2-elf/lib\libc.a(lib_a-__call_atexit.o)
                0x00815974                PROVIDE (__CTOR_END__, ABSOLUTE (.))
                0x00815974                PROVIDE (__DTOR_LIST__, ABSOLUTE (.))
 *(.dtors)
 *(SORT(.dtors.*))
                0x00815974                PROVIDE (__DTOR_END__, ABSOLUTE (.))
 *(.jcr)
                0x00815974                . = ALIGN (0x4)

.rodata         0x00815974      0x4cc
                0x00815974                PROVIDE (__ram_rodata_start, ABSOLUTE (.))
                0x00815974                . = ALIGN (0x4)
 *(.rodata .rodata.* .gnu.linkonce.r.*)
 .rodata        0x00815974       0x4c obj/default/hello_ucosii.o
 .rodata.str1.4
                0x008159c0        0x2 c:/altera/12.1sp1/nios2eds/bin/gnu/h-i686-mingw32/bin/../lib/gcc/nios2-elf/4.1.2/../../../../nios2-elf/lib\libc.a(lib_a-puts.o)
                                  0x4 (size before relaxing)
 *fill*         0x008159c2        0x2 00
 .rodata.str1.4
                0x008159c4       0x5e c:/altera/12.1sp1/nios2eds/bin/gnu/h-i686-mingw32/bin/../lib/gcc/nios2-elf/4.1.2/../../../../nios2-elf/lib\libc.a(lib_a-vfprintf.o)
                                 0x60 (size before relaxing)
 .rodata        0x00815a22       0x20 c:/altera/12.1sp1/nios2eds/bin/gnu/h-i686-mingw32/bin/../lib/gcc/nios2-elf/4.1.2/../../../../nios2-elf/lib\libc.a(lib_a-vfprintf.o)
 *fill*         0x00815a42        0x2 00
 .rodata.str1.4
                0x00815a44       0x10 c:/altera/12.1sp1/nios2eds/bin/gnu/h-i686-mingw32/bin/../lib/gcc/nios2-elf/4.1.2/../../../../nios2-elf/lib\libc.a(lib_a-dtoa.o)
                                 0x14 (size before relaxing)
 .rodata.str1.4
                0x00815a54        0x2 c:/altera/12.1sp1/nios2eds/bin/gnu/h-i686-mingw32/bin/../lib/gcc/nios2-elf/4.1.2/../../../../nios2-elf/lib\libc.a(lib_a-impure.o)
                                  0x4 (size before relaxing)
 *fill*         0x00815a56        0x2 00
 .rodata.str1.4
                0x00815a58       0x10 c:/altera/12.1sp1/nios2eds/bin/gnu/h-i686-mingw32/bin/../lib/gcc/nios2-elf/4.1.2/../../../../nios2-elf/lib\libc.a(lib_a-locale.o)
                                 0x18 (size before relaxing)
 .rodata        0x00815a68       0x30 c:/altera/12.1sp1/nios2eds/bin/gnu/h-i686-mingw32/bin/../lib/gcc/nios2-elf/4.1.2/../../../../nios2-elf/lib\libc.a(lib_a-locale.o)
 .rodata        0x00815a98      0x124 c:/altera/12.1sp1/nios2eds/bin/gnu/h-i686-mingw32/bin/../lib/gcc/nios2-elf/4.1.2/../../../../nios2-elf/lib\libc.a(lib_a-mprec.o)
                0x00815a98                __mprec_tens
                0x00815b60                __mprec_bigtens
                0x00815b88                __mprec_tinytens
 .rodata        0x00815bbc       0x14 c:/altera/12.1sp1/nios2eds/bin/gnu/h-i686-mingw32/bin/../lib/gcc/nios2-elf/4.1.2\libgcc.a(_thenan_df.o)
                0x00815bbc                __thenan_df
 .rodata        0x00815bd0      0x100 c:/altera/12.1sp1/nios2eds/bin/gnu/h-i686-mingw32/bin/../lib/gcc/nios2-elf/4.1.2\libgcc.a(_clz.o)
                0x00815bd0                __clz_tab
 .rodata        0x00815cd0        0xc ../test_bsp/\libucosii_bsp.a(alt_dev.o)
 .rodata        0x00815cdc       0x14 ../test_bsp/\libucosii_bsp.a(alt_main.o)
 .rodata        0x00815cf0      0x120 ../test_bsp/\libucosii_bsp.a(os_core.o)
                0x00815cf0                OSUnMapTbl
 .rodata        0x00815e10       0x2c ../test_bsp/\libucosii_bsp.a(alt_sys_init.o)
 .rodata        0x00815e3c        0x4 ../test_bsp/\libucosii_bsp.a(os_cpu_c.o)
 *(.rodata1)
                0x00815e40                . = ALIGN (0x4)
                0x00815e40                PROVIDE (__ram_rodata_end, ABSOLUTE (.))
                0x00815974                PROVIDE (__flash_rodata_start, LOADADDR (.rodata))

.rwdata         0x00815e40     0x1b10 load address 0x00817950
                0x00815e40                PROVIDE (__ram_rwdata_start, ABSOLUTE (.))
                0x00815e40                . = ALIGN (0x4)
 *(.got.plt)
 *(.got)
 *(.data1)
 *(.data .data.* .gnu.linkonce.d.*)
 .data          0x00815e40        0x0 ../test_bsp//obj/HAL/src/crt0.o
 .data          0x00815e40        0x0 obj/default/hello_ucosii.o
 .data          0x00815e40        0x0 c:/altera/12.1sp1/nios2eds/bin/gnu/h-i686-mingw32/bin/../lib/gcc/nios2-elf/4.1.2/../../../../nios2-elf/lib\libc.a(lib_a-printf.o)
 .data          0x00815e40        0x0 c:/altera/12.1sp1/nios2eds/bin/gnu/h-i686-mingw32/bin/../lib/gcc/nios2-elf/4.1.2/../../../../nios2-elf/lib\libc.a(lib_a-puts.o)
 .data          0x00815e40        0x0 c:/altera/12.1sp1/nios2eds/bin/gnu/h-i686-mingw32/bin/../lib/gcc/nios2-elf/4.1.2/../../../../nios2-elf/lib\libc.a(lib_a-strlen.o)
 .data          0x00815e40        0x0 c:/altera/12.1sp1/nios2eds/bin/gnu/h-i686-mingw32/bin/../lib/gcc/nios2-elf/4.1.2/../../../../nios2-elf/lib\libc.a(lib_a-vfprintf.o)
 .data          0x00815e40        0x0 c:/altera/12.1sp1/nios2eds/bin/gnu/h-i686-mingw32/bin/../lib/gcc/nios2-elf/4.1.2/../../../../nios2-elf/lib\libc.a(lib_a-wsetup.o)
 .data          0x00815e40        0x0 c:/altera/12.1sp1/nios2eds/bin/gnu/h-i686-mingw32/bin/../lib/gcc/nios2-elf/4.1.2/../../../../nios2-elf/lib\libc.a(lib_a-dtoa.o)
 .data          0x00815e40        0x0 c:/altera/12.1sp1/nios2eds/bin/gnu/h-i686-mingw32/bin/../lib/gcc/nios2-elf/4.1.2/../../../../nios2-elf/lib\libc.a(lib_a-fflush.o)
 .data          0x00815e40        0x0 c:/altera/12.1sp1/nios2eds/bin/gnu/h-i686-mingw32/bin/../lib/gcc/nios2-elf/4.1.2/../../../../nios2-elf/lib\libc.a(lib_a-findfp.o)
 .data          0x00815e40        0x0 c:/altera/12.1sp1/nios2eds/bin/gnu/h-i686-mingw32/bin/../lib/gcc/nios2-elf/4.1.2/../../../../nios2-elf/lib\libc.a(lib_a-freer.o)
 .data          0x00815e40        0x0 c:/altera/12.1sp1/nios2eds/bin/gnu/h-i686-mingw32/bin/../lib/gcc/nios2-elf/4.1.2/../../../../nios2-elf/lib\libc.a(lib_a-fvwrite.o)
 .data          0x00815e40        0x0 c:/altera/12.1sp1/nios2eds/bin/gnu/h-i686-mingw32/bin/../lib/gcc/nios2-elf/4.1.2/../../../../nios2-elf/lib\libc.a(lib_a-fwalk.o)
 .data          0x00815e40      0x400 c:/altera/12.1sp1/nios2eds/bin/gnu/h-i686-mingw32/bin/../lib/gcc/nios2-elf/4.1.2/../../../../nios2-elf/lib\libc.a(lib_a-impure.o)
 .data          0x00816240        0xc c:/altera/12.1sp1/nios2eds/bin/gnu/h-i686-mingw32/bin/../lib/gcc/nios2-elf/4.1.2/../../../../nios2-elf/lib\libc.a(lib_a-locale.o)
                0x00816240                __lc_ctype
 .data          0x0081624c        0x0 c:/altera/12.1sp1/nios2eds/bin/gnu/h-i686-mingw32/bin/../lib/gcc/nios2-elf/4.1.2/../../../../nios2-elf/lib\libc.a(lib_a-makebuf.o)
 .data          0x0081624c      0x408 c:/altera/12.1sp1/nios2eds/bin/gnu/h-i686-mingw32/bin/../lib/gcc/nios2-elf/4.1.2/../../../../nios2-elf/lib\libc.a(lib_a-mallocr.o)
                0x0081624c                __malloc_av_
 .data          0x00816654        0x0 c:/altera/12.1sp1/nios2eds/bin/gnu/h-i686-mingw32/bin/../lib/gcc/nios2-elf/4.1.2/../../../../nios2-elf/lib\libc.a(lib_a-memchr.o)
 .data          0x00816654        0x0 c:/altera/12.1sp1/nios2eds/bin/gnu/h-i686-mingw32/bin/../lib/gcc/nios2-elf/4.1.2/../../../../nios2-elf/lib\libc.a(lib_a-memcpy.o)
 .data          0x00816654        0x0 c:/altera/12.1sp1/nios2eds/bin/gnu/h-i686-mingw32/bin/../lib/gcc/nios2-elf/4.1.2/../../../../nios2-elf/lib\libc.a(lib_a-memmove.o)
 .data          0x00816654        0x0 c:/altera/12.1sp1/nios2eds/bin/gnu/h-i686-mingw32/bin/../lib/gcc/nios2-elf/4.1.2/../../../../nios2-elf/lib\libc.a(lib_a-memset.o)
 .data          0x00816654        0x0 c:/altera/12.1sp1/nios2eds/bin/gnu/h-i686-mingw32/bin/../lib/gcc/nios2-elf/4.1.2/../../../../nios2-elf/lib\libc.a(lib_a-mprec.o)
 .data          0x00816654        0x0 c:/altera/12.1sp1/nios2eds/bin/gnu/h-i686-mingw32/bin/../lib/gcc/nios2-elf/4.1.2/../../../../nios2-elf/lib\libc.a(lib_a-reallocr.o)
 .data          0x00816654        0x0 c:/altera/12.1sp1/nios2eds/bin/gnu/h-i686-mingw32/bin/../lib/gcc/nios2-elf/4.1.2/../../../../nios2-elf/lib\libc.a(lib_a-s_isinfd.o)
 .data          0x00816654        0x0 c:/altera/12.1sp1/nios2eds/bin/gnu/h-i686-mingw32/bin/../lib/gcc/nios2-elf/4.1.2/../../../../nios2-elf/lib\libc.a(lib_a-s_isnand.o)
 .data          0x00816654        0x0 c:/altera/12.1sp1/nios2eds/bin/gnu/h-i686-mingw32/bin/../lib/gcc/nios2-elf/4.1.2/../../../../nios2-elf/lib\libc.a(lib_a-sbrkr.o)
 .data          0x00816654        0x0 c:/altera/12.1sp1/nios2eds/bin/gnu/h-i686-mingw32/bin/../lib/gcc/nios2-elf/4.1.2/../../../../nios2-elf/lib\libc.a(lib_a-stdio.o)
 .data          0x00816654        0x0 c:/altera/12.1sp1/nios2eds/bin/gnu/h-i686-mingw32/bin/../lib/gcc/nios2-elf/4.1.2/../../../../nios2-elf/lib\libc.a(lib_a-strcmp.o)
 .data          0x00816654        0x0 c:/altera/12.1sp1/nios2eds/bin/gnu/h-i686-mingw32/bin/../lib/gcc/nios2-elf/4.1.2/../../../../nios2-elf/lib\libc.a(lib_a-writer.o)
 .data          0x00816654        0x0 c:/altera/12.1sp1/nios2eds/bin/gnu/h-i686-mingw32/bin/../lib/gcc/nios2-elf/4.1.2/../../../../nios2-elf/lib\libc.a(lib_a-callocr.o)
 .data          0x00816654        0x0 c:/altera/12.1sp1/nios2eds/bin/gnu/h-i686-mingw32/bin/../lib/gcc/nios2-elf/4.1.2/../../../../nios2-elf/lib\libc.a(lib_a-closer.o)
 .data          0x00816654        0x0 c:/altera/12.1sp1/nios2eds/bin/gnu/h-i686-mingw32/bin/../lib/gcc/nios2-elf/4.1.2/../../../../nios2-elf/lib\libc.a(lib_a-fclose.o)
 .data          0x00816654        0x0 c:/altera/12.1sp1/nios2eds/bin/gnu/h-i686-mingw32/bin/../lib/gcc/nios2-elf/4.1.2/../../../../nios2-elf/lib\libc.a(lib_a-fstatr.o)
 .data          0x00816654        0x0 c:/altera/12.1sp1/nios2eds/bin/gnu/h-i686-mingw32/bin/../lib/gcc/nios2-elf/4.1.2/../../../../nios2-elf/lib\libc.a(lib_a-int_errno.o)
 .data          0x00816654        0x0 c:/altera/12.1sp1/nios2eds/bin/gnu/h-i686-mingw32/bin/../lib/gcc/nios2-elf/4.1.2/../../../../nios2-elf/lib\libc.a(lib_a-isattyr.o)
 .data          0x00816654        0x0 c:/altera/12.1sp1/nios2eds/bin/gnu/h-i686-mingw32/bin/../lib/gcc/nios2-elf/4.1.2/../../../../nios2-elf/lib\libc.a(lib_a-lseekr.o)
 .data          0x00816654        0x0 c:/altera/12.1sp1/nios2eds/bin/gnu/h-i686-mingw32/bin/../lib/gcc/nios2-elf/4.1.2/../../../../nios2-elf/lib\libc.a(lib_a-readr.o)
 .data          0x00816654        0x0 c:/altera/12.1sp1/nios2eds/bin/gnu/h-i686-mingw32/bin/../lib/gcc/nios2-elf/4.1.2\libgcc.a(_udivdi3.o)
 .data          0x00816654        0x0 c:/altera/12.1sp1/nios2eds/bin/gnu/h-i686-mingw32/bin/../lib/gcc/nios2-elf/4.1.2\libgcc.a(_umoddi3.o)
 .data          0x00816654        0x0 c:/altera/12.1sp1/nios2eds/bin/gnu/h-i686-mingw32/bin/../lib/gcc/nios2-elf/4.1.2\libgcc.a(_addsub_df.o)
 .data          0x00816654        0x0 c:/altera/12.1sp1/nios2eds/bin/gnu/h-i686-mingw32/bin/../lib/gcc/nios2-elf/4.1.2\libgcc.a(_mul_df.o)
 .data          0x00816654        0x0 c:/altera/12.1sp1/nios2eds/bin/gnu/h-i686-mingw32/bin/../lib/gcc/nios2-elf/4.1.2\libgcc.a(_div_df.o)
 .data          0x00816654        0x0 c:/altera/12.1sp1/nios2eds/bin/gnu/h-i686-mingw32/bin/../lib/gcc/nios2-elf/4.1.2\libgcc.a(_eq_df.o)
 .data          0x00816654        0x0 c:/altera/12.1sp1/nios2eds/bin/gnu/h-i686-mingw32/bin/../lib/gcc/nios2-elf/4.1.2\libgcc.a(_ne_df.o)
 .data          0x00816654        0x0 c:/altera/12.1sp1/nios2eds/bin/gnu/h-i686-mingw32/bin/../lib/gcc/nios2-elf/4.1.2\libgcc.a(_gt_df.o)
 .data          0x00816654        0x0 c:/altera/12.1sp1/nios2eds/bin/gnu/h-i686-mingw32/bin/../lib/gcc/nios2-elf/4.1.2\libgcc.a(_ge_df.o)
 .data          0x00816654        0x0 c:/altera/12.1sp1/nios2eds/bin/gnu/h-i686-mingw32/bin/../lib/gcc/nios2-elf/4.1.2\libgcc.a(_lt_df.o)
 .data          0x00816654        0x0 c:/altera/12.1sp1/nios2eds/bin/gnu/h-i686-mingw32/bin/../lib/gcc/nios2-elf/4.1.2\libgcc.a(_si_to_df.o)
 .data          0x00816654        0x0 c:/altera/12.1sp1/nios2eds/bin/gnu/h-i686-mingw32/bin/../lib/gcc/nios2-elf/4.1.2\libgcc.a(_df_to_si.o)
 .data          0x00816654        0x0 c:/altera/12.1sp1/nios2eds/bin/gnu/h-i686-mingw32/bin/../lib/gcc/nios2-elf/4.1.2\libgcc.a(_thenan_df.o)
 .data          0x00816654        0x0 c:/altera/12.1sp1/nios2eds/bin/gnu/h-i686-mingw32/bin/../lib/gcc/nios2-elf/4.1.2\libgcc.a(_usi_to_df.o)
 .data          0x00816654        0x0 c:/altera/12.1sp1/nios2eds/bin/gnu/h-i686-mingw32/bin/../lib/gcc/nios2-elf/4.1.2\libgcc.a(lib2-divmod.o)
 .data          0x00816654        0x0 c:/altera/12.1sp1/nios2eds/bin/gnu/h-i686-mingw32/bin/../lib/gcc/nios2-elf/4.1.2\libgcc.a(_muldi3.o)
 .data          0x00816654        0x0 c:/altera/12.1sp1/nios2eds/bin/gnu/h-i686-mingw32/bin/../lib/gcc/nios2-elf/4.1.2\libgcc.a(_clz.o)
 .data          0x00816654        0x0 c:/altera/12.1sp1/nios2eds/bin/gnu/h-i686-mingw32/bin/../lib/gcc/nios2-elf/4.1.2\libgcc.a(_clzsi2.o)
 .data          0x00816654        0x0 c:/altera/12.1sp1/nios2eds/bin/gnu/h-i686-mingw32/bin/../lib/gcc/nios2-elf/4.1.2\libgcc.a(_pack_df.o)
 .data          0x00816654        0x0 c:/altera/12.1sp1/nios2eds/bin/gnu/h-i686-mingw32/bin/../lib/gcc/nios2-elf/4.1.2\libgcc.a(_unpack_df.o)
 .data          0x00816654        0x0 c:/altera/12.1sp1/nios2eds/bin/gnu/h-i686-mingw32/bin/../lib/gcc/nios2-elf/4.1.2\libgcc.a(_fpcmp_parts_df.o)
 .data          0x00816654        0x0 ../test_bsp/\libucosii_bsp.a(alt_close.o)
 .data          0x00816654      0x1a8 ../test_bsp/\libucosii_bsp.a(alt_dev.o)
                0x00816654                alt_dev_null
                0x0081667c                alt_fd_list
 .data          0x008167fc        0x0 ../test_bsp/\libucosii_bsp.a(alt_errno.o)
 .data          0x008167fc        0x0 ../test_bsp/\libucosii_bsp.a(alt_fstat.o)
 .data          0x008167fc        0x0 ../test_bsp/\libucosii_bsp.a(alt_isatty.o)
 .data          0x008167fc        0x0 ../test_bsp/\libucosii_bsp.a(alt_load.o)
 .data          0x008167fc        0x0 ../test_bsp/\libucosii_bsp.a(alt_lseek.o)
 .data          0x008167fc        0x0 ../test_bsp/\libucosii_bsp.a(alt_main.o)
 .data          0x008167fc        0x0 ../test_bsp/\libucosii_bsp.a(alt_read.o)
 .data          0x008167fc        0x0 ../test_bsp/\libucosii_bsp.a(alt_release_fd.o)
 .data          0x008167fc        0x0 ../test_bsp/\libucosii_bsp.a(alt_sbrk.o)
 .data          0x008167fc        0x0 ../test_bsp/\libucosii_bsp.a(alt_write.o)
 .data          0x008167fc        0x0 ../test_bsp/\libucosii_bsp.a(alt_env_lock.o)
 .data          0x008167fc        0x0 ../test_bsp/\libucosii_bsp.a(alt_malloc_lock.o)
 .data          0x008167fc        0x0 ../test_bsp/\libucosii_bsp.a(os_core.o)
 .data          0x008167fc        0x0 ../test_bsp/\libucosii_bsp.a(os_dbg.o)
 .data          0x008167fc        0x0 ../test_bsp/\libucosii_bsp.a(os_flag.o)
 .data          0x008167fc        0x0 ../test_bsp/\libucosii_bsp.a(os_mem.o)
 .data          0x008167fc        0x0 ../test_bsp/\libucosii_bsp.a(os_q.o)
 .data          0x008167fc        0x0 ../test_bsp/\libucosii_bsp.a(os_sem.o)
 .data          0x008167fc        0x0 ../test_bsp/\libucosii_bsp.a(os_task.o)
 .data          0x008167fc        0x0 ../test_bsp/\libucosii_bsp.a(os_time.o)
 .data          0x008167fc     0x1098 ../test_bsp/\libucosii_bsp.a(alt_sys_init.o)
 .data          0x00817894        0x0 ../test_bsp/\libucosii_bsp.a(altera_avalon_jtag_uart_fd.o)
 .data          0x00817894        0x0 ../test_bsp/\libucosii_bsp.a(altera_avalon_jtag_uart_init.o)
 .data          0x00817894        0x0 ../test_bsp/\libucosii_bsp.a(altera_avalon_jtag_uart_ioctl.o)
 .data          0x00817894        0x0 ../test_bsp/\libucosii_bsp.a(altera_avalon_jtag_uart_read.o)
 .data          0x00817894        0x0 ../test_bsp/\libucosii_bsp.a(altera_avalon_jtag_uart_write.o)
 .data          0x00817894        0x0 ../test_bsp/\libucosii_bsp.a(altera_avalon_timer_sc.o)
 .data          0x00817894        0x0 ../test_bsp/\libucosii_bsp.a(altera_up_avalon_character_lcd.o)
 .data          0x00817894        0x0 ../test_bsp/\libucosii_bsp.a(alt_alarm_start.o)
 .data          0x00817894        0x0 ../test_bsp/\libucosii_bsp.a(alt_dcache_flush_all.o)
 .data          0x00817894        0x0 ../test_bsp/\libucosii_bsp.a(alt_dev_llist_insert.o)
 .data          0x00817894        0x0 ../test_bsp/\libucosii_bsp.a(alt_do_ctors.o)
 .data          0x00817894        0x0 ../test_bsp/\libucosii_bsp.a(alt_do_dtors.o)
 .data          0x00817894        0x0 ../test_bsp/\libucosii_bsp.a(alt_find_dev.o)
 .data          0x00817894        0x0 ../test_bsp/\libucosii_bsp.a(alt_icache_flush_all.o)
 .data          0x00817894        0x0 ../test_bsp/\libucosii_bsp.a(alt_iic.o)
 .data          0x00817894        0x0 ../test_bsp/\libucosii_bsp.a(alt_iic_isr_register.o)
 .data          0x00817894        0x0 ../test_bsp/\libucosii_bsp.a(alt_io_redirect.o)
 .data          0x00817894        0x0 ../test_bsp/\libucosii_bsp.a(alt_irq_entry.o)
 .data          0x00817894        0x0 ../test_bsp/\libucosii_bsp.a(alt_irq_handler.o)
 .data          0x00817894        0x0 ../test_bsp/\libucosii_bsp.a(alt_irq_vars.o)
 .data          0x00817894        0x0 ../test_bsp/\libucosii_bsp.a(alt_open.o)
 .data          0x00817894        0x0 ../test_bsp/\libucosii_bsp.a(alt_tick.o)
 .data          0x00817894        0x0 ../test_bsp/\libucosii_bsp.a(altera_nios2_qsys_irq.o)
 .data          0x00817894        0x0 ../test_bsp/\libucosii_bsp.a(os_cpu_a.o)
 .data          0x00817894        0x0 ../test_bsp/\libucosii_bsp.a(os_cpu_c.o)
 .data          0x00817894        0x0 ../test_bsp/\libucosii_bsp.a(alt_exception_entry.o)
 .data          0x00817894        0x0 ../test_bsp/\libucosii_bsp.a(alt_find_file.o)
 .data          0x00817894        0x0 ../test_bsp/\libucosii_bsp.a(alt_get_fd.o)
 .data          0x00817894        0x0 ../test_bsp/\libucosii_bsp.a(alt_icache_flush.o)
 .data          0x00817894        0x0 c:/altera/12.1sp1/nios2eds/bin/gnu/h-i686-mingw32/bin/../lib/gcc/nios2-elf/4.1.2/../../../../nios2-elf/lib\libc.a(lib_a-atexit.o)
 .data          0x00817894        0x0 c:/altera/12.1sp1/nios2eds/bin/gnu/h-i686-mingw32/bin/../lib/gcc/nios2-elf/4.1.2/../../../../nios2-elf/lib\libc.a(lib_a-exit.o)
 .data          0x00817894        0x0 c:/altera/12.1sp1/nios2eds/bin/gnu/h-i686-mingw32/bin/../lib/gcc/nios2-elf/4.1.2/../../../../nios2-elf/lib\libc.a(lib_a-memcmp.o)
 .data          0x00817894        0x0 c:/altera/12.1sp1/nios2eds/bin/gnu/h-i686-mingw32/bin/../lib/gcc/nios2-elf/4.1.2/../../../../nios2-elf/lib\libc.a(lib_a-__atexit.o)
 .data          0x00817894        0x0 c:/altera/12.1sp1/nios2eds/bin/gnu/h-i686-mingw32/bin/../lib/gcc/nios2-elf/4.1.2/../../../../nios2-elf/lib\libc.a(lib_a-__call_atexit.o)
 .data          0x00817894        0x0 ../test_bsp/\libucosii_bsp.a(alt_exit.o)
                0x0081f894                _gp = ABSOLUTE ((. + 0x8000))
                0x0081f894                PROVIDE (gp, _gp)
 *(.rwdata .rwdata.*)
 *(.sdata .sdata.* .gnu.linkonce.s.*)
 .sdata         0x00817894        0x8 c:/altera/12.1sp1/nios2eds/bin/gnu/h-i686-mingw32/bin/../lib/gcc/nios2-elf/4.1.2/../../../../nios2-elf/lib\libc.a(lib_a-impure.o)
                0x00817894                _impure_ptr
                0x00817898                _global_impure_ptr
 .sdata         0x0081789c        0x8 c:/altera/12.1sp1/nios2eds/bin/gnu/h-i686-mingw32/bin/../lib/gcc/nios2-elf/4.1.2/../../../../nios2-elf/lib\libc.a(lib_a-locale.o)
                0x0081789c                __mb_cur_max
 .sdata         0x008178a4        0x8 c:/altera/12.1sp1/nios2eds/bin/gnu/h-i686-mingw32/bin/../lib/gcc/nios2-elf/4.1.2/../../../../nios2-elf/lib\libc.a(lib_a-mallocr.o)
                0x008178a4                __malloc_trim_threshold
                0x008178a8                __malloc_sbrk_base
 .sdata         0x008178ac       0x14 ../test_bsp/\libucosii_bsp.a(alt_dev.o)
                0x008178ac                alt_fs_list
                0x008178b4                alt_dev_list
                0x008178bc                alt_max_fd
 .sdata         0x008178c0        0x4 ../test_bsp/\libucosii_bsp.a(alt_errno.o)
                0x008178c0                alt_errno
 .sdata         0x008178c4        0x4 ../test_bsp/\libucosii_bsp.a(alt_sbrk.o)
 .sdata         0x008178c8        0x4 ../test_bsp/\libucosii_bsp.a(alt_env_lock.o)
 .sdata         0x008178cc        0x4 ../test_bsp/\libucosii_bsp.a(alt_malloc_lock.o)
 .sdata         0x008178d0       0x74 ../test_bsp/\libucosii_bsp.a(os_dbg.o)
                0x008178d0                OSDebugEn
                0x008178d4                OSEndiannessTest
                0x008178d8                OSEventEn
                0x008178da                OSEventMax
                0x008178dc                OSEventNameSize
                0x008178de                OSEventSize
                0x008178e0                OSEventTblSize
                0x008178e2                OSEventMultiEn
                0x008178e4                OSFlagEn
                0x008178e6                OSFlagGrpSize
                0x008178e8                OSFlagNodeSize
                0x008178ea                OSFlagWidth
                0x008178ec                OSFlagMax
                0x008178ee                OSFlagNameSize
                0x008178f0                OSLowestPrio
                0x008178f2                OSMboxEn
                0x008178f4                OSMemEn
                0x008178f6                OSMemMax
                0x008178f8                OSMemNameSize
                0x008178fa                OSMemSize
                0x008178fc                OSMemTblSize
                0x008178fe                OSMutexEn
                0x00817900                OSPtrSize
                0x00817902                OSQEn
                0x00817904                OSQMax
                0x00817906                OSQSize
                0x00817908                OSRdyTblSize
                0x0081790a                OSSemEn
                0x0081790c                OSStkWidth
                0x0081790e                OSTaskCreateEn
                0x00817910                OSTaskCreateExtEn
                0x00817912                OSTaskDelEn
                0x00817914                OSTaskIdleStkSize
                0x00817916                OSTaskProfileEn
                0x00817918                OSTaskMax
                0x0081791a                OSTaskNameSize
                0x0081791c                OSTaskStatEn
                0x0081791e                OSTaskStatStkSize
                0x00817920                OSTaskStatStkChkEn
                0x00817922                OSTaskSwHookEn
                0x00817924                OSTCBPrioTblMax
                0x00817926                OSTCBSize
                0x00817928                OSTicksPerSec
                0x0081792a                OSTimeTickHookEn
                0x0081792c                OSVersionNbr
                0x0081792e                OSTmrEn
                0x00817930                OSTmrCfgMax
                0x00817932                OSTmrCfgNameSize
                0x00817934                OSTmrCfgWheelSize
                0x00817936                OSTmrCfgTicksPerSec
                0x00817938                OSTmrSize
                0x0081793a                OSTmrTblSize
                0x0081793c                OSTmrWheelSize
                0x0081793e                OSTmrWheelTblSize
                0x00817940                OSDataSize
 .sdata         0x00817944        0x4 ../test_bsp/\libucosii_bsp.a(alt_irq_vars.o)
                0x00817944                alt_priority_mask
 .sdata         0x00817948        0x8 ../test_bsp/\libucosii_bsp.a(alt_tick.o)
                0x00817948                alt_alarm_list
 *(.sdata2 .sdata2.* .gnu.linkonce.s2.*)
                0x00817950                . = ALIGN (0x4)
                0x00817950                _edata = ABSOLUTE (.)
                0x00817950                PROVIDE (edata, ABSOLUTE (.))
                0x00817950                PROVIDE (__ram_rwdata_end, ABSOLUTE (.))
                0x00817950                PROVIDE (__flash_rwdata_start, LOADADDR (.rwdata))

.bss            0x00819460     0x7578
                0x00819460                __bss_start = ABSOLUTE (.)
                0x00819460                PROVIDE (__sbss_start, ABSOLUTE (.))
                0x00819460                PROVIDE (___sbss_start, ABSOLUTE (.))
 *(.dynsbss)
 *(.sbss .sbss.* .gnu.linkonce.sb.*)
 .sbss          0x00819460        0x4 obj/default/hello_ucosii.o
                0x00819460                char_lcd
 .sbss          0x00819464        0xc c:/altera/12.1sp1/nios2eds/bin/gnu/h-i686-mingw32/bin/../lib/gcc/nios2-elf/4.1.2/../../../../nios2-elf/lib\libc.a(lib_a-locale.o)
                0x00819464                __nlocale_changed
                0x00819468                __mlocale_changed
                0x0081946c                _PathLocale
 .sbss          0x00819470        0xc c:/altera/12.1sp1/nios2eds/bin/gnu/h-i686-mingw32/bin/../lib/gcc/nios2-elf/4.1.2/../../../../nios2-elf/lib\libc.a(lib_a-mallocr.o)
                0x00819470                __malloc_top_pad
                0x00819474                __malloc_max_sbrked_mem
                0x00819478                __malloc_max_total_mem
 .sbss          0x0081947c        0x4 c:/altera/12.1sp1/nios2eds/bin/gnu/h-i686-mingw32/bin/../lib/gcc/nios2-elf/4.1.2/../../../../nios2-elf/lib\libc.a(lib_a-int_errno.o)
                0x0081947c                errno
 .sbss          0x00819480        0x4 ../test_bsp/\libucosii_bsp.a(alt_dev.o)
                0x00819480                alt_fd_list_lock
 .sbss          0x00819484        0xc ../test_bsp/\libucosii_bsp.a(alt_main.o)
                0x00819484                alt_argc
                0x00819488                alt_argv
                0x0081948c                alt_envp
 .sbss          0x00819490        0x8 ../test_bsp/\libucosii_bsp.a(alt_env_lock.o)
                0x00819494                alt_envsem
 .sbss          0x00819498        0x8 ../test_bsp/\libucosii_bsp.a(alt_malloc_lock.o)
                0x0081949c                alt_heapsem
 .sbss          0x008194a0       0x50 ../test_bsp/\libucosii_bsp.a(os_core.o)
                0x008194a0                OSLockNesting
                0x008194a1                OSRunning
                0x008194a4                OSIdleCtr
                0x008194a8                OSPrioHighRdy
                0x008194a9                OSPrioCur
                0x008194ac                OSTCBList
                0x008194b0                OSTickStepState
                0x008194b4                OSCtxSwCtr
                0x008194b8                OSIdleCtrMax
                0x008194bc                OSTCBFreeList
                0x008194c0                OSCPUUsage
                0x008194c1                OSTaskCtr
                0x008194c4                OSMemFreeList
                0x008194c8                OSTCBHighRdy
                0x008194cc                OSQFreeList
                0x008194d0                OSRdyGrp
                0x008194d1                OSRdyTbl
                0x008194d4                OSEventFreeList
                0x008194d8                OSIntNesting
                0x008194dc                OSTCBCur
                0x008194e0                OSTime
                0x008194e4                OSFlagFreeList
                0x008194e8                OSStatRdy
                0x008194ec                OSIdleCtrRun
 .sbss          0x008194f0        0x4 ../test_bsp/\libucosii_bsp.a(alt_irq_vars.o)
                0x008194f0                alt_irq_active
 .sbss          0x008194f4        0x8 ../test_bsp/\libucosii_bsp.a(alt_tick.o)
                0x008194f4                _alt_tick_rate
                0x008194f8                _alt_nticks
 *(.sbss2 .sbss2.* .gnu.linkonce.sb2.*)
 *(.scommon)
                0x008194fc                PROVIDE (__sbss_end, ABSOLUTE (.))
                0x008194fc                PROVIDE (___sbss_end, ABSOLUTE (.))
 *(.dynbss)
 *(.bss .bss.* .gnu.linkonce.b.*)
 .bss           0x008194fc        0x0 ../test_bsp//obj/HAL/src/crt0.o
 .bss           0x008194fc        0x0 obj/default/hello_ucosii.o
 .bss           0x008194fc        0x0 c:/altera/12.1sp1/nios2eds/bin/gnu/h-i686-mingw32/bin/../lib/gcc/nios2-elf/4.1.2/../../../../nios2-elf/lib\libc.a(lib_a-printf.o)
 .bss           0x008194fc        0x0 c:/altera/12.1sp1/nios2eds/bin/gnu/h-i686-mingw32/bin/../lib/gcc/nios2-elf/4.1.2/../../../../nios2-elf/lib\libc.a(lib_a-puts.o)
 .bss           0x008194fc        0x0 c:/altera/12.1sp1/nios2eds/bin/gnu/h-i686-mingw32/bin/../lib/gcc/nios2-elf/4.1.2/../../../../nios2-elf/lib\libc.a(lib_a-strlen.o)
 .bss           0x008194fc        0x0 c:/altera/12.1sp1/nios2eds/bin/gnu/h-i686-mingw32/bin/../lib/gcc/nios2-elf/4.1.2/../../../../nios2-elf/lib\libc.a(lib_a-vfprintf.o)
 .bss           0x008194fc        0x0 c:/altera/12.1sp1/nios2eds/bin/gnu/h-i686-mingw32/bin/../lib/gcc/nios2-elf/4.1.2/../../../../nios2-elf/lib\libc.a(lib_a-wsetup.o)
 .bss           0x008194fc        0x0 c:/altera/12.1sp1/nios2eds/bin/gnu/h-i686-mingw32/bin/../lib/gcc/nios2-elf/4.1.2/../../../../nios2-elf/lib\libc.a(lib_a-dtoa.o)
 .bss           0x008194fc        0x0 c:/altera/12.1sp1/nios2eds/bin/gnu/h-i686-mingw32/bin/../lib/gcc/nios2-elf/4.1.2/../../../../nios2-elf/lib\libc.a(lib_a-fflush.o)
 .bss           0x008194fc        0x0 c:/altera/12.1sp1/nios2eds/bin/gnu/h-i686-mingw32/bin/../lib/gcc/nios2-elf/4.1.2/../../../../nios2-elf/lib\libc.a(lib_a-findfp.o)
 .bss           0x008194fc        0x0 c:/altera/12.1sp1/nios2eds/bin/gnu/h-i686-mingw32/bin/../lib/gcc/nios2-elf/4.1.2/../../../../nios2-elf/lib\libc.a(lib_a-freer.o)
 .bss           0x008194fc        0x0 c:/altera/12.1sp1/nios2eds/bin/gnu/h-i686-mingw32/bin/../lib/gcc/nios2-elf/4.1.2/../../../../nios2-elf/lib\libc.a(lib_a-fvwrite.o)
 .bss           0x008194fc        0x0 c:/altera/12.1sp1/nios2eds/bin/gnu/h-i686-mingw32/bin/../lib/gcc/nios2-elf/4.1.2/../../../../nios2-elf/lib\libc.a(lib_a-fwalk.o)
 .bss           0x008194fc        0x0 c:/altera/12.1sp1/nios2eds/bin/gnu/h-i686-mingw32/bin/../lib/gcc/nios2-elf/4.1.2/../../../../nios2-elf/lib\libc.a(lib_a-impure.o)
 .bss           0x008194fc        0x0 c:/altera/12.1sp1/nios2eds/bin/gnu/h-i686-mingw32/bin/../lib/gcc/nios2-elf/4.1.2/../../../../nios2-elf/lib\libc.a(lib_a-locale.o)
 .bss           0x008194fc        0x0 c:/altera/12.1sp1/nios2eds/bin/gnu/h-i686-mingw32/bin/../lib/gcc/nios2-elf/4.1.2/../../../../nios2-elf/lib\libc.a(lib_a-makebuf.o)
 .bss           0x008194fc       0x28 c:/altera/12.1sp1/nios2eds/bin/gnu/h-i686-mingw32/bin/../lib/gcc/nios2-elf/4.1.2/../../../../nios2-elf/lib\libc.a(lib_a-mallocr.o)
                0x008194fc                __malloc_current_mallinfo
 .bss           0x00819524        0x0 c:/altera/12.1sp1/nios2eds/bin/gnu/h-i686-mingw32/bin/../lib/gcc/nios2-elf/4.1.2/../../../../nios2-elf/lib\libc.a(lib_a-memchr.o)
 .bss           0x00819524        0x0 c:/altera/12.1sp1/nios2eds/bin/gnu/h-i686-mingw32/bin/../lib/gcc/nios2-elf/4.1.2/../../../../nios2-elf/lib\libc.a(lib_a-memcpy.o)
 .bss           0x00819524        0x0 c:/altera/12.1sp1/nios2eds/bin/gnu/h-i686-mingw32/bin/../lib/gcc/nios2-elf/4.1.2/../../../../nios2-elf/lib\libc.a(lib_a-memmove.o)
 .bss           0x00819524        0x0 c:/altera/12.1sp1/nios2eds/bin/gnu/h-i686-mingw32/bin/../lib/gcc/nios2-elf/4.1.2/../../../../nios2-elf/lib\libc.a(lib_a-memset.o)
 .bss           0x00819524        0x0 c:/altera/12.1sp1/nios2eds/bin/gnu/h-i686-mingw32/bin/../lib/gcc/nios2-elf/4.1.2/../../../../nios2-elf/lib\libc.a(lib_a-mprec.o)
 .bss           0x00819524        0x0 c:/altera/12.1sp1/nios2eds/bin/gnu/h-i686-mingw32/bin/../lib/gcc/nios2-elf/4.1.2/../../../../nios2-elf/lib\libc.a(lib_a-reallocr.o)
 .bss           0x00819524        0x0 c:/altera/12.1sp1/nios2eds/bin/gnu/h-i686-mingw32/bin/../lib/gcc/nios2-elf/4.1.2/../../../../nios2-elf/lib\libc.a(lib_a-s_isinfd.o)
 .bss           0x00819524        0x0 c:/altera/12.1sp1/nios2eds/bin/gnu/h-i686-mingw32/bin/../lib/gcc/nios2-elf/4.1.2/../../../../nios2-elf/lib\libc.a(lib_a-s_isnand.o)
 .bss           0x00819524        0x0 c:/altera/12.1sp1/nios2eds/bin/gnu/h-i686-mingw32/bin/../lib/gcc/nios2-elf/4.1.2/../../../../nios2-elf/lib\libc.a(lib_a-sbrkr.o)
 .bss           0x00819524        0x0 c:/altera/12.1sp1/nios2eds/bin/gnu/h-i686-mingw32/bin/../lib/gcc/nios2-elf/4.1.2/../../../../nios2-elf/lib\libc.a(lib_a-stdio.o)
 .bss           0x00819524        0x0 c:/altera/12.1sp1/nios2eds/bin/gnu/h-i686-mingw32/bin/../lib/gcc/nios2-elf/4.1.2/../../../../nios2-elf/lib\libc.a(lib_a-strcmp.o)
 .bss           0x00819524        0x0 c:/altera/12.1sp1/nios2eds/bin/gnu/h-i686-mingw32/bin/../lib/gcc/nios2-elf/4.1.2/../../../../nios2-elf/lib\libc.a(lib_a-writer.o)
 .bss           0x00819524        0x0 c:/altera/12.1sp1/nios2eds/bin/gnu/h-i686-mingw32/bin/../lib/gcc/nios2-elf/4.1.2/../../../../nios2-elf/lib\libc.a(lib_a-callocr.o)
 .bss           0x00819524        0x0 c:/altera/12.1sp1/nios2eds/bin/gnu/h-i686-mingw32/bin/../lib/gcc/nios2-elf/4.1.2/../../../../nios2-elf/lib\libc.a(lib_a-closer.o)
 .bss           0x00819524        0x0 c:/altera/12.1sp1/nios2eds/bin/gnu/h-i686-mingw32/bin/../lib/gcc/nios2-elf/4.1.2/../../../../nios2-elf/lib\libc.a(lib_a-fclose.o)
 .bss           0x00819524        0x0 c:/altera/12.1sp1/nios2eds/bin/gnu/h-i686-mingw32/bin/../lib/gcc/nios2-elf/4.1.2/../../../../nios2-elf/lib\libc.a(lib_a-fstatr.o)
 .bss           0x00819524        0x0 c:/altera/12.1sp1/nios2eds/bin/gnu/h-i686-mingw32/bin/../lib/gcc/nios2-elf/4.1.2/../../../../nios2-elf/lib\libc.a(lib_a-int_errno.o)
 .bss           0x00819524        0x0 c:/altera/12.1sp1/nios2eds/bin/gnu/h-i686-mingw32/bin/../lib/gcc/nios2-elf/4.1.2/../../../../nios2-elf/lib\libc.a(lib_a-isattyr.o)
 .bss           0x00819524        0x0 c:/altera/12.1sp1/nios2eds/bin/gnu/h-i686-mingw32/bin/../lib/gcc/nios2-elf/4.1.2/../../../../nios2-elf/lib\libc.a(lib_a-lseekr.o)
 .bss           0x00819524        0x0 c:/altera/12.1sp1/nios2eds/bin/gnu/h-i686-mingw32/bin/../lib/gcc/nios2-elf/4.1.2/../../../../nios2-elf/lib\libc.a(lib_a-readr.o)
 .bss           0x00819524        0x0 c:/altera/12.1sp1/nios2eds/bin/gnu/h-i686-mingw32/bin/../lib/gcc/nios2-elf/4.1.2\libgcc.a(_udivdi3.o)
 .bss           0x00819524        0x0 c:/altera/12.1sp1/nios2eds/bin/gnu/h-i686-mingw32/bin/../lib/gcc/nios2-elf/4.1.2\libgcc.a(_umoddi3.o)
 .bss           0x00819524        0x0 c:/altera/12.1sp1/nios2eds/bin/gnu/h-i686-mingw32/bin/../lib/gcc/nios2-elf/4.1.2\libgcc.a(_addsub_df.o)
 .bss           0x00819524        0x0 c:/altera/12.1sp1/nios2eds/bin/gnu/h-i686-mingw32/bin/../lib/gcc/nios2-elf/4.1.2\libgcc.a(_mul_df.o)
 .bss           0x00819524        0x0 c:/altera/12.1sp1/nios2eds/bin/gnu/h-i686-mingw32/bin/../lib/gcc/nios2-elf/4.1.2\libgcc.a(_div_df.o)
 .bss           0x00819524        0x0 c:/altera/12.1sp1/nios2eds/bin/gnu/h-i686-mingw32/bin/../lib/gcc/nios2-elf/4.1.2\libgcc.a(_eq_df.o)
 .bss           0x00819524        0x0 c:/altera/12.1sp1/nios2eds/bin/gnu/h-i686-mingw32/bin/../lib/gcc/nios2-elf/4.1.2\libgcc.a(_ne_df.o)
 .bss           0x00819524        0x0 c:/altera/12.1sp1/nios2eds/bin/gnu/h-i686-mingw32/bin/../lib/gcc/nios2-elf/4.1.2\libgcc.a(_gt_df.o)
 .bss           0x00819524        0x0 c:/altera/12.1sp1/nios2eds/bin/gnu/h-i686-mingw32/bin/../lib/gcc/nios2-elf/4.1.2\libgcc.a(_ge_df.o)
 .bss           0x00819524        0x0 c:/altera/12.1sp1/nios2eds/bin/gnu/h-i686-mingw32/bin/../lib/gcc/nios2-elf/4.1.2\libgcc.a(_lt_df.o)
 .bss           0x00819524        0x0 c:/altera/12.1sp1/nios2eds/bin/gnu/h-i686-mingw32/bin/../lib/gcc/nios2-elf/4.1.2\libgcc.a(_si_to_df.o)
 .bss           0x00819524        0x0 c:/altera/12.1sp1/nios2eds/bin/gnu/h-i686-mingw32/bin/../lib/gcc/nios2-elf/4.1.2\libgcc.a(_df_to_si.o)
 .bss           0x00819524        0x0 c:/altera/12.1sp1/nios2eds/bin/gnu/h-i686-mingw32/bin/../lib/gcc/nios2-elf/4.1.2\libgcc.a(_thenan_df.o)
 .bss           0x00819524        0x0 c:/altera/12.1sp1/nios2eds/bin/gnu/h-i686-mingw32/bin/../lib/gcc/nios2-elf/4.1.2\libgcc.a(_usi_to_df.o)
 .bss           0x00819524        0x0 c:/altera/12.1sp1/nios2eds/bin/gnu/h-i686-mingw32/bin/../lib/gcc/nios2-elf/4.1.2\libgcc.a(lib2-divmod.o)
 .bss           0x00819524        0x0 c:/altera/12.1sp1/nios2eds/bin/gnu/h-i686-mingw32/bin/../lib/gcc/nios2-elf/4.1.2\libgcc.a(_muldi3.o)
 .bss           0x00819524        0x0 c:/altera/12.1sp1/nios2eds/bin/gnu/h-i686-mingw32/bin/../lib/gcc/nios2-elf/4.1.2\libgcc.a(_clz.o)
 .bss           0x00819524        0x0 c:/altera/12.1sp1/nios2eds/bin/gnu/h-i686-mingw32/bin/../lib/gcc/nios2-elf/4.1.2\libgcc.a(_clzsi2.o)
 .bss           0x00819524        0x0 c:/altera/12.1sp1/nios2eds/bin/gnu/h-i686-mingw32/bin/../lib/gcc/nios2-elf/4.1.2\libgcc.a(_pack_df.o)
 .bss           0x00819524        0x0 c:/altera/12.1sp1/nios2eds/bin/gnu/h-i686-mingw32/bin/../lib/gcc/nios2-elf/4.1.2\libgcc.a(_unpack_df.o)
 .bss           0x00819524        0x0 c:/altera/12.1sp1/nios2eds/bin/gnu/h-i686-mingw32/bin/../lib/gcc/nios2-elf/4.1.2\libgcc.a(_fpcmp_parts_df.o)
 .bss           0x00819524        0x0 ../test_bsp/\libucosii_bsp.a(alt_close.o)
 .bss           0x00819524        0x0 ../test_bsp/\libucosii_bsp.a(alt_dev.o)
 .bss           0x00819524        0x0 ../test_bsp/\libucosii_bsp.a(alt_errno.o)
 .bss           0x00819524        0x0 ../test_bsp/\libucosii_bsp.a(alt_fstat.o)
 .bss           0x00819524        0x0 ../test_bsp/\libucosii_bsp.a(alt_isatty.o)
 .bss           0x00819524        0x0 ../test_bsp/\libucosii_bsp.a(alt_load.o)
 .bss           0x00819524        0x0 ../test_bsp/\libucosii_bsp.a(alt_lseek.o)
 .bss           0x00819524        0x0 ../test_bsp/\libucosii_bsp.a(alt_main.o)
 .bss           0x00819524        0x0 ../test_bsp/\libucosii_bsp.a(alt_read.o)
 .bss           0x00819524        0x0 ../test_bsp/\libucosii_bsp.a(alt_release_fd.o)
 .bss           0x00819524        0x0 ../test_bsp/\libucosii_bsp.a(alt_sbrk.o)
 .bss           0x00819524        0x0 ../test_bsp/\libucosii_bsp.a(alt_write.o)
 .bss           0x00819524        0x0 ../test_bsp/\libucosii_bsp.a(alt_env_lock.o)
 .bss           0x00819524        0x0 ../test_bsp/\libucosii_bsp.a(alt_malloc_lock.o)
 .bss           0x00819524        0x0 ../test_bsp/\libucosii_bsp.a(os_core.o)
 .bss           0x00819524        0x0 ../test_bsp/\libucosii_bsp.a(os_dbg.o)
 .bss           0x00819524        0x0 ../test_bsp/\libucosii_bsp.a(os_flag.o)
 .bss           0x00819524        0x0 ../test_bsp/\libucosii_bsp.a(os_mem.o)
 .bss           0x00819524        0x0 ../test_bsp/\libucosii_bsp.a(os_q.o)
 .bss           0x00819524        0x0 ../test_bsp/\libucosii_bsp.a(os_sem.o)
 .bss           0x00819524        0x0 ../test_bsp/\libucosii_bsp.a(os_task.o)
 .bss           0x00819524        0x0 ../test_bsp/\libucosii_bsp.a(os_time.o)
 .bss           0x00819524        0x0 ../test_bsp/\libucosii_bsp.a(alt_sys_init.o)
 .bss           0x00819524        0x0 ../test_bsp/\libucosii_bsp.a(altera_avalon_jtag_uart_fd.o)
 .bss           0x00819524        0x0 ../test_bsp/\libucosii_bsp.a(altera_avalon_jtag_uart_init.o)
 .bss           0x00819524        0x0 ../test_bsp/\libucosii_bsp.a(altera_avalon_jtag_uart_ioctl.o)
 .bss           0x00819524        0x0 ../test_bsp/\libucosii_bsp.a(altera_avalon_jtag_uart_read.o)
 .bss           0x00819524        0x0 ../test_bsp/\libucosii_bsp.a(altera_avalon_jtag_uart_write.o)
 .bss           0x00819524        0x0 ../test_bsp/\libucosii_bsp.a(altera_avalon_timer_sc.o)
 .bss           0x00819524        0x0 ../test_bsp/\libucosii_bsp.a(altera_up_avalon_character_lcd.o)
 .bss           0x00819524        0x0 ../test_bsp/\libucosii_bsp.a(alt_alarm_start.o)
 .bss           0x00819524        0x0 ../test_bsp/\libucosii_bsp.a(alt_dcache_flush_all.o)
 .bss           0x00819524        0x0 ../test_bsp/\libucosii_bsp.a(alt_dev_llist_insert.o)
 .bss           0x00819524        0x0 ../test_bsp/\libucosii_bsp.a(alt_do_ctors.o)
 .bss           0x00819524        0x0 ../test_bsp/\libucosii_bsp.a(alt_do_dtors.o)
 .bss           0x00819524        0x0 ../test_bsp/\libucosii_bsp.a(alt_find_dev.o)
 .bss           0x00819524        0x0 ../test_bsp/\libucosii_bsp.a(alt_icache_flush_all.o)
 .bss           0x00819524        0x0 ../test_bsp/\libucosii_bsp.a(alt_iic.o)
 .bss           0x00819524        0x0 ../test_bsp/\libucosii_bsp.a(alt_iic_isr_register.o)
 .bss           0x00819524        0x0 ../test_bsp/\libucosii_bsp.a(alt_io_redirect.o)
 .bss           0x00819524        0x0 ../test_bsp/\libucosii_bsp.a(alt_irq_entry.o)
 .bss           0x00819524        0x0 ../test_bsp/\libucosii_bsp.a(alt_irq_handler.o)
 .bss           0x00819524        0x0 ../test_bsp/\libucosii_bsp.a(alt_irq_vars.o)
 .bss           0x00819524        0x0 ../test_bsp/\libucosii_bsp.a(alt_open.o)
 .bss           0x00819524        0x0 ../test_bsp/\libucosii_bsp.a(alt_tick.o)
 .bss           0x00819524        0x0 ../test_bsp/\libucosii_bsp.a(altera_nios2_qsys_irq.o)
 .bss           0x00819524        0x0 ../test_bsp/\libucosii_bsp.a(os_cpu_a.o)
 .bss           0x00819524        0x0 ../test_bsp/\libucosii_bsp.a(os_cpu_c.o)
 .bss           0x00819524        0x0 ../test_bsp/\libucosii_bsp.a(alt_exception_entry.o)
 .bss           0x00819524        0x0 ../test_bsp/\libucosii_bsp.a(alt_find_file.o)
 .bss           0x00819524        0x0 ../test_bsp/\libucosii_bsp.a(alt_get_fd.o)
 .bss           0x00819524        0x0 ../test_bsp/\libucosii_bsp.a(alt_icache_flush.o)
 .bss           0x00819524        0x0 c:/altera/12.1sp1/nios2eds/bin/gnu/h-i686-mingw32/bin/../lib/gcc/nios2-elf/4.1.2/../../../../nios2-elf/lib\libc.a(lib_a-atexit.o)
 .bss           0x00819524        0x0 c:/altera/12.1sp1/nios2eds/bin/gnu/h-i686-mingw32/bin/../lib/gcc/nios2-elf/4.1.2/../../../../nios2-elf/lib\libc.a(lib_a-exit.o)
 .bss           0x00819524        0x0 c:/altera/12.1sp1/nios2eds/bin/gnu/h-i686-mingw32/bin/../lib/gcc/nios2-elf/4.1.2/../../../../nios2-elf/lib\libc.a(lib_a-memcmp.o)
 .bss           0x00819524        0x0 c:/altera/12.1sp1/nios2eds/bin/gnu/h-i686-mingw32/bin/../lib/gcc/nios2-elf/4.1.2/../../../../nios2-elf/lib\libc.a(lib_a-__atexit.o)
 .bss           0x00819524        0x0 c:/altera/12.1sp1/nios2eds/bin/gnu/h-i686-mingw32/bin/../lib/gcc/nios2-elf/4.1.2/../../../../nios2-elf/lib\libc.a(lib_a-__call_atexit.o)
 .bss           0x00819524        0x0 ../test_bsp/\libucosii_bsp.a(alt_exit.o)
 *(COMMON)
 COMMON         0x00819524     0x4000 obj/default/hello_ucosii.o
                0x00819524                task1_stk
                0x0081b524                task2_stk
 COMMON         0x0081d524     0x3224 ../test_bsp/\libucosii_bsp.a(os_core.o)
                0x0081d524                OSFlagTbl
                0x0081d894                OSMemTbl
                0x0081e4c4                OSTaskStatStk
                0x0081ecc4                OSQTbl
                0x0081eea4                OSTaskIdleStk
                0x0081f6a4                OSEventTbl
                0x008201e4                OSTCBTbl
                0x008206f4                OSTCBPrioTbl
 COMMON         0x00820748      0x100 ../test_bsp/\libucosii_bsp.a(alt_irq_handler.o)
                0x00820748                alt_irq
 COMMON         0x00820848      0x190 c:/altera/12.1sp1/nios2eds/bin/gnu/h-i686-mingw32/bin/../lib/gcc/nios2-elf/4.1.2/../../../../nios2-elf/lib\libc.a(lib_a-atexit.o)
                0x00820848                _atexit0
                0x008209d8                . = ALIGN (0x4)
                0x008209d8                __bss_end = ABSOLUTE (.)

.sdram_0        0x008209d8        0x0
                0x008209d8                PROVIDE (_alt_partition_sdram_0_start, ABSOLUTE (.))
 *(.sdram_0. sdram_0.*)
                0x008209d8                . = ALIGN (0x4)
                0x008209d8                PROVIDE (_alt_partition_sdram_0_end, ABSOLUTE (.))
                0x008209d8                _end = ABSOLUTE (.)
                0x008209d8                end = ABSOLUTE (.)
                0x008209d8                __alt_stack_base = ABSOLUTE (.)
                0x008209d8                PROVIDE (_alt_partition_sdram_0_load_addr, LOADADDR (.sdram_0))

.sram_0         0x01080000        0x0 load address 0x008209d8
                0x01080000                PROVIDE (_alt_partition_sram_0_start, ABSOLUTE (.))
 *(.sram_0. sram_0.*)
                0x01080000                . = ALIGN (0x4)
                0x01080000                PROVIDE (_alt_partition_sram_0_end, ABSOLUTE (.))
                0x008209d8                PROVIDE (_alt_partition_sram_0_load_addr, LOADADDR (.sram_0))

.onchip_memory2_0
                0x011041bc        0x0 load address 0x008209d8
                0x011041bc                PROVIDE (_alt_partition_onchip_memory2_0_start, ABSOLUTE (.))
 *(.onchip_memory2_0. onchip_memory2_0.*)
                0x011041bc                . = ALIGN (0x4)
                0x011041bc                PROVIDE (_alt_partition_onchip_memory2_0_end, ABSOLUTE (.))
                0x008209d8                PROVIDE (_alt_partition_onchip_memory2_0_load_addr, LOADADDR (.onchip_memory2_0))

.stab
 *(.stab)

.stabstr
 *(.stabstr)

.stab.excl
 *(.stab.excl)

.stab.exclstr
 *(.stab.exclstr)

.stab.index
 *(.stab.index)

.stab.indexstr
 *(.stab.indexstr)

.comment        0x00000000       0x26
 *(.comment)
 .comment       0x00000000       0x26 obj/default/hello_ucosii.o
                                 0x27 (size before relaxing)
 .comment       0x00000000       0x27 c:/altera/12.1sp1/nios2eds/bin/gnu/h-i686-mingw32/bin/../lib/gcc/nios2-elf/4.1.2/../../../../nios2-elf/lib\libc.a(lib_a-printf.o)
 .comment       0x00000000       0x27 c:/altera/12.1sp1/nios2eds/bin/gnu/h-i686-mingw32/bin/../lib/gcc/nios2-elf/4.1.2/../../../../nios2-elf/lib\libc.a(lib_a-puts.o)
 .comment       0x00000000       0x27 c:/altera/12.1sp1/nios2eds/bin/gnu/h-i686-mingw32/bin/../lib/gcc/nios2-elf/4.1.2/../../../../nios2-elf/lib\libc.a(lib_a-strlen.o)
 .comment       0x00000000       0x27 c:/altera/12.1sp1/nios2eds/bin/gnu/h-i686-mingw32/bin/../lib/gcc/nios2-elf/4.1.2/../../../../nios2-elf/lib\libc.a(lib_a-vfprintf.o)
 .comment       0x00000000       0x27 c:/altera/12.1sp1/nios2eds/bin/gnu/h-i686-mingw32/bin/../lib/gcc/nios2-elf/4.1.2/../../../../nios2-elf/lib\libc.a(lib_a-wsetup.o)
 .comment       0x00000000       0x27 c:/altera/12.1sp1/nios2eds/bin/gnu/h-i686-mingw32/bin/../lib/gcc/nios2-elf/4.1.2/../../../../nios2-elf/lib\libc.a(lib_a-dtoa.o)
 .comment       0x00000000       0x27 c:/altera/12.1sp1/nios2eds/bin/gnu/h-i686-mingw32/bin/../lib/gcc/nios2-elf/4.1.2/../../../../nios2-elf/lib\libc.a(lib_a-fflush.o)
 .comment       0x00000000       0x27 c:/altera/12.1sp1/nios2eds/bin/gnu/h-i686-mingw32/bin/../lib/gcc/nios2-elf/4.1.2/../../../../nios2-elf/lib\libc.a(lib_a-findfp.o)
 .comment       0x00000000       0x27 c:/altera/12.1sp1/nios2eds/bin/gnu/h-i686-mingw32/bin/../lib/gcc/nios2-elf/4.1.2/../../../../nios2-elf/lib\libc.a(lib_a-freer.o)
 .comment       0x00000000       0x27 c:/altera/12.1sp1/nios2eds/bin/gnu/h-i686-mingw32/bin/../lib/gcc/nios2-elf/4.1.2/../../../../nios2-elf/lib\libc.a(lib_a-fvwrite.o)
 .comment       0x00000000       0x27 c:/altera/12.1sp1/nios2eds/bin/gnu/h-i686-mingw32/bin/../lib/gcc/nios2-elf/4.1.2/../../../../nios2-elf/lib\libc.a(lib_a-fwalk.o)
 .comment       0x00000000       0x27 c:/altera/12.1sp1/nios2eds/bin/gnu/h-i686-mingw32/bin/../lib/gcc/nios2-elf/4.1.2/../../../../nios2-elf/lib\libc.a(lib_a-impure.o)
 .comment       0x00000000       0x27 c:/altera/12.1sp1/nios2eds/bin/gnu/h-i686-mingw32/bin/../lib/gcc/nios2-elf/4.1.2/../../../../nios2-elf/lib\libc.a(lib_a-locale.o)
 .comment       0x00000000       0x27 c:/altera/12.1sp1/nios2eds/bin/gnu/h-i686-mingw32/bin/../lib/gcc/nios2-elf/4.1.2/../../../../nios2-elf/lib\libc.a(lib_a-makebuf.o)
 .comment       0x00000000       0x27 c:/altera/12.1sp1/nios2eds/bin/gnu/h-i686-mingw32/bin/../lib/gcc/nios2-elf/4.1.2/../../../../nios2-elf/lib\libc.a(lib_a-mallocr.o)
 .comment       0x00000000       0x27 c:/altera/12.1sp1/nios2eds/bin/gnu/h-i686-mingw32/bin/../lib/gcc/nios2-elf/4.1.2/../../../../nios2-elf/lib\libc.a(lib_a-memchr.o)
 .comment       0x00000000       0x27 c:/altera/12.1sp1/nios2eds/bin/gnu/h-i686-mingw32/bin/../lib/gcc/nios2-elf/4.1.2/../../../../nios2-elf/lib\libc.a(lib_a-memcpy.o)
 .comment       0x00000000       0x27 c:/altera/12.1sp1/nios2eds/bin/gnu/h-i686-mingw32/bin/../lib/gcc/nios2-elf/4.1.2/../../../../nios2-elf/lib\libc.a(lib_a-memmove.o)
 .comment       0x00000000       0x27 c:/altera/12.1sp1/nios2eds/bin/gnu/h-i686-mingw32/bin/../lib/gcc/nios2-elf/4.1.2/../../../../nios2-elf/lib\libc.a(lib_a-memset.o)
 .comment       0x00000000       0x27 c:/altera/12.1sp1/nios2eds/bin/gnu/h-i686-mingw32/bin/../lib/gcc/nios2-elf/4.1.2/../../../../nios2-elf/lib\libc.a(lib_a-mprec.o)
 .comment       0x00000000       0x27 c:/altera/12.1sp1/nios2eds/bin/gnu/h-i686-mingw32/bin/../lib/gcc/nios2-elf/4.1.2/../../../../nios2-elf/lib\libc.a(lib_a-reallocr.o)
 .comment       0x00000000       0x27 c:/altera/12.1sp1/nios2eds/bin/gnu/h-i686-mingw32/bin/../lib/gcc/nios2-elf/4.1.2/../../../../nios2-elf/lib\libc.a(lib_a-s_isinfd.o)
 .comment       0x00000000       0x27 c:/altera/12.1sp1/nios2eds/bin/gnu/h-i686-mingw32/bin/../lib/gcc/nios2-elf/4.1.2/../../../../nios2-elf/lib\libc.a(lib_a-s_isnand.o)
 .comment       0x00000000       0x27 c:/altera/12.1sp1/nios2eds/bin/gnu/h-i686-mingw32/bin/../lib/gcc/nios2-elf/4.1.2/../../../../nios2-elf/lib\libc.a(lib_a-sbrkr.o)
 .comment       0x00000000       0x27 c:/altera/12.1sp1/nios2eds/bin/gnu/h-i686-mingw32/bin/../lib/gcc/nios2-elf/4.1.2/../../../../nios2-elf/lib\libc.a(lib_a-stdio.o)
 .comment       0x00000000       0x27 c:/altera/12.1sp1/nios2eds/bin/gnu/h-i686-mingw32/bin/../lib/gcc/nios2-elf/4.1.2/../../../../nios2-elf/lib\libc.a(lib_a-strcmp.o)
 .comment       0x00000000       0x27 c:/altera/12.1sp1/nios2eds/bin/gnu/h-i686-mingw32/bin/../lib/gcc/nios2-elf/4.1.2/../../../../nios2-elf/lib\libc.a(lib_a-writer.o)
 .comment       0x00000000       0x27 c:/altera/12.1sp1/nios2eds/bin/gnu/h-i686-mingw32/bin/../lib/gcc/nios2-elf/4.1.2/../../../../nios2-elf/lib\libc.a(lib_a-callocr.o)
 .comment       0x00000000       0x27 c:/altera/12.1sp1/nios2eds/bin/gnu/h-i686-mingw32/bin/../lib/gcc/nios2-elf/4.1.2/../../../../nios2-elf/lib\libc.a(lib_a-closer.o)
 .comment       0x00000000       0x27 c:/altera/12.1sp1/nios2eds/bin/gnu/h-i686-mingw32/bin/../lib/gcc/nios2-elf/4.1.2/../../../../nios2-elf/lib\libc.a(lib_a-fclose.o)
 .comment       0x00000000       0x27 c:/altera/12.1sp1/nios2eds/bin/gnu/h-i686-mingw32/bin/../lib/gcc/nios2-elf/4.1.2/../../../../nios2-elf/lib\libc.a(lib_a-fstatr.o)
 .comment       0x00000000       0x27 c:/altera/12.1sp1/nios2eds/bin/gnu/h-i686-mingw32/bin/../lib/gcc/nios2-elf/4.1.2/../../../../nios2-elf/lib\libc.a(lib_a-int_errno.o)
 .comment       0x00000000       0x27 c:/altera/12.1sp1/nios2eds/bin/gnu/h-i686-mingw32/bin/../lib/gcc/nios2-elf/4.1.2/../../../../nios2-elf/lib\libc.a(lib_a-isattyr.o)
 .comment       0x00000000       0x27 c:/altera/12.1sp1/nios2eds/bin/gnu/h-i686-mingw32/bin/../lib/gcc/nios2-elf/4.1.2/../../../../nios2-elf/lib\libc.a(lib_a-lseekr.o)
 .comment       0x00000000       0x27 c:/altera/12.1sp1/nios2eds/bin/gnu/h-i686-mingw32/bin/../lib/gcc/nios2-elf/4.1.2/../../../../nios2-elf/lib\libc.a(lib_a-readr.o)
 .comment       0x00000000       0x27 c:/altera/12.1sp1/nios2eds/bin/gnu/h-i686-mingw32/bin/../lib/gcc/nios2-elf/4.1.2\libgcc.a(_udivdi3.o)
 .comment       0x00000000       0x27 c:/altera/12.1sp1/nios2eds/bin/gnu/h-i686-mingw32/bin/../lib/gcc/nios2-elf/4.1.2\libgcc.a(_umoddi3.o)
 .comment       0x00000000       0x27 c:/altera/12.1sp1/nios2eds/bin/gnu/h-i686-mingw32/bin/../lib/gcc/nios2-elf/4.1.2\libgcc.a(_addsub_df.o)
 .comment       0x00000000       0x27 c:/altera/12.1sp1/nios2eds/bin/gnu/h-i686-mingw32/bin/../lib/gcc/nios2-elf/4.1.2\libgcc.a(_mul_df.o)
 .comment       0x00000000       0x27 c:/altera/12.1sp1/nios2eds/bin/gnu/h-i686-mingw32/bin/../lib/gcc/nios2-elf/4.1.2\libgcc.a(_div_df.o)
 .comment       0x00000000       0x27 c:/altera/12.1sp1/nios2eds/bin/gnu/h-i686-mingw32/bin/../lib/gcc/nios2-elf/4.1.2\libgcc.a(_eq_df.o)
 .comment       0x00000000       0x27 c:/altera/12.1sp1/nios2eds/bin/gnu/h-i686-mingw32/bin/../lib/gcc/nios2-elf/4.1.2\libgcc.a(_ne_df.o)
 .comment       0x00000000       0x27 c:/altera/12.1sp1/nios2eds/bin/gnu/h-i686-mingw32/bin/../lib/gcc/nios2-elf/4.1.2\libgcc.a(_gt_df.o)
 .comment       0x00000000       0x27 c:/altera/12.1sp1/nios2eds/bin/gnu/h-i686-mingw32/bin/../lib/gcc/nios2-elf/4.1.2\libgcc.a(_ge_df.o)
 .comment       0x00000000       0x27 c:/altera/12.1sp1/nios2eds/bin/gnu/h-i686-mingw32/bin/../lib/gcc/nios2-elf/4.1.2\libgcc.a(_lt_df.o)
 .comment       0x00000000       0x27 c:/altera/12.1sp1/nios2eds/bin/gnu/h-i686-mingw32/bin/../lib/gcc/nios2-elf/4.1.2\libgcc.a(_si_to_df.o)
 .comment       0x00000000       0x27 c:/altera/12.1sp1/nios2eds/bin/gnu/h-i686-mingw32/bin/../lib/gcc/nios2-elf/4.1.2\libgcc.a(_df_to_si.o)
 .comment       0x00000000       0x27 c:/altera/12.1sp1/nios2eds/bin/gnu/h-i686-mingw32/bin/../lib/gcc/nios2-elf/4.1.2\libgcc.a(_thenan_df.o)
 .comment       0x00000000       0x27 c:/altera/12.1sp1/nios2eds/bin/gnu/h-i686-mingw32/bin/../lib/gcc/nios2-elf/4.1.2\libgcc.a(_usi_to_df.o)
 .comment       0x00000000       0x27 c:/altera/12.1sp1/nios2eds/bin/gnu/h-i686-mingw32/bin/../lib/gcc/nios2-elf/4.1.2\libgcc.a(lib2-divmod.o)
 .comment       0x00000000       0x27 c:/altera/12.1sp1/nios2eds/bin/gnu/h-i686-mingw32/bin/../lib/gcc/nios2-elf/4.1.2\libgcc.a(_muldi3.o)
 .comment       0x00000000       0x27 c:/altera/12.1sp1/nios2eds/bin/gnu/h-i686-mingw32/bin/../lib/gcc/nios2-elf/4.1.2\libgcc.a(_clz.o)
 .comment       0x00000000       0x27 c:/altera/12.1sp1/nios2eds/bin/gnu/h-i686-mingw32/bin/../lib/gcc/nios2-elf/4.1.2\libgcc.a(_clzsi2.o)
 .comment       0x00000000       0x27 c:/altera/12.1sp1/nios2eds/bin/gnu/h-i686-mingw32/bin/../lib/gcc/nios2-elf/4.1.2\libgcc.a(_pack_df.o)
 .comment       0x00000000       0x27 c:/altera/12.1sp1/nios2eds/bin/gnu/h-i686-mingw32/bin/../lib/gcc/nios2-elf/4.1.2\libgcc.a(_unpack_df.o)
 .comment       0x00000000       0x27 c:/altera/12.1sp1/nios2eds/bin/gnu/h-i686-mingw32/bin/../lib/gcc/nios2-elf/4.1.2\libgcc.a(_fpcmp_parts_df.o)
 .comment       0x00000000       0x27 ../test_bsp/\libucosii_bsp.a(alt_close.o)
 .comment       0x00000000       0x27 ../test_bsp/\libucosii_bsp.a(alt_dev.o)
 .comment       0x00000000       0x27 ../test_bsp/\libucosii_bsp.a(alt_errno.o)
 .comment       0x00000000       0x27 ../test_bsp/\libucosii_bsp.a(alt_fstat.o)
 .comment       0x00000000       0x27 ../test_bsp/\libucosii_bsp.a(alt_isatty.o)
 .comment       0x00000000       0x27 ../test_bsp/\libucosii_bsp.a(alt_load.o)
 .comment       0x00000000       0x27 ../test_bsp/\libucosii_bsp.a(alt_lseek.o)
 .comment       0x00000000       0x27 ../test_bsp/\libucosii_bsp.a(alt_main.o)
 .comment       0x00000000       0x27 ../test_bsp/\libucosii_bsp.a(alt_read.o)
 .comment       0x00000000       0x27 ../test_bsp/\libucosii_bsp.a(alt_release_fd.o)
 .comment       0x00000000       0x27 ../test_bsp/\libucosii_bsp.a(alt_sbrk.o)
 .comment       0x00000000       0x27 ../test_bsp/\libucosii_bsp.a(alt_write.o)
 .comment       0x00000000       0x27 ../test_bsp/\libucosii_bsp.a(alt_env_lock.o)
 .comment       0x00000000       0x27 ../test_bsp/\libucosii_bsp.a(alt_malloc_lock.o)
 .comment       0x00000000       0x27 ../test_bsp/\libucosii_bsp.a(os_core.o)
 .comment       0x00000000       0x27 ../test_bsp/\libucosii_bsp.a(os_dbg.o)
 .comment       0x00000000       0x27 ../test_bsp/\libucosii_bsp.a(os_flag.o)
 .comment       0x00000000       0x27 ../test_bsp/\libucosii_bsp.a(os_mem.o)
 .comment       0x00000000       0x27 ../test_bsp/\libucosii_bsp.a(os_q.o)
 .comment       0x00000000       0x27 ../test_bsp/\libucosii_bsp.a(os_sem.o)
 .comment       0x00000000       0x27 ../test_bsp/\libucosii_bsp.a(os_task.o)
 .comment       0x00000000       0x27 ../test_bsp/\libucosii_bsp.a(os_time.o)
 .comment       0x00000000       0x27 ../test_bsp/\libucosii_bsp.a(alt_sys_init.o)
 .comment       0x00000000       0x27 ../test_bsp/\libucosii_bsp.a(altera_avalon_jtag_uart_fd.o)
 .comment       0x00000000       0x27 ../test_bsp/\libucosii_bsp.a(altera_avalon_jtag_uart_init.o)
 .comment       0x00000000       0x27 ../test_bsp/\libucosii_bsp.a(altera_avalon_jtag_uart_ioctl.o)
 .comment       0x00000000       0x27 ../test_bsp/\libucosii_bsp.a(altera_avalon_jtag_uart_read.o)
 .comment       0x00000000       0x27 ../test_bsp/\libucosii_bsp.a(altera_avalon_jtag_uart_write.o)
 .comment       0x00000000       0x27 ../test_bsp/\libucosii_bsp.a(altera_avalon_timer_sc.o)
 .comment       0x00000000       0x27 ../test_bsp/\libucosii_bsp.a(altera_up_avalon_character_lcd.o)
 .comment       0x00000000       0x27 ../test_bsp/\libucosii_bsp.a(alt_alarm_start.o)
 .comment       0x00000000       0x27 ../test_bsp/\libucosii_bsp.a(alt_dcache_flush_all.o)
 .comment       0x00000000       0x27 ../test_bsp/\libucosii_bsp.a(alt_dev_llist_insert.o)
 .comment       0x00000000       0x27 ../test_bsp/\libucosii_bsp.a(alt_do_ctors.o)
 .comment       0x00000000       0x27 ../test_bsp/\libucosii_bsp.a(alt_do_dtors.o)
 .comment       0x00000000       0x27 ../test_bsp/\libucosii_bsp.a(alt_find_dev.o)
 .comment       0x00000000       0x27 ../test_bsp/\libucosii_bsp.a(alt_icache_flush_all.o)
 .comment       0x00000000       0x27 ../test_bsp/\libucosii_bsp.a(alt_iic.o)
 .comment       0x00000000       0x27 ../test_bsp/\libucosii_bsp.a(alt_iic_isr_register.o)
 .comment       0x00000000       0x27 ../test_bsp/\libucosii_bsp.a(alt_io_redirect.o)
 .comment       0x00000000       0x27 ../test_bsp/\libucosii_bsp.a(alt_irq_handler.o)
 .comment       0x00000000       0x27 ../test_bsp/\libucosii_bsp.a(alt_irq_vars.o)
 .comment       0x00000000       0x27 ../test_bsp/\libucosii_bsp.a(alt_open.o)
 .comment       0x00000000       0x27 ../test_bsp/\libucosii_bsp.a(alt_tick.o)
 .comment       0x00000000       0x27 ../test_bsp/\libucosii_bsp.a(altera_nios2_qsys_irq.o)
 .comment       0x00000000       0x27 ../test_bsp/\libucosii_bsp.a(os_cpu_c.o)
 .comment       0x00000000       0x27 ../test_bsp/\libucosii_bsp.a(alt_find_file.o)
 .comment       0x00000000       0x27 ../test_bsp/\libucosii_bsp.a(alt_get_fd.o)
 .comment       0x00000000       0x27 ../test_bsp/\libucosii_bsp.a(alt_icache_flush.o)
 .comment       0x00000000       0x27 c:/altera/12.1sp1/nios2eds/bin/gnu/h-i686-mingw32/bin/../lib/gcc/nios2-elf/4.1.2/../../../../nios2-elf/lib\libc.a(lib_a-atexit.o)
 .comment       0x00000000       0x27 c:/altera/12.1sp1/nios2eds/bin/gnu/h-i686-mingw32/bin/../lib/gcc/nios2-elf/4.1.2/../../../../nios2-elf/lib\libc.a(lib_a-exit.o)
 .comment       0x00000000       0x27 c:/altera/12.1sp1/nios2eds/bin/gnu/h-i686-mingw32/bin/../lib/gcc/nios2-elf/4.1.2/../../../../nios2-elf/lib\libc.a(lib_a-memcmp.o)
 .comment       0x00000000       0x27 c:/altera/12.1sp1/nios2eds/bin/gnu/h-i686-mingw32/bin/../lib/gcc/nios2-elf/4.1.2/../../../../nios2-elf/lib\libc.a(lib_a-__atexit.o)
 .comment       0x00000000       0x27 c:/altera/12.1sp1/nios2eds/bin/gnu/h-i686-mingw32/bin/../lib/gcc/nios2-elf/4.1.2/../../../../nios2-elf/lib\libc.a(lib_a-__call_atexit.o)
 .comment       0x00000000       0x27 ../test_bsp/\libucosii_bsp.a(alt_exit.o)

.debug
 *(.debug)

.line
 *(.line)

.debug_srcinfo
 *(.debug_srcinfo)

.debug_sfnames
 *(.debug_sfnames)

.debug_aranges  0x00000000      0xdf8
 *(.debug_aranges)
 .debug_aranges
                0x00000000       0x28 ../test_bsp//obj/HAL/src/crt0.o