Archive member included because of file (symbol)

c:/altera/12.1sp1/nios2eds/bin/gnu/h-i686-mingw32/bin/../lib/gcc/nios2-elf/4.1.2/../../../../nios2-elf/lib\libc.a(lib_a-puts.o)
                              obj/default/hello_ucosii.o (puts)
c:/altera/12.1sp1/nios2eds/bin/gnu/h-i686-mingw32/bin/../lib/gcc/nios2-elf/4.1.2/../../../../nios2-elf/lib\libc.a(lib_a-strlen.o)
                              c:/altera/12.1sp1/nios2eds/bin/gnu/h-i686-mingw32/bin/../lib/gcc/nios2-elf/4.1.2/../../../../nios2-elf/lib\libc.a(lib_a-puts.o) (strlen)
c:/altera/12.1sp1/nios2eds/bin/gnu/h-i686-mingw32/bin/../lib/gcc/nios2-elf/4.1.2/../../../../nios2-elf/lib\libc.a(lib_a-fvwrite.o)
                              c:/altera/12.1sp1/nios2eds/bin/gnu/h-i686-mingw32/bin/../lib/gcc/nios2-elf/4.1.2/../../../../nios2-elf/lib\libc.a(lib_a-puts.o) (__sfvwrite_r)
c:/altera/12.1sp1/nios2eds/bin/gnu/h-i686-mingw32/bin/../lib/gcc/nios2-elf/4.1.2/../../../../nios2-elf/lib\libc.a(lib_a-impure.o)
                              c:/altera/12.1sp1/nios2eds/bin/gnu/h-i686-mingw32/bin/../lib/gcc/nios2-elf/4.1.2/../../../../nios2-elf/lib\libc.a(lib_a-puts.o) (_impure_ptr)
c:/altera/12.1sp1/nios2eds/bin/gnu/h-i686-mingw32/bin/../lib/gcc/nios2-elf/4.1.2/../../../../nios2-elf/lib\libc.a(lib_a-mallocr.o)
                              c:/altera/12.1sp1/nios2eds/bin/gnu/h-i686-mingw32/bin/../lib/gcc/nios2-elf/4.1.2/../../../../nios2-elf/lib\libc.a(lib_a-fvwrite.o) (_malloc_r)
c:/altera/12.1sp1/nios2eds/bin/gnu/h-i686-mingw32/bin/../lib/gcc/nios2-elf/4.1.2/../../../../nios2-elf/lib\libc.a(lib_a-memchr.o)
                              c:/altera/12.1sp1/nios2eds/bin/gnu/h-i686-mingw32/bin/../lib/gcc/nios2-elf/4.1.2/../../../../nios2-elf/lib\libc.a(lib_a-fvwrite.o) (memchr)
c:/altera/12.1sp1/nios2eds/bin/gnu/h-i686-mingw32/bin/../lib/gcc/nios2-elf/4.1.2/../../../../nios2-elf/lib\libc.a(lib_a-memcpy.o)
                              c:/altera/12.1sp1/nios2eds/bin/gnu/h-i686-mingw32/bin/../lib/gcc/nios2-elf/4.1.2/../../../../nios2-elf/lib\libc.a(lib_a-fvwrite.o) (memcpy)
c:/altera/12.1sp1/nios2eds/bin/gnu/h-i686-mingw32/bin/../lib/gcc/nios2-elf/4.1.2/../../../../nios2-elf/lib\libc.a(lib_a-memmove.o)
                              c:/altera/12.1sp1/nios2eds/bin/gnu/h-i686-mingw32/bin/../lib/gcc/nios2-elf/4.1.2/../../../../nios2-elf/lib\libc.a(lib_a-fvwrite.o) (memmove)
c:/altera/12.1sp1/nios2eds/bin/gnu/h-i686-mingw32/bin/../lib/gcc/nios2-elf/4.1.2/../../../../nios2-elf/lib\libc.a(lib_a-reallocr.o)
                              c:/altera/12.1sp1/nios2eds/bin/gnu/h-i686-mingw32/bin/../lib/gcc/nios2-elf/4.1.2/../../../../nios2-elf/lib\libc.a(lib_a-fvwrite.o) (_realloc_r)
c:/altera/12.1sp1/nios2eds/bin/gnu/h-i686-mingw32/bin/../lib/gcc/nios2-elf/4.1.2/../../../../nios2-elf/lib\libc.a(lib_a-sbrkr.o)
                              c:/altera/12.1sp1/nios2eds/bin/gnu/h-i686-mingw32/bin/../lib/gcc/nios2-elf/4.1.2/../../../../nios2-elf/lib\libc.a(lib_a-mallocr.o) (_sbrk_r)
c:/altera/12.1sp1/nios2eds/bin/gnu/h-i686-mingw32/bin/../lib/gcc/nios2-elf/4.1.2/../../../../nios2-elf/lib\libc.a(lib_a-wsetup.o)
                              c:/altera/12.1sp1/nios2eds/bin/gnu/h-i686-mingw32/bin/../lib/gcc/nios2-elf/4.1.2/../../../../nios2-elf/lib\libc.a(lib_a-fvwrite.o) (__swsetup_r)
c:/altera/12.1sp1/nios2eds/bin/gnu/h-i686-mingw32/bin/../lib/gcc/nios2-elf/4.1.2/../../../../nios2-elf/lib\libc.a(lib_a-fflush.o)
                              c:/altera/12.1sp1/nios2eds/bin/gnu/h-i686-mingw32/bin/../lib/gcc/nios2-elf/4.1.2/../../../../nios2-elf/lib\libc.a(lib_a-fvwrite.o) (_fflush_r)
c:/altera/12.1sp1/nios2eds/bin/gnu/h-i686-mingw32/bin/../lib/gcc/nios2-elf/4.1.2/../../../../nios2-elf/lib\libc.a(lib_a-findfp.o)
                              c:/altera/12.1sp1/nios2eds/bin/gnu/h-i686-mingw32/bin/../lib/gcc/nios2-elf/4.1.2/../../../../nios2-elf/lib\libc.a(lib_a-wsetup.o) (__sinit)
c:/altera/12.1sp1/nios2eds/bin/gnu/h-i686-mingw32/bin/../lib/gcc/nios2-elf/4.1.2/../../../../nios2-elf/lib\libc.a(lib_a-freer.o)
                              c:/altera/12.1sp1/nios2eds/bin/gnu/h-i686-mingw32/bin/../lib/gcc/nios2-elf/4.1.2/../../../../nios2-elf/lib\libc.a(lib_a-fvwrite.o) (_free_r)
c:/altera/12.1sp1/nios2eds/bin/gnu/h-i686-mingw32/bin/../lib/gcc/nios2-elf/4.1.2/../../../../nios2-elf/lib\libc.a(lib_a-fwalk.o)
                              c:/altera/12.1sp1/nios2eds/bin/gnu/h-i686-mingw32/bin/../lib/gcc/nios2-elf/4.1.2/../../../../nios2-elf/lib\libc.a(lib_a-fflush.o) (_fwalk_reent)
c:/altera/12.1sp1/nios2eds/bin/gnu/h-i686-mingw32/bin/../lib/gcc/nios2-elf/4.1.2/../../../../nios2-elf/lib\libc.a(lib_a-int_errno.o)
                              c:/altera/12.1sp1/nios2eds/bin/gnu/h-i686-mingw32/bin/../lib/gcc/nios2-elf/4.1.2/../../../../nios2-elf/lib\libc.a(lib_a-sbrkr.o) (errno)
c:/altera/12.1sp1/nios2eds/bin/gnu/h-i686-mingw32/bin/../lib/gcc/nios2-elf/4.1.2/../../../../nios2-elf/lib\libc.a(lib_a-makebuf.o)
[...]
Memory Configuration

Name             Origin             Length             Attributes
sdram_0          0x00800000         0x00800000
sram_0           0x01080000         0x00080000
reset            0x01104000         0x00000020
onchip_memory2_0 0x01104020         0x00003fe0
*default*        0x00000000         0xffffffff

Linker script and memory map

LOAD ../test_bsp//obj/HAL/src/crt0.o
LOAD obj/default/hello_ucosii.o
LOAD c:/altera/12.1sp1/nios2eds/bin/gnu/h-i686-mingw32/bin/../lib/gcc/nios2-elf/4.1.2/../../../../nios2-elf/lib\libstdc++.a
LOAD c:/altera/12.1sp1/nios2eds/bin/gnu/h-i686-mingw32/bin/../lib/gcc/nios2-elf/4.1.2/../../../../nios2-elf/lib\libm.a
LOAD c:/altera/12.1sp1/nios2eds/bin/gnu/h-i686-mingw32/bin/../lib/gcc/nios2-elf/4.1.2\libgcc.a
START GROUP
LOAD c:/altera/12.1sp1/nios2eds/bin/gnu/h-i686-mingw32/bin/../lib/gcc/nios2-elf/4.1.2/../../../../nios2-elf/lib\libc.a
LOAD c:/altera/12.1sp1/nios2eds/bin/gnu/h-i686-mingw32/bin/../lib/gcc/nios2-elf/4.1.2\libgcc.a
LOAD ../test_bsp/\libucosii_bsp.a
END GROUP
LOAD c:/altera/12.1sp1/nios2eds/bin/gnu/h-i686-mingw32/bin/../lib/gcc/nios2-elf/4.1.2\libgcc.a
                0x00800000                __alt_mem_sdram_0 = 0x800000
                0x01080000                __alt_mem_sram_0 = 0x1080000
                0x01104000                __alt_mem_onchip_memory2_0 = 0x1104000

.entry          0x01104000       0x20
 *(.entry)
 .entry         0x01104000       0x20 ../test_bsp//obj/HAL/src/crt0.o
                0x01104000                __reset

.exceptions     0x01104020      0x19c load address 0x00800000
                0x01104020                PROVIDE (__ram_exceptions_start, ABSOLUTE (.))
                0x01104020                . = ALIGN (0x20)
 *(.irq)
 *(.exceptions.entry.label)
 .exceptions.entry.label
                0x01104020        0x0 ../test_bsp/\libucosii_bsp.a(alt_irq_entry.o)
                0x01104020                alt_irq_entry
 .exceptions.entry.label
                0x01104020        0x0 ../test_bsp/\libucosii_bsp.a(alt_exception_entry.o)
                0x01104020                alt_exception
 *(.exceptions.entry.user)
 *(.exceptions.entry)
 .exceptions.entry
                0x01104020       0x54 ../test_bsp/\libucosii_bsp.a(alt_exception_entry.o)
 *(.exceptions.irqtest.user)
 *(.exceptions.irqtest)
 .exceptions.irqtest
                0x01104074       0x10 ../test_bsp/\libucosii_bsp.a(alt_irq_entry.o)
 *(.exceptions.irqhandler.user)
 *(.exceptions.irqhandler)
 .exceptions.irqhandler
                0x01104084        0x4 ../test_bsp/\libucosii_bsp.a(alt_irq_entry.o)
 *(.exceptions.irqreturn.user)
 *(.exceptions.irqreturn)
 .exceptions.irqreturn
                0x01104088        0x4 ../test_bsp/\libucosii_bsp.a(alt_irq_entry.o)
 *(.exceptions.notirq.label)
 .exceptions.notirq.label
                0x0110408c        0x0 ../test_bsp/\libucosii_bsp.a(alt_irq_entry.o)
 *(.exceptions.notirq.user)
 *(.exceptions.notirq)
 .exceptions.notirq
                0x0110408c        0x8 ../test_bsp/\libucosii_bsp.a(alt_exception_entry.o)
 *(.exceptions.soft.user)
 *(.exceptions.soft)
 *(.exceptions.unknown.user)
 *(.exceptions.unknown)
 .exceptions.unknown
                0x01104094        0x4 ../test_bsp/\libucosii_bsp.a(alt_exception_entry.o)
 *(.exceptions.exit.label)
 .exceptions.exit.label
                0x01104098        0x0 ../test_bsp/\libucosii_bsp.a(alt_irq_entry.o)
 .exceptions.exit.label
                0x01104098        0x0 ../test_bsp/\libucosii_bsp.a(alt_exception_entry.o)
 *(.exceptions.exit.user)
 *(.exceptions.exit)
 .exceptions.exit
                0x01104098       0x54 ../test_bsp/\libucosii_bsp.a(alt_exception_entry.o)
 *(.exceptions)
 .exceptions    0x011040ec       0xd0 ../test_bsp/\libucosii_bsp.a(alt_irq_handler.o)
                0x011040ec                alt_irq_handler
                0x011041bc                PROVIDE (__ram_exceptions_end, ABSOLUTE (.))
                0x00800000                PROVIDE (__flash_exceptions_start, LOADADDR (.exceptions))

.text           0x0080019c     0xe948
                0x0080019c                PROVIDE (stext, ABSOLUTE (.))
 *(.interp)
 *(.hash)
 *(.dynsym)
 *(.dynstr)
 *(.gnu.version)
 *(.gnu.version_d)
 *(.gnu.version_r)
 *(.rel.init)
 *(.rela.init)
 *(.rel.text .rel.text.* .rel.gnu.linkonce.t.*)
 *(.rela.text .rela.text.* .rela.gnu.linkonce.t.*)
 *(.rel.fini)
 *(.rela.fini)
 *(.rel.rodata .rel.rodata.* .rel.gnu.linkonce.r.*)
 *(.rela.rodata .rela.rodata.* .rela.gnu.linkonce.r.*)
 *(.rel.data .rel.data.* .rel.gnu.linkonce.d.*)
 *(.rela.data .rela.data.* .rela.gnu.linkonce.d.*)
 *(.rel.tdata .rel.tdata.* .rel.gnu.linkonce.td.*)
 *(.rela.tdata .rela.tdata.* .rela.gnu.linkonce.td.*)
 *(.rel.tbss .rel.tbss.* .rel.gnu.linkonce.tb.*)
 *(.rela.tbss .rela.tbss.* .rela.gnu.linkonce.tb.*)
 *(.rel.ctors)
 *(.rela.ctors)
 *(.rel.dtors)
 *(.rela.dtors)
 *(.rel.got)
 *(.rela.got)
 *(.rel.sdata .rel.sdata.* .rel.gnu.linkonce.s.*)
 *(.rela.sdata .rela.sdata.* .rela.gnu.linkonce.s.*)
 *(.rel.sbss .rel.sbss.* .rel.gnu.linkonce.sb.*)
 *(.rela.sbss .rela.sbss.* .rela.gnu.linkonce.sb.*)
 *(.rel.sdata2 .rel.sdata2.* .rel.gnu.linkonce.s2.*)
 *(.rela.sdata2 .rela.sdata2.* .rela.gnu.linkonce.s2.*)
 *(.rel.sbss2 .rel.sbss2.* .rel.gnu.linkonce.sb2.*)
 *(.rela.sbss2 .rela.sbss2.* .rela.gnu.linkonce.sb2.*)
 *(.rel.bss .rel.bss.* .rel.gnu.linkonce.b.*)
 *(.rela.bss .rela.bss.* .rela.gnu.linkonce.b.*)
 *(.rel.plt)
 *(.rela.plt)
 *(.rel.dyn)
 *(.init)
 *(.plt)
 *(.text .stub .text.* .gnu.linkonce.t.*)
 .text          0x0080019c       0x4c ../test_bsp//obj/HAL/src/crt0.o
                0x0080019c                _start
 .text          0x008001e8      0x11c obj/default/hello_ucosii.o
                0x008001e8                task1
                0x00800220                task2
                0x00800258                main
 .text          0x00800304       0xb4 c:/altera/12.1sp1/nios2eds/bin/gnu/h-i686-mingw32/bin/../lib/gcc/nios2-elf/4.1.2/../../../../nios2-elf/lib\libc.a(lib_a-puts.o)
                0x00800304                _puts_r
                0x008003a4                puts
 .text          0x008003b8       0x74 c:/altera/12.1sp1/nios2eds/bin/gnu/h-i686-mingw32/bin/../lib/gcc/nios2-elf/4.1.2/../../../../nios2-elf/lib\libc.a(lib_a-strlen.o)
                0x008003b8                strlen
 .text          0x0080042c      0x49c c:/altera/12.1sp1/nios2eds/bin/gnu/h-i686-mingw32/bin/../lib/gcc/nios2-elf/4.1.2/../../../../nios2-elf/lib\libc.a(lib_a-fvwrite.o)
                0x0080042c                __sfvwrite_r
 .text          0x008008c8        0x0 c:/altera/12.1sp1/nios2eds/bin/gnu/h-i686-mingw32/bin/../lib/gcc/nios2-elf/4.1.2/../../../../nios2-elf/lib\libc.a(lib_a-impure.o)
 .text          0x008008c8      0x740 c:/altera/12.1sp1/nios2eds/bin/gnu/h-i686-mingw32/bin/../lib/gcc/nios2-elf/4.1.2/../../../../nios2-elf/lib\libc.a(lib_a-mallocr.o)
                0x008008c8                _malloc_r
 .text          0x00801008       0xe4 c:/altera/12.1sp1/nios2eds/bin/gnu/h-i686-mingw32/bin/../lib/gcc/nios2-elf/4.1.2/../../../../nios2-elf/lib\libc.a(lib_a-memchr.o)
                0x00801008                memchr
 .text          0x008010ec       0xa0 c:/altera/12.1sp1/nios2eds/bin/gnu/h-i686-mingw32/bin/../lib/gcc/nios2-elf/4.1.2/../../../../nios2-elf/lib\libc.a(lib_a-memcpy.o)
                0x008010ec                memcpy
 .text          0x0080118c       0xe0 c:/altera/12.1sp1/nios2eds/bin/gnu/h-i686-mingw32/bin/../lib/gcc/nios2-elf/4.1.2/../../../../nios2-elf/lib\libc.a(lib_a-memmove.o)
                0x0080118c                memmove
 .text          0x0080126c      0x5f4 c:/altera/12.1sp1/nios2eds/bin/gnu/h-i686-mingw32/bin/../lib/gcc/nios2-elf/4.1.2/../../../../nios2-elf/lib\libc.a(lib_a-reallocr.o)
                0x0080126c                _realloc_r
 .text          0x00801860       0x70 c:/altera/12.1sp1/nios2eds/bin/gnu/h-i686-mingw32/bin/../lib/gcc/nios2-elf/4.1.2/../../../../nios2-elf/lib\libc.a(lib_a-sbrkr.o)
                0x00801860                _sbrk_r
 .text          0x008018d0      0x13c c:/altera/12.1sp1/nios2eds/bin/gnu/h-i686-mingw32/bin/../lib/gcc/nios2-elf/4.1.2/../../../../nios2-elf/lib\libc.a(lib_a-wsetup.o)
                0x008018d0                __swsetup_r
 .text          0x00801a0c      0x230 c:/altera/12.1sp1/nios2eds/bin/gnu/h-i686-mingw32/bin/../lib/gcc/nios2-elf/4.1.2/../../../../nios2-elf/lib\libc.a(lib_a-fflush.o)
                0x00801a0c                _fflush_r
                0x00801c08                fflush
 .text          0x00801c3c      0x2c0 c:/altera/12.1sp1/nios2eds/bin/gnu/h-i686-mingw32/bin/../lib/gcc/nios2-elf/4.1.2/../../../../nios2-elf/lib\libc.a(lib_a-findfp.o)
                0x00801c94                __sfp_lock_acquire
                0x00801c98                __sfp_lock_release
                0x00801c9c                __sinit_lock_acquire
                0x00801ca0                __sinit_lock_release
                0x00801ca4                __sinit
                0x00801d58                __fp_unlock_all
                0x00801d70                __fp_lock_all
                0x00801d88                _cleanup_r
                0x00801d94                _cleanup
                0x00801da4                __sfmoreglue
                0x00801e0c                __sfp
 .text          0x00801efc      0x440 c:/altera/12.1sp1/nios2eds/bin/gnu/h-i686-mingw32/bin/../lib/gcc/nios2-elf/4.1.2/../../../../nios2-elf/lib\libc.a(lib_a-freer.o)
                0x00801efc                _malloc_trim_r
                0x00802028                _free_r
 .text          0x0080233c      0x180 c:/altera/12.1sp1/nios2eds/bin/gnu/h-i686-mingw32/bin/../lib/gcc/nios2-elf/4.1.2/../../../../nios2-elf/lib\libc.a(lib_a-fwalk.o)
                0x0080233c                _fwalk_reent
                0x00802404                _fwalk
 .text          0x008024bc        0x0 c:/altera/12.1sp1/nios2eds/bin/gnu/h-i686-mingw32/bin/../lib/gcc/nios2-elf/4.1.2/../../../../nios2-elf/lib\libc.a(lib_a-int_errno.o)
 .text          0x008024bc      0x194 c:/altera/12.1sp1/nios2eds/bin/gnu/h-i686-mingw32/bin/../lib/gcc/nios2-elf/4.1.2/../../../../nios2-elf/lib\libc.a(lib_a-makebuf.o)
                0x008024bc                __smakebuf_r
 .text          0x00802650       0x98 c:/altera/12.1sp1/nios2eds/bin/gnu/h-i686-mingw32/bin/../lib/gcc/nios2-elf/4.1.2/../../../../nios2-elf/lib\libc.a(lib_a-memset.o)
                0x00802650                memset
 .text          0x008026e8      0x14c c:/altera/12.1sp1/nios2eds/bin/gnu/h-i686-mingw32/bin/../lib/gcc/nios2-elf/4.1.2/../../../../nios2-elf/lib\libc.a(lib_a-stdio.o)
                0x008026e8                __sclose
                0x008026f0                __sseek
                0x00802758                __swrite
                0x008027d4                __sread
 .text          0x00802834       0x78 c:/altera/12.1sp1/nios2eds/bin/gnu/h-i686-mingw32/bin/../lib/gcc/nios2-elf/4.1.2/../../../../nios2-elf/lib\libc.a(lib_a-writer.o)
                0x00802834                _write_r
 .text          0x008028ac       0x70 c:/altera/12.1sp1/nios2eds/bin/gnu/h-i686-mingw32/bin/../lib/gcc/nios2-elf/4.1.2/../../../../nios2-elf/lib\libc.a(lib_a-closer.o)
                0x008028ac                _close_r
 .text          0x0080291c      0x124 c:/altera/12.1sp1/nios2eds/bin/gnu/h-i686-mingw32/bin/../lib/gcc/nios2-elf/4.1.2/../../../../nios2-elf/lib\libc.a(lib_a-fclose.o)
                0x0080291c                _fclose_r
                0x00802a2c                fclose
 .text          0x00802a40       0x74 c:/altera/12.1sp1/nios2eds/bin/gnu/h-i686-mingw32/bin/../lib/gcc/nios2-elf/4.1.2/../../../../nios2-elf/lib\libc.a(lib_a-fstatr.o)
                0x00802a40                _fstat_r
 .text          0x00802ab4       0x70 c:/altera/12.1sp1/nios2eds/bin/gnu/h-i686-mingw32/bin/../lib/gcc/nios2-elf/4.1.2/../../../../nios2-elf/lib\libc.a(lib_a-isattyr.o)
                0x00802ab4                _isatty_r
 .text          0x00802b24       0x78 c:/altera/12.1sp1/nios2eds/bin/gnu/h-i686-mingw32/bin/../lib/gcc/nios2-elf/4.1.2/../../../../nios2-elf/lib\libc.a(lib_a-lseekr.o)
                0x00802b24                _lseek_r
 .text          0x00802b9c       0x78 c:/altera/12.1sp1/nios2eds/bin/gnu/h-i686-mingw32/bin/../lib/gcc/nios2-elf/4.1.2/../../../../nios2-elf/lib\libc.a(lib_a-readr.o)
                0x00802b9c                _read_r
 .text          0x00802c14      0x15c ../test_bsp/\libucosii_bsp.a(alt_close.o)
                0x00802c14                close
 .text          0x00802d70       0x2c ../test_bsp/\libucosii_bsp.a(alt_dev.o)
 .text          0x00802d9c        0x0 ../test_bsp/\libucosii_bsp.a(alt_errno.o)
 .text          0x00802d9c      0x134 ../test_bsp/\libucosii_bsp.a(alt_fstat.o)
                0x00802d9c                fstat
 .text          0x00802ed0      0x120 ../test_bsp/\libucosii_bsp.a(alt_isatty.o)
                0x00802ed0                isatty
 .text          0x00802ff0       0xec ../test_bsp/\libucosii_bsp.a(alt_load.o)
                0x00802ff0                alt_load
 .text          0x008030dc      0x150 ../test_bsp/\libucosii_bsp.a(alt_lseek.o)
                0x008030dc                lseek
 .text          0x0080322c       0xc8 ../test_bsp/\libucosii_bsp.a(alt_main.o)
                0x0080322c                alt_main
 .text          0x008032f4      0x180 ../test_bsp/\libucosii_bsp.a(alt_read.o)
                0x008032f4                read
 .text          0x00803474       0x60 ../test_bsp/\libucosii_bsp.a(alt_release_fd.o)
                0x00803474                alt_release_fd
 .text          0x008034d4       0xbc ../test_bsp/\libucosii_bsp.a(alt_sbrk.o)
                0x008034d4                sbrk
 .text          0x00803590      0x180 ../test_bsp/\libucosii_bsp.a(alt_write.o)
                0x00803590                write
 .text          0x00803710      0x108 ../test_bsp/\libucosii_bsp.a(alt_env_lock.o)
                0x00803710                __env_lock
                0x008037bc                __env_unlock
 .text          0x00803818      0x1d8 ../test_bsp/\libucosii_bsp.a(alt_malloc_lock.o)
                0x00803818                __malloc_lock
                0x00803920                __malloc_unlock
 .text          0x008039f0     0x2128 ../test_bsp/\libucosii_bsp.a(os_core.o)
                0x008039f0                OSEventNameGet
                0x00803b20                OSEventNameSet
                0x00803c64                OSEventPendMulti
                0x00804318                OSInit
                0x0080436c                OSIntEnter
                0x008043e8                OSIntExit
                0x008044e8                OSSchedLock
                0x00804574                OSSchedUnlock
                0x00804658                OSStart
                0x008046c8                OSStatInit
                0x00804774                OSTimeTick
                0x008049b4                OSVersion
                0x008049d4                OS_Dummy
                0x008049f0                OS_EventTaskRdy
                0x00804b84                OS_EventTaskWait
                0x00804c94                OS_EventTaskWaitMulti
                0x00804de8                OS_EventTaskRemove
                0x00804ea0                OS_EventTaskRemoveMulti
                0x00804fa4                OS_EventWaitListInit
                0x00805370                OS_MemClr
                0x008053c4                OS_MemCopy
                0x00805430                OS_Sched
                0x00805574                OS_StrCopy
                0x008055f4                OS_StrLen
                0x0080564c                OS_TaskIdle
                0x008056a8                OS_TaskStat
                0x00805770                OS_TaskStatStkChk
                0x00805838                OS_TCBInit
 .text          0x00805b18      0x18c ../test_bsp/\libucosii_bsp.a(os_dbg.o)
                0x00805b18                OSDebugInit
 .text          0x00805ca4     0x193c ../test_bsp/\libucosii_bsp.a(os_flag.o)
                0x00805ca4                OSFlagAccept
                0x00805fd8                OSFlagCreate
                0x00806114                OSFlagDel
                0x008063bc                OSFlagNameGet
                0x00806500                OSFlagNameSet
                0x00806654                OSFlagPend
                0x00806c98                OSFlagPendGetFlagsRdy
                0x00806d00                OSFlagPost
                0x008070a8                OSFlagQuery
                0x00807340                OS_FlagInit
                0x00807534                OS_FlagUnlink
 .text          0x008075e0      0x808 ../test_bsp/\libucosii_bsp.a(os_mem.o)
                0x008075e0                OSMemCreate
                0x008077fc                OSMemGet
                0x00807900                OSMemNameGet
                0x00807a0c                OSMemNameSet
                0x00807b2c                OSMemPut
                0x00807c1c                OSMemQuery
                0x00807d18                OS_MemInit
 .text          0x00807de8     0x1334 ../test_bsp/\libucosii_bsp.a(os_q.o)
                0x00807de8                OSQAccept
                0x00807f3c                OSQCreate
                0x00808150                OSQDel
                0x00808450                OSQFlush
                0x00808518                OSQPend
                0x00808838                OSQPendAbort
                0x008089b4                OSQPost
                0x00808b34                OSQPostFront
                0x00808cbc                OSQPostOpt
                0x00808ef0                OSQQuery
                0x00809070                OS_QInit
 .text          0x0080911c      0xbc8 ../test_bsp/\libucosii_bsp.a(os_sem.o)
                0x0080911c                OSSemAccept
                0x008091dc                OSSemCreate
                0x008092f0                OSSemDel
                0x00809590                OSSemPend
                0x0080980c                OSSemPendAbort
                0x00809988                OSSemPost
                0x00809ab0                OSSemQuery
                0x00809be0                OSSemSet
 .text          0x00809ce4     0x1a40 ../test_bsp/\libucosii_bsp.a(os_task.o)
                0x00809ce4                OSTaskChangePrio
                0x0080a258                OSTaskCreate
                0x0080a42c                OSTaskCreateExt
                0x0080a62c                OSTaskDel
                0x0080aa38                OSTaskDelReq
                0x0080aba8                OSTaskNameGet
                0x0080ad60                OSTaskNameSet
                0x0080af24                OSTaskResume
                0x0080b13c                OSTaskStkChk
                0x0080b338                OSTaskSuspend
                0x0080b564                OSTaskQuery
                0x0080b6a8                OS_TaskStkClr
 .text          0x0080b724      0x598 ../test_bsp/\libucosii_bsp.a(os_time.o)
                0x0080b724                OSTimeDly
                0x0080b870                OSTimeDlyHMSM
                0x0080b9e4                OSTimeDlyResume
                0x0080bbf4                OSTimeGet
                0x0080bc58                OSTimeSet
 .text          0x0080bcbc       0xe0 ../test_bsp/\libucosii_bsp.a(alt_sys_init.o)
                0x0080bcbc                alt_irq_init
                0x0080bcf0                alt_sys_init
 .text          0x0080bd9c      0x148 ../test_bsp/\libucosii_bsp.a(altera_avalon_jtag_uart_fd.o)
                0x0080bd9c                altera_avalon_jtag_uart_read_fd
                0x0080bdf4                altera_avalon_jtag_uart_write_fd
                0x0080be4c                altera_avalon_jtag_uart_close_fd
                0x0080be94                altera_avalon_jtag_uart_ioctl_fd
 .text          0x0080bee4      0x584 ../test_bsp/\libucosii_bsp.a(altera_avalon_jtag_uart_init.o)
                0x0080bee4                altera_avalon_jtag_uart_init
                0x0080c3f4                altera_avalon_jtag_uart_close
 .text          0x0080c468       0xf4 ../test_bsp/\libucosii_bsp.a(altera_avalon_jtag_uart_ioctl.o)
                0x0080c468                altera_avalon_jtag_uart_ioctl
 .text          0x0080c55c      0x2c0 ../test_bsp/\libucosii_bsp.a(altera_avalon_jtag_uart_read.o)
                0x0080c55c                altera_avalon_jtag_uart_read
 .text          0x0080c81c      0x2dc ../test_bsp/\libucosii_bsp.a(altera_avalon_jtag_uart_write.o)
                0x0080c81c                altera_avalon_jtag_uart_write
 .text          0x0080caf8      0x100 ../test_bsp/\libucosii_bsp.a(altera_avalon_timer_sc.o)
                0x0080cb68                alt_avalon_timer_sc_init
 .text          0x0080cbf8      0x530 ../test_bsp/\libucosii_bsp.a(altera_up_avalon_character_lcd.o)
                0x0080cbf8                get_DDRAM_addr
                0x0080cc74                alt_up_character_lcd_send_cmd
                0x0080cca8                alt_up_character_lcd_init
                0x0080ccdc                alt_up_character_lcd_open_dev
                0x0080cd1c                alt_up_character_lcd_write
                0x0080cd94                alt_up_character_lcd_string
                0x0080ce0c                alt_up_character_lcd_write_fd
                0x0080ce58                alt_up_character_lcd_set_cursor_pos
                0x0080ced0                alt_up_character_lcd_shift_cursor
                0x0080cf80                alt_up_character_lcd_shift_display
                0x0080d030                alt_up_character_lcd_erase_pos
                0x0080d0c0                alt_up_character_lcd_cursor_off
                0x0080d0f4                alt_up_character_lcd_cursor_blink_on
 .text          0x0080d128      0x154 ../test_bsp/\libucosii_bsp.a(alt_alarm_start.o)
                0x0080d128                alt_alarm_start
 .text          0x0080d27c       0x44 ../test_bsp/\libucosii_bsp.a(alt_dcache_flush_all.o)
                0x0080d27c                alt_dcache_flush_all
 .text          0x0080d2c0      0x114 ../test_bsp/\libucosii_bsp.a(alt_dev_llist_insert.o)
                0x0080d2c0                alt_dev_llist_insert
 .text          0x0080d3d4       0x64 ../test_bsp/\libucosii_bsp.a(alt_do_ctors.o)
                0x0080d3d4                _do_ctors
 .text          0x0080d438       0x64 ../test_bsp/\libucosii_bsp.a(alt_do_dtors.o)
                0x0080d438                _do_dtors
 .text          0x0080d49c       0x94 ../test_bsp/\libucosii_bsp.a(alt_find_dev.o)
                0x0080d49c                alt_find_dev
 .text          0x0080d530       0x30 ../test_bsp/\libucosii_bsp.a(alt_icache_flush_all.o)
                0x0080d530                alt_icache_flush_all
 .text          0x0080d560      0x1d4 ../test_bsp/\libucosii_bsp.a(alt_iic.o)
                0x0080d560                alt_ic_isr_register
                0x0080d5b0                alt_ic_irq_enable
                0x0080d64c                alt_ic_irq_disable
                0x0080d6ec                alt_ic_irq_enabled
 .text          0x0080d734       0xf8 ../test_bsp/\libucosii_bsp.a(alt_iic_isr_register.o)
                0x0080d734                alt_iic_isr_register
 .text          0x0080d82c      0x13c ../test_bsp/\libucosii_bsp.a(alt_io_redirect.o)
                0x0080d8f0                alt_io_redirect
 .text          0x0080d968        0x0 ../test_bsp/\libucosii_bsp.a(alt_irq_entry.o)
 .text          0x0080d968        0x0 ../test_bsp/\libucosii_bsp.a(alt_irq_handler.o)
 .text          0x0080d968        0x0 ../test_bsp/\libucosii_bsp.a(alt_irq_vars.o)
 .text          0x0080d968      0x2c4 ../test_bsp/\libucosii_bsp.a(alt_open.o)
                0x0080da44                open
 .text          0x0080dc2c      0x1a8 ../test_bsp/\libucosii_bsp.a(alt_tick.o)
                0x0080dc2c                alt_alarm_stop
                0x0080dcc4                alt_tick
 .text          0x0080ddd4       0x20 ../test_bsp/\libucosii_bsp.a(altera_nios2_qsys_irq.o)
                0x0080ddd4                altera_nios2_qsys_irq_init
 .text          0x0080ddf4       0xd0 ../test_bsp/\libucosii_bsp.a(os_cpu_a.o)
                0x0080ddf4                OSCtxSw
                0x0080ddf4                OSIntCtxSw
                0x0080de80                OSStartHighRdy
                0x0080dea0                OSStartTsk
 .text          0x0080dec4      0x418 ../test_bsp/\libucosii_bsp.a(os_cpu_c.o)
                0x0080dec4                OSTaskStkInit
                0x0080e1d4                OSTaskCreateHook
                0x0080e1f4                OSTaskDelHook
                0x0080e214                OSTaskSwHook
                0x0080e230                OSTaskStatHook
                0x0080e24c                OSTimeTickHook
                0x0080e268                OSInitHookBegin
                0x0080e284                OSInitHookEnd
                0x0080e2a0                OSTaskIdleHook
                0x0080e2bc                OSTCBInitHook
 .text          0x0080e2dc        0x0 ../test_bsp/\libucosii_bsp.a(alt_exception_entry.o)
 .text          0x0080e2dc      0x120 ../test_bsp/\libucosii_bsp.a(alt_find_file.o)
                0x0080e2dc                alt_find_file
 .text          0x0080e3fc       0xf4 ../test_bsp/\libucosii_bsp.a(alt_get_fd.o)
                0x0080e3fc                alt_get_fd
 .text          0x0080e4f0       0x90 ../test_bsp/\libucosii_bsp.a(alt_icache_flush.o)
                0x0080e4f0                alt_icache_flush
 .text          0x0080e580       0x14 c:/altera/12.1sp1/nios2eds/bin/gnu/h-i686-mingw32/bin/../lib/gcc/nios2-elf/4.1.2/../../../../nios2-elf/lib\libc.a(lib_a-atexit.o)
                0x0080e580                atexit
 .text          0x0080e594       0x38 c:/altera/12.1sp1/nios2eds/bin/gnu/h-i686-mingw32/bin/../lib/gcc/nios2-elf/4.1.2/../../../../nios2-elf/lib\libc.a(lib_a-exit.o)
                0x0080e594                exit
 .text          0x0080e5cc       0x74 c:/altera/12.1sp1/nios2eds/bin/gnu/h-i686-mingw32/bin/../lib/gcc/nios2-elf/4.1.2/../../../../nios2-elf/lib\libc.a(lib_a-memcmp.o)
                0x0080e5cc                memcmp
 .text          0x0080e640      0x134 c:/altera/12.1sp1/nios2eds/bin/gnu/h-i686-mingw32/bin/../lib/gcc/nios2-elf/4.1.2/../../../../nios2-elf/lib\libc.a(lib_a-__atexit.o)
                0x0080e640                __register_exitproc
 .text          0x0080e774      0x1b4 c:/altera/12.1sp1/nios2eds/bin/gnu/h-i686-mingw32/bin/../lib/gcc/nios2-elf/4.1.2/../../../../nios2-elf/lib\libc.a(lib_a-__call_atexit.o)
                0x0080e778                __call_exitprocs
 .text          0x0080e928      0x14c c:/altera/12.1sp1/nios2eds/bin/gnu/h-i686-mingw32/bin/../lib/gcc/nios2-elf/4.1.2\libgcc.a(lib2-divmod.o)
                0x0080e9a4                __divsi3
                0x0080ea04                __modsi3
                0x0080ea64                __udivsi3
                0x0080ea6c                __umodsi3
 .text          0x0080ea74       0x6c ../test_bsp/\libucosii_bsp.a(alt_exit.o)
                0x0080eab4                _exit
 *(.gnu.warning.*)
 *(.fini)
                0x0080eae0                PROVIDE (__etext, ABSOLUTE (.))
                0x0080eae0                PROVIDE (_etext, ABSOLUTE (.))
                0x0080eae0                PROVIDE (etext, ABSOLUTE (.))
 *(.eh_frame_hdr)
                0x0080eae0                . = ALIGN (0x4)
                0x0080eae0                PROVIDE (__preinit_array_start, ABSOLUTE (.))
 *(.preinit_array)
                0x0080eae0                PROVIDE (__preinit_array_end, ABSOLUTE (.))
                0x0080eae0                PROVIDE (__init_array_start, ABSOLUTE (.))
 *(.init_array)
                0x0080eae0                PROVIDE (__init_array_end, ABSOLUTE (.))
                0x0080eae0                PROVIDE (__fini_array_start, ABSOLUTE (.))
 *(.fini_array)
                0x0080eae0                PROVIDE (__fini_array_end, ABSOLUTE (.))
 *(.eh_frame)
 *(.gcc_except_table)
 *(.dynamic)
                0x0080eae0                PROVIDE (__CTOR_LIST__, ABSOLUTE (.))
 *(.ctors)
 *(SORT(.ctors.*))
 .ctors.65535   0x0080eae0        0x4 c:/altera/12.1sp1/nios2eds/bin/gnu/h-i686-mingw32/bin/../lib/gcc/nios2-elf/4.1.2/../../../../nios2-elf/lib\libc.a(lib_a-__call_atexit.o)
                0x0080eae4                PROVIDE (__CTOR_END__, ABSOLUTE (.))
                0x0080eae4                PROVIDE (__DTOR_LIST__, ABSOLUTE (.))
 *(.dtors)
 *(SORT(.dtors.*))
                0x0080eae4                PROVIDE (__DTOR_END__, ABSOLUTE (.))
 *(.jcr)
                0x0080eae4                . = ALIGN (0x4)

.rodata         0x0080eae4      0x1a0
                0x0080eae4                PROVIDE (__ram_rodata_start, ABSOLUTE (.))
                0x0080eae4                . = ALIGN (0x4)
 *(.rodata .rodata.* .gnu.linkonce.r.*)
 .rodata        0x0080eae4       0x28 obj/default/hello_ucosii.o
 .rodata.str1.4
                0x0080eb0c        0x2 c:/altera/12.1sp1/nios2eds/bin/gnu/h-i686-mingw32/bin/../lib/gcc/nios2-elf/4.1.2/../../../../nios2-elf/lib\libc.a(lib_a-puts.o)
                                  0x4 (size before relaxing)
 *fill*         0x0080eb0e        0x2 00
 .rodata.str1.4
                0x0080eb10        0x4 c:/altera/12.1sp1/nios2eds/bin/gnu/h-i686-mingw32/bin/../lib/gcc/nios2-elf/4.1.2/../../../../nios2-elf/lib\libc.a(lib_a-impure.o)
 .rodata        0x0080eb14        0xc ../test_bsp/\libucosii_bsp.a(alt_dev.o)
 .rodata        0x0080eb20       0x14 ../test_bsp/\libucosii_bsp.a(alt_main.o)
 .rodata        0x0080eb34      0x120 ../test_bsp/\libucosii_bsp.a(os_core.o)
                0x0080eb34                OSUnMapTbl
 .rodata        0x0080ec54       0x2c ../test_bsp/\libucosii_bsp.a(alt_sys_init.o)
 .rodata        0x0080ec80        0x4 ../test_bsp/\libucosii_bsp.a(os_cpu_c.o)
 *(.rodata1)
                0x0080ec84                . = ALIGN (0x4)
                0x0080ec84                PROVIDE (__ram_rodata_end, ABSOLUTE (.))
                0x0080eae4                PROVIDE (__flash_rodata_start, LOADADDR (.rodata))

.rwdata         0x0080ec84     0x1afc load address 0x00810780
                0x0080ec84                PROVIDE (__ram_rwdata_start, ABSOLUTE (.))
                0x0080ec84                . = ALIGN (0x4)
 *(.got.plt)
 *(.got)
 *(.data1)
 *(.data .data.* .gnu.linkonce.d.*)
 .data          0x0080ec84        0x0 ../test_bsp//obj/HAL/src/crt0.o
 .data          0x0080ec84        0x0 obj/default/hello_ucosii.o
 .data          0x0080ec84        0x0 c:/altera/12.1sp1/nios2eds/bin/gnu/h-i686-mingw32/bin/../lib/gcc/nios2-elf/4.1.2/../../../../nios2-elf/lib\libc.a(lib_a-puts.o)
 .data          0x0080ec84        0x0 c:/altera/12.1sp1/nios2eds/bin/gnu/h-i686-mingw32/bin/../lib/gcc/nios2-elf/4.1.2/../../../../nios2-elf/lib\libc.a(lib_a-strlen.o)
 .data          0x0080ec84        0x0 c:/altera/12.1sp1/nios2eds/bin/gnu/h-i686-mingw32/bin/../lib/gcc/nios2-elf/4.1.2/../../../../nios2-elf/lib\libc.a(lib_a-fvwrite.o)
 .data          0x0080ec84      0x400 c:/altera/12.1sp1/nios2eds/bin/gnu/h-i686-mingw32/bin/../lib/gcc/nios2-elf/4.1.2/../../../../nios2-elf/lib\libc.a(lib_a-impure.o)
 .data          0x0080f084      0x408 c:/altera/12.1sp1/nios2eds/bin/gnu/h-i686-mingw32/bin/../lib/gcc/nios2-elf/4.1.2/../../../../nios2-elf/lib\libc.a(lib_a-mallocr.o)
                0x0080f084                __malloc_av_
 .data          0x0080f48c        0x0 c:/altera/12.1sp1/nios2eds/bin/gnu/h-i686-mingw32/bin/../lib/gcc/nios2-elf/4.1.2/../../../../nios2-elf/lib\libc.a(lib_a-memchr.o)
 .data          0x0080f48c        0x0 c:/altera/12.1sp1/nios2eds/bin/gnu/h-i686-mingw32/bin/../lib/gcc/nios2-elf/4.1.2/../../../../nios2-elf/lib\libc.a(lib_a-memcpy.o)
 .data          0x0080f48c        0x0 c:/altera/12.1sp1/nios2eds/bin/gnu/h-i686-mingw32/bin/../lib/gcc/nios2-elf/4.1.2/../../../../nios2-elf/lib\libc.a(lib_a-memmove.o)
 .data          0x0080f48c        0x0 c:/altera/12.1sp1/nios2eds/bin/gnu/h-i686-mingw32/bin/../lib/gcc/nios2-elf/4.1.2/../../../../nios2-elf/lib\libc.a(lib_a-reallocr.o)
 .data          0x0080f48c        0x0 c:/altera/12.1sp1/nios2eds/bin/gnu/h-i686-mingw32/bin/../lib/gcc/nios2-elf/4.1.2/../../../../nios2-elf/lib\libc.a(lib_a-sbrkr.o)
 .data          0x0080f48c        0x0 c:/altera/12.1sp1/nios2eds/bin/gnu/h-i686-mingw32/bin/../lib/gcc/nios2-elf/4.1.2/../../../../nios2-elf/lib\libc.a(lib_a-wsetup.o)
 .data          0x0080f48c        0x0 c:/altera/12.1sp1/nios2eds/bin/gnu/h-i686-mingw32/bin/../lib/gcc/nios2-elf/4.1.2/../../../../nios2-elf/lib\libc.a(lib_a-fflush.o)
 .data          0x0080f48c        0x0 c:/altera/12.1sp1/nios2eds/bin/gnu/h-i686-mingw32/bin/../lib/gcc/nios2-elf/4.1.2/../../../../nios2-elf/lib\libc.a(lib_a-findfp.o)
 .data          0x0080f48c        0x0 c:/altera/12.1sp1/nios2eds/bin/gnu/h-i686-mingw32/bin/../lib/gcc/nios2-elf/4.1.2/../../../../nios2-elf/lib\libc.a(lib_a-freer.o)
 .data          0x0080f48c        0x0 c:/altera/12.1sp1/nios2eds/bin/gnu/h-i686-mingw32/bin/../lib/gcc/nios2-elf/4.1.2/../../../../nios2-elf/lib\libc.a(lib_a-fwalk.o)
 .data          0x0080f48c        0x0 c:/altera/12.1sp1/nios2eds/bin/gnu/h-i686-mingw32/bin/../lib/gcc/nios2-elf/4.1.2/../../../../nios2-elf/lib\libc.a(lib_a-int_errno.o)
 .data          0x0080f48c        0x0 c:/altera/12.1sp1/nios2eds/bin/gnu/h-i686-mingw32/bin/../lib/gcc/nios2-elf/4.1.2/../../../../nios2-elf/lib\libc.a(lib_a-makebuf.o)
 .data          0x0080f48c        0x0 c:/altera/12.1sp1/nios2eds/bin/gnu/h-i686-mingw32/bin/../lib/gcc/nios2-elf/4.1.2/../../../../nios2-elf/lib\libc.a(lib_a-memset.o)
 .data          0x0080f48c        0x0 c:/altera/12.1sp1/nios2eds/bin/gnu/h-i686-mingw32/bin/../lib/gcc/nios2-elf/4.1.2/../../../../nios2-elf/lib\libc.a(lib_a-stdio.o)
 .data          0x0080f48c        0x0 c:/altera/12.1sp1/nios2eds/bin/gnu/h-i686-mingw32/bin/../lib/gcc/nios2-elf/4.1.2/../../../../nios2-elf/lib\libc.a(lib_a-writer.o)
 .data          0x0080f48c        0x0 c:/altera/12.1sp1/nios2eds/bin/gnu/h-i686-mingw32/bin/../lib/gcc/nios2-elf/4.1.2/../../../../nios2-elf/lib\libc.a(lib_a-closer.o)
 .data          0x0080f48c        0x0 c:/altera/12.1sp1/nios2eds/bin/gnu/h-i686-mingw32/bin/../lib/gcc/nios2-elf/4.1.2/../../../../nios2-elf/lib\libc.a(lib_a-fclose.o)
 .data          0x0080f48c        0x0 c:/altera/12.1sp1/nios2eds/bin/gnu/h-i686-mingw32/bin/../lib/gcc/nios2-elf/4.1.2/../../../../nios2-elf/lib\libc.a(lib_a-fstatr.o)
 .data          0x0080f48c        0x0 c:/altera/12.1sp1/nios2eds/bin/gnu/h-i686-mingw32/bin/../lib/gcc/nios2-elf/4.1.2/../../../../nios2-elf/lib\libc.a(lib_a-isattyr.o)
 .data          0x0080f48c        0x0 c:/altera/12.1sp1/nios2eds/bin/gnu/h-i686-mingw32/bin/../lib/gcc/nios2-elf/4.1.2/../../../../nios2-elf/lib\libc.a(lib_a-lseekr.o)
 .data          0x0080f48c        0x0 c:/altera/12.1sp1/nios2eds/bin/gnu/h-i686-mingw32/bin/../lib/gcc/nios2-elf/4.1.2/../../../../nios2-elf/lib\libc.a(lib_a-readr.o)
 .data          0x0080f48c        0x0 ../test_bsp/\libucosii_bsp.a(alt_close.o)
 .data          0x0080f48c      0x1a8 ../test_bsp/\libucosii_bsp.a(alt_dev.o)
                0x0080f48c                alt_dev_null
                0x0080f4b4                alt_fd_list
 .data          0x0080f634        0x0 ../test_bsp/\libucosii_bsp.a(alt_errno.o)
 .data          0x0080f634        0x0 ../test_bsp/\libucosii_bsp.a(alt_fstat.o)
 .data          0x0080f634        0x0 ../test_bsp/\libucosii_bsp.a(alt_isatty.o)
 .data          0x0080f634        0x0 ../test_bsp/\libucosii_bsp.a(alt_load.o)
 .data          0x0080f634        0x0 ../test_bsp/\libucosii_bsp.a(alt_lseek.o)
 .data          0x0080f634        0x0 ../test_bsp/\libucosii_bsp.a(alt_main.o)
 .data          0x0080f634        0x0 ../test_bsp/\libucosii_bsp.a(alt_read.o)
 .data          0x0080f634        0x0 ../test_bsp/\libucosii_bsp.a(alt_release_fd.o)
 .data          0x0080f634        0x0 ../test_bsp/\libucosii_bsp.a(alt_sbrk.o)
 .data          0x0080f634        0x0 ../test_bsp/\libucosii_bsp.a(alt_write.o)
 .data          0x0080f634        0x0 ../test_bsp/\libucosii_bsp.a(alt_env_lock.o)
 .data          0x0080f634        0x0 ../test_bsp/\libucosii_bsp.a(alt_malloc_lock.o)
 .data          0x0080f634        0x0 ../test_bsp/\libucosii_bsp.a(os_core.o)
 .data          0x0080f634        0x0 ../test_bsp/\libucosii_bsp.a(os_dbg.o)
 .data          0x0080f634        0x0 ../test_bsp/\libucosii_bsp.a(os_flag.o)
 .data          0x0080f634        0x0 ../test_bsp/\libucosii_bsp.a(os_mem.o)
 .data          0x0080f634        0x0 ../test_bsp/\libucosii_bsp.a(os_q.o)
 .data          0x0080f634        0x0 ../test_bsp/\libucosii_bsp.a(os_sem.o)
 .data          0x0080f634        0x0 ../test_bsp/\libucosii_bsp.a(os_task.o)
 .data          0x0080f634        0x0 ../test_bsp/\libucosii_bsp.a(os_time.o)
 .data          0x0080f634     0x1098 ../test_bsp/\libucosii_bsp.a(alt_sys_init.o)
 .data          0x008106cc        0x0 ../test_bsp/\libucosii_bsp.a(altera_avalon_jtag_uart_fd.o)
 .data          0x008106cc        0x0 ../test_bsp/\libucosii_bsp.a(altera_avalon_jtag_uart_init.o)
 .data          0x008106cc        0x0 ../test_bsp/\libucosii_bsp.a(altera_avalon_jtag_uart_ioctl.o)
 .data          0x008106cc        0x0 ../test_bsp/\libucosii_bsp.a(altera_avalon_jtag_uart_read.o)
 .data          0x008106cc        0x0 ../test_bsp/\libucosii_bsp.a(altera_avalon_jtag_uart_write.o)
 .data          0x008106cc        0x0 ../test_bsp/\libucosii_bsp.a(altera_avalon_timer_sc.o)
 .data          0x008106cc        0x0 ../test_bsp/\libucosii_bsp.a(altera_up_avalon_character_lcd.o)
 .data          0x008106cc        0x0 ../test_bsp/\libucosii_bsp.a(alt_alarm_start.o)
 .data          0x008106cc        0x0 ../test_bsp/\libucosii_bsp.a(alt_dcache_flush_all.o)
 .data          0x008106cc        0x0 ../test_bsp/\libucosii_bsp.a(alt_dev_llist_insert.o)
 .data          0x008106cc        0x0 ../test_bsp/\libucosii_bsp.a(alt_do_ctors.o)
 .data          0x008106cc        0x0 ../test_bsp/\libucosii_bsp.a(alt_do_dtors.o)
 .data          0x008106cc        0x0 ../test_bsp/\libucosii_bsp.a(alt_find_dev.o)
 .data          0x008106cc        0x0 ../test_bsp/\libucosii_bsp.a(alt_icache_flush_all.o)
 .data          0x008106cc        0x0 ../test_bsp/\libucosii_bsp.a(alt_iic.o)
 .data          0x008106cc        0x0 ../test_bsp/\libucosii_bsp.a(alt_iic_isr_register.o)
 .data          0x008106cc        0x0 ../test_bsp/\libucosii_bsp.a(alt_io_redirect.o)
 .data          0x008106cc        0x0 ../test_bsp/\libucosii_bsp.a(alt_irq_entry.o)
 .data          0x008106cc        0x0 ../test_bsp/\libucosii_bsp.a(alt_irq_handler.o)
 .data          0x008106cc        0x0 ../test_bsp/\libucosii_bsp.a(alt_irq_vars.o)
 .data          0x008106cc        0x0 ../test_bsp/\libucosii_bsp.a(alt_open.o)
 .data          0x008106cc        0x0 ../test_bsp/\libucosii_bsp.a(alt_tick.o)
 .data          0x008106cc        0x0 ../test_bsp/\libucosii_bsp.a(altera_nios2_qsys_irq.o)
 .data          0x008106cc        0x0 ../test_bsp/\libucosii_bsp.a(os_cpu_a.o)
 .data          0x008106cc        0x0 ../test_bsp/\libucosii_bsp.a(os_cpu_c.o)
 .data          0x008106cc        0x0 ../test_bsp/\libucosii_bsp.a(alt_exception_entry.o)
 .data          0x008106cc        0x0 ../test_bsp/\libucosii_bsp.a(alt_find_file.o)
 .data          0x008106cc        0x0 ../test_bsp/\libucosii_bsp.a(alt_get_fd.o)
 .data          0x008106cc        0x0 ../test_bsp/\libucosii_bsp.a(alt_icache_flush.o)
 .data          0x008106cc        0x0 c:/altera/12.1sp1/nios2eds/bin/gnu/h-i686-mingw32/bin/../lib/gcc/nios2-elf/4.1.2/../../../../nios2-elf/lib\libc.a(lib_a-atexit.o)
 .data          0x008106cc        0x0 c:/altera/12.1sp1/nios2eds/bin/gnu/h-i686-mingw32/bin/../lib/gcc/nios2-elf/4.1.2/../../../../nios2-elf/lib\libc.a(lib_a-exit.o)
 .data          0x008106cc        0x0 c:/altera/12.1sp1/nios2eds/bin/gnu/h-i686-mingw32/bin/../lib/gcc/nios2-elf/4.1.2/../../../../nios2-elf/lib\libc.a(lib_a-memcmp.o)
 .data          0x008106cc        0x0 c:/altera/12.1sp1/nios2eds/bin/gnu/h-i686-mingw32/bin/../lib/gcc/nios2-elf/4.1.2/../../../../nios2-elf/lib\libc.a(lib_a-__atexit.o)
 .data          0x008106cc        0x0 c:/altera/12.1sp1/nios2eds/bin/gnu/h-i686-mingw32/bin/../lib/gcc/nios2-elf/4.1.2/../../../../nios2-elf/lib\libc.a(lib_a-__call_atexit.o)
 .data          0x008106cc        0x0 c:/altera/12.1sp1/nios2eds/bin/gnu/h-i686-mingw32/bin/../lib/gcc/nios2-elf/4.1.2\libgcc.a(lib2-divmod.o)
 .data          0x008106cc        0x0 ../test_bsp/\libucosii_bsp.a(alt_exit.o)
                0x008186cc                _gp = ABSOLUTE ((. + 0x8000))
                0x008186cc                PROVIDE (gp, _gp)
 *(.rwdata .rwdata.*)
 *(.sdata .sdata.* .gnu.linkonce.s.*)
 .sdata         0x008106cc        0x8 c:/altera/12.1sp1/nios2eds/bin/gnu/h-i686-mingw32/bin/../lib/gcc/nios2-elf/4.1.2/../../../../nios2-elf/lib\libc.a(lib_a-impure.o)
                0x008106cc                _impure_ptr
                0x008106d0                _global_impure_ptr
 .sdata         0x008106d4        0x8 c:/altera/12.1sp1/nios2eds/bin/gnu/h-i686-mingw32/bin/../lib/gcc/nios2-elf/4.1.2/../../../../nios2-elf/lib\libc.a(lib_a-mallocr.o)
                0x008106d4                __malloc_trim_threshold
                0x008106d8                __malloc_sbrk_base
 .sdata         0x008106dc       0x14 ../test_bsp/\libucosii_bsp.a(alt_dev.o)
                0x008106dc                alt_fs_list
                0x008106e4                alt_dev_list
                0x008106ec                alt_max_fd
 .sdata         0x008106f0        0x4 ../test_bsp/\libucosii_bsp.a(alt_errno.o)
                0x008106f0                alt_errno
 .sdata         0x008106f4        0x4 ../test_bsp/\libucosii_bsp.a(alt_sbrk.o)
 .sdata         0x008106f8        0x4 ../test_bsp/\libucosii_bsp.a(alt_env_lock.o)
 .sdata         0x008106fc        0x4 ../test_bsp/\libucosii_bsp.a(alt_malloc_lock.o)
 .sdata         0x00810700       0x74 ../test_bsp/\libucosii_bsp.a(os_dbg.o)
                0x00810700                OSDebugEn
                0x00810704                OSEndiannessTest
                0x00810708                OSEventEn
                0x0081070a                OSEventMax
                0x0081070c                OSEventNameSize
                0x0081070e                OSEventSize
                0x00810710                OSEventTblSize
                0x00810712                OSEventMultiEn
                0x00810714                OSFlagEn
                0x00810716                OSFlagGrpSize
                0x00810718                OSFlagNodeSize
                0x0081071a                OSFlagWidth
                0x0081071c                OSFlagMax
                0x0081071e                OSFlagNameSize
                0x00810720                OSLowestPrio
                0x00810722                OSMboxEn
                0x00810724                OSMemEn
                0x00810726                OSMemMax
                0x00810728                OSMemNameSize
                0x0081072a                OSMemSize
                0x0081072c                OSMemTblSize
                0x0081072e                OSMutexEn
                0x00810730                OSPtrSize
                0x00810732                OSQEn
                0x00810734                OSQMax
                0x00810736                OSQSize
                0x00810738                OSRdyTblSize
                0x0081073a                OSSemEn
                0x0081073c                OSStkWidth
                0x0081073e                OSTaskCreateEn
                0x00810740                OSTaskCreateExtEn
                0x00810742                OSTaskDelEn
                0x00810744                OSTaskIdleStkSize
                0x00810746                OSTaskProfileEn
                0x00810748                OSTaskMax
                0x0081074a                OSTaskNameSize
                0x0081074c                OSTaskStatEn
                0x0081074e                OSTaskStatStkSize
                0x00810750                OSTaskStatStkChkEn
                0x00810752                OSTaskSwHookEn
                0x00810754                OSTCBPrioTblMax
                0x00810756                OSTCBSize
                0x00810758                OSTicksPerSec
                0x0081075a                OSTimeTickHookEn
                0x0081075c                OSVersionNbr
                0x0081075e                OSTmrEn
                0x00810760                OSTmrCfgMax
                0x00810762                OSTmrCfgNameSize
                0x00810764                OSTmrCfgWheelSize
                0x00810766                OSTmrCfgTicksPerSec
                0x00810768                OSTmrSize
                0x0081076a                OSTmrTblSize
                0x0081076c                OSTmrWheelSize
                0x0081076e                OSTmrWheelTblSize
                0x00810770                OSDataSize
 .sdata         0x00810774        0x4 ../test_bsp/\libucosii_bsp.a(alt_irq_vars.o)
                0x00810774                alt_priority_mask
 .sdata         0x00810778        0x8 ../test_bsp/\libucosii_bsp.a(alt_tick.o)
                0x00810778                alt_alarm_list
 *(.sdata2 .sdata2.* .gnu.linkonce.s2.*)
                0x00810780                . = ALIGN (0x4)
                0x00810780                _edata = ABSOLUTE (.)
                0x00810780                PROVIDE (edata, ABSOLUTE (.))
                0x00810780                PROVIDE (__ram_rwdata_end, ABSOLUTE (.))
                0x00810780                PROVIDE (__flash_rwdata_start, LOADADDR (.rwdata))

.bss            0x0081227c     0x7568
                0x0081227c                __bss_start = ABSOLUTE (.)
                0x0081227c                PROVIDE (__sbss_start, ABSOLUTE (.))
                0x0081227c                PROVIDE (___sbss_start, ABSOLUTE (.))
 *(.dynsbss)
 *(.sbss .sbss.* .gnu.linkonce.sb.*)
 .sbss          0x0081227c        0xc c:/altera/12.1sp1/nios2eds/bin/gnu/h-i686-mingw32/bin/../lib/gcc/nios2-elf/4.1.2/../../../../nios2-elf/lib\libc.a(lib_a-mallocr.o)
                0x0081227c                __malloc_top_pad
                0x00812280                __malloc_max_sbrked_mem
                0x00812284                __malloc_max_total_mem
 .sbss          0x00812288        0x4 c:/altera/12.1sp1/nios2eds/bin/gnu/h-i686-mingw32/bin/../lib/gcc/nios2-elf/4.1.2/../../../../nios2-elf/lib\libc.a(lib_a-int_errno.o)
                0x00812288                errno
 .sbss          0x0081228c        0x4 ../test_bsp/\libucosii_bsp.a(alt_dev.o)
                0x0081228c                alt_fd_list_lock
 .sbss          0x00812290        0xc ../test_bsp/\libucosii_bsp.a(alt_main.o)
                0x00812290                alt_argc
                0x00812294                alt_argv
                0x00812298                alt_envp
 .sbss          0x0081229c        0x8 ../test_bsp/\libucosii_bsp.a(alt_env_lock.o)
                0x008122a0                alt_envsem
 .sbss          0x008122a4        0x8 ../test_bsp/\libucosii_bsp.a(alt_malloc_lock.o)
                0x008122a8                alt_heapsem
 .sbss          0x008122ac       0x50 ../test_bsp/\libucosii_bsp.a(os_core.o)
                0x008122ac                OSLockNesting
                0x008122ad                OSRunning
                0x008122b0                OSIdleCtr
                0x008122b4                OSPrioHighRdy
                0x008122b5                OSPrioCur
                0x008122b8                OSTCBList
                0x008122bc                OSTickStepState
                0x008122c0                OSCtxSwCtr
                0x008122c4                OSIdleCtrMax
                0x008122c8                OSTCBFreeList
                0x008122cc                OSCPUUsage
                0x008122cd                OSTaskCtr
                0x008122d0                OSMemFreeList
                0x008122d4                OSTCBHighRdy
                0x008122d8                OSQFreeList
                0x008122dc                OSRdyGrp
                0x008122dd                OSRdyTbl
                0x008122e0                OSEventFreeList
                0x008122e4                OSIntNesting
                0x008122e8                OSTCBCur
                0x008122ec                OSTime
                0x008122f0                OSFlagFreeList
                0x008122f4                OSStatRdy
                0x008122f8                OSIdleCtrRun
 .sbss          0x008122fc        0x4 ../test_bsp/\libucosii_bsp.a(alt_irq_vars.o)
                0x008122fc                alt_irq_active
 .sbss          0x00812300        0x8 ../test_bsp/\libucosii_bsp.a(alt_tick.o)
                0x00812300                _alt_tick_rate
                0x00812304                _alt_nticks
 *(.sbss2 .sbss2.* .gnu.linkonce.sb2.*)
 *(.scommon)
                0x00812308                PROVIDE (__sbss_end, ABSOLUTE (.))
                0x00812308                PROVIDE (___sbss_end, ABSOLUTE (.))
 *(.dynbss)
 *(.bss .bss.* .gnu.linkonce.b.*)
 .bss           0x00812308        0x0 ../test_bsp//obj/HAL/src/crt0.o
 .bss           0x00812308        0x0 obj/default/hello_ucosii.o
 .bss           0x00812308        0x0 c:/altera/12.1sp1/nios2eds/bin/gnu/h-i686-mingw32/bin/../lib/gcc/nios2-elf/4.1.2/../../../../nios2-elf/lib\libc.a(lib_a-puts.o)
 .bss           0x00812308        0x0 c:/altera/12.1sp1/nios2eds/bin/gnu/h-i686-mingw32/bin/../lib/gcc/nios2-elf/4.1.2/../../../../nios2-elf/lib\libc.a(lib_a-strlen.o)
 .bss           0x00812308        0x0 c:/altera/12.1sp1/nios2eds/bin/gnu/h-i686-mingw32/bin/../lib/gcc/nios2-elf/4.1.2/../../../../nios2-elf/lib\libc.a(lib_a-fvwrite.o)
 .bss           0x00812308        0x0 c:/altera/12.1sp1/nios2eds/bin/gnu/h-i686-mingw32/bin/../lib/gcc/nios2-elf/4.1.2/../../../../nios2-elf/lib\libc.a(lib_a-impure.o)
 .bss           0x00812308       0x28 c:/altera/12.1sp1/nios2eds/bin/gnu/h-i686-mingw32/bin/../lib/gcc/nios2-elf/4.1.2/../../../../nios2-elf/lib\libc.a(lib_a-mallocr.o)
                0x00812308                __malloc_current_mallinfo
 .bss           0x00812330        0x0 c:/altera/12.1sp1/nios2eds/bin/gnu/h-i686-mingw32/bin/../lib/gcc/nios2-elf/4.1.2/../../../../nios2-elf/lib\libc.a(lib_a-memchr.o)
 .bss           0x00812330        0x0 c:/altera/12.1sp1/nios2eds/bin/gnu/h-i686-mingw32/bin/../lib/gcc/nios2-elf/4.1.2/../../../../nios2-elf/lib\libc.a(lib_a-memcpy.o)
 .bss           0x00812330        0x0 c:/altera/12.1sp1/nios2eds/bin/gnu/h-i686-mingw32/bin/../lib/gcc/nios2-elf/4.1.2/../../../../nios2-elf/lib\libc.a(lib_a-memmove.o)
 .bss           0x00812330        0x0 c:/altera/12.1sp1/nios2eds/bin/gnu/h-i686-mingw32/bin/../lib/gcc/nios2-elf/4.1.2/../../../../nios2-elf/lib\libc.a(lib_a-reallocr.o)
 .bss           0x00812330        0x0 c:/altera/12.1sp1/nios2eds/bin/gnu/h-i686-mingw32/bin/../lib/gcc/nios2-elf/4.1.2/../../../../nios2-elf/lib\libc.a(lib_a-sbrkr.o)
 .bss           0x00812330        0x0 c:/altera/12.1sp1/nios2eds/bin/gnu/h-i686-mingw32/bin/../lib/gcc/nios2-elf/4.1.2/../../../../nios2-elf/lib\libc.a(lib_a-wsetup.o)
 .bss           0x00812330        0x0 c:/altera/12.1sp1/nios2eds/bin/gnu/h-i686-mingw32/bin/../lib/gcc/nios2-elf/4.1.2/../../../../nios2-elf/lib\libc.a(lib_a-fflush.o)
 .bss           0x00812330        0x0 c:/altera/12.1sp1/nios2eds/bin/gnu/h-i686-mingw32/bin/../lib/gcc/nios2-elf/4.1.2/../../../../nios2-elf/lib\libc.a(lib_a-findfp.o)
 .bss           0x00812330        0x0 c:/altera/12.1sp1/nios2eds/bin/gnu/h-i686-mingw32/bin/../lib/gcc/nios2-elf/4.1.2/../../../../nios2-elf/lib\libc.a(lib_a-freer.o)
 .bss           0x00812330        0x0 c:/altera/12.1sp1/nios2eds/bin/gnu/h-i686-mingw32/bin/../lib/gcc/nios2-elf/4.1.2/../../../../nios2-elf/lib\libc.a(lib_a-fwalk.o)
 .bss           0x00812330        0x0 c:/altera/12.1sp1/nios2eds/bin/gnu/h-i686-mingw32/bin/../lib/gcc/nios2-elf/4.1.2/../../../../nios2-elf/lib\libc.a(lib_a-int_errno.o)
 .bss           0x00812330        0x0 c:/altera/12.1sp1/nios2eds/bin/gnu/h-i686-mingw32/bin/../lib/gcc/nios2-elf/4.1.2/../../../../nios2-elf/lib\libc.a(lib_a-makebuf.o)
 .bss           0x00812330        0x0 c:/altera/12.1sp1/nios2eds/bin/gnu/h-i686-mingw32/bin/../lib/gcc/nios2-elf/4.1.2/../../../../nios2-elf/lib\libc.a(lib_a-memset.o)
 .bss           0x00812330        0x0 c:/altera/12.1sp1/nios2eds/bin/gnu/h-i686-mingw32/bin/../lib/gcc/nios2-elf/4.1.2/../../../../nios2-elf/lib\libc.a(lib_a-stdio.o)
 .bss           0x00812330        0x0 c:/altera/12.1sp1/nios2eds/bin/gnu/h-i686-mingw32/bin/../lib/gcc/nios2-elf/4.1.2/../../../../nios2-elf/lib\libc.a(lib_a-writer.o)
 .bss           0x00812330        0x0 c:/altera/12.1sp1/nios2eds/bin/gnu/h-i686-mingw32/bin/../lib/gcc/nios2-elf/4.1.2/../../../../nios2-elf/lib\libc.a(lib_a-closer.o)
 .bss           0x00812330        0x0 c:/altera/12.1sp1/nios2eds/bin/gnu/h-i686-mingw32/bin/../lib/gcc/nios2-elf/4.1.2/../../../../nios2-elf/lib\libc.a(lib_a-fclose.o)
 .bss           0x00812330        0x0 c:/altera/12.1sp1/nios2eds/bin/gnu/h-i686-mingw32/bin/../lib/gcc/nios2-elf/4.1.2/../../../../nios2-elf/lib\libc.a(lib_a-fstatr.o)
 .bss           0x00812330        0x0 c:/altera/12.1sp1/nios2eds/bin/gnu/h-i686-mingw32/bin/../lib/gcc/nios2-elf/4.1.2/../../../../nios2-elf/lib\libc.a(lib_a-isattyr.o)
 .bss           0x00812330        0x0 c:/altera/12.1sp1/nios2eds/bin/gnu/h-i686-mingw32/bin/../lib/gcc/nios2-elf/4.1.2/../../../../nios2-elf/lib\libc.a(lib_a-lseekr.o)
 .bss           0x00812330        0x0 c:/altera/12.1sp1/nios2eds/bin/gnu/h-i686-mingw32/bin/../lib/gcc/nios2-elf/4.1.2/../../../../nios2-elf/lib\libc.a(lib_a-readr.o)
 .bss           0x00812330        0x0 ../test_bsp/\libucosii_bsp.a(alt_close.o)
 .bss           0x00812330        0x0 ../test_bsp/\libucosii_bsp.a(alt_dev.o)
 .bss           0x00812330        0x0 ../test_bsp/\libucosii_bsp.a(alt_errno.o)
 .bss           0x00812330        0x0 ../test_bsp/\libucosii_bsp.a(alt_fstat.o)
 .bss           0x00812330        0x0 ../test_bsp/\libucosii_bsp.a(alt_isatty.o)
 .bss           0x00812330        0x0 ../test_bsp/\libucosii_bsp.a(alt_load.o)
 .bss           0x00812330        0x0 ../test_bsp/\libucosii_bsp.a(alt_lseek.o)
 .bss           0x00812330        0x0 ../test_bsp/\libucosii_bsp.a(alt_main.o)
 .bss           0x00812330        0x0 ../test_bsp/\libucosii_bsp.a(alt_read.o)
 .bss           0x00812330        0x0 ../test_bsp/\libucosii_bsp.a(alt_release_fd.o)
 .bss           0x00812330        0x0 ../test_bsp/\libucosii_bsp.a(alt_sbrk.o)
 .bss           0x00812330        0x0 ../test_bsp/\libucosii_bsp.a(alt_write.o)
 .bss           0x00812330        0x0 ../test_bsp/\libucosii_bsp.a(alt_env_lock.o)
 .bss           0x00812330        0x0 ../test_bsp/\libucosii_bsp.a(alt_malloc_lock.o)
 .bss           0x00812330        0x0 ../test_bsp/\libucosii_bsp.a(os_core.o)
 .bss           0x00812330        0x0 ../test_bsp/\libucosii_bsp.a(os_dbg.o)
 .bss           0x00812330        0x0 ../test_bsp/\libucosii_bsp.a(os_flag.o)
 .bss           0x00812330        0x0 ../test_bsp/\libucosii_bsp.a(os_mem.o)
 .bss           0x00812330        0x0 ../test_bsp/\libucosii_bsp.a(os_q.o)
 .bss           0x00812330        0x0 ../test_bsp/\libucosii_bsp.a(os_sem.o)
 .bss           0x00812330        0x0 ../test_bsp/\libucosii_bsp.a(os_task.o)
 .bss           0x00812330        0x0 ../test_bsp/\libucosii_bsp.a(os_time.o)
 .bss           0x00812330        0x0 ../test_bsp/\libucosii_bsp.a(alt_sys_init.o)
 .bss           0x00812330        0x0 ../test_bsp/\libucosii_bsp.a(altera_avalon_jtag_uart_fd.o)
 .bss           0x00812330        0x0 ../test_bsp/\libucosii_bsp.a(altera_avalon_jtag_uart_init.o)
 .bss           0x00812330        0x0 ../test_bsp/\libucosii_bsp.a(altera_avalon_jtag_uart_ioctl.o)
 .bss           0x00812330        0x0 ../test_bsp/\libucosii_bsp.a(altera_avalon_jtag_uart_read.o)
 .bss           0x00812330        0x0 ../test_bsp/\libucosii_bsp.a(altera_avalon_jtag_uart_write.o)
 .bss           0x00812330        0x0 ../test_bsp/\libucosii_bsp.a(altera_avalon_timer_sc.o)
 .bss           0x00812330        0x0 ../test_bsp/\libucosii_bsp.a(altera_up_avalon_character_lcd.o)
 .bss           0x00812330        0x0 ../test_bsp/\libucosii_bsp.a(alt_alarm_start.o)
 .bss           0x00812330        0x0 ../test_bsp/\libucosii_bsp.a(alt_dcache_flush_all.o)
 .bss           0x00812330        0x0 ../test_bsp/\libucosii_bsp.a(alt_dev_llist_insert.o)
 .bss           0x00812330        0x0 ../test_bsp/\libucosii_bsp.a(alt_do_ctors.o)
 .bss           0x00812330        0x0 ../test_bsp/\libucosii_bsp.a(alt_do_dtors.o)
 .bss           0x00812330        0x0 ../test_bsp/\libucosii_bsp.a(alt_find_dev.o)
 .bss           0x00812330        0x0 ../test_bsp/\libucosii_bsp.a(alt_icache_flush_all.o)
 .bss           0x00812330        0x0 ../test_bsp/\libucosii_bsp.a(alt_iic.o)
 .bss           0x00812330        0x0 ../test_bsp/\libucosii_bsp.a(alt_iic_isr_register.o)
 .bss           0x00812330        0x0 ../test_bsp/\libucosii_bsp.a(alt_io_redirect.o)
 .bss           0x00812330        0x0 ../test_bsp/\libucosii_bsp.a(alt_irq_entry.o)
 .bss           0x00812330        0x0 ../test_bsp/\libucosii_bsp.a(alt_irq_handler.o)
 .bss           0x00812330        0x0 ../test_bsp/\libucosii_bsp.a(alt_irq_vars.o)
 .bss           0x00812330        0x0 ../test_bsp/\libucosii_bsp.a(alt_open.o)
 .bss           0x00812330        0x0 ../test_bsp/\libucosii_bsp.a(alt_tick.o)
 .bss           0x00812330        0x0 ../test_bsp/\libucosii_bsp.a(altera_nios2_qsys_irq.o)
 .bss           0x00812330        0x0 ../test_bsp/\libucosii_bsp.a(os_cpu_a.o)
 .bss           0x00812330        0x0 ../test_bsp/\libucosii_bsp.a(os_cpu_c.o)
 .bss           0x00812330        0x0 ../test_bsp/\libucosii_bsp.a(alt_exception_entry.o)
 .bss           0x00812330        0x0 ../test_bsp/\libucosii_bsp.a(alt_find_file.o)
 .bss           0x00812330        0x0 ../test_bsp/\libucosii_bsp.a(alt_get_fd.o)
 .bss           0x00812330        0x0 ../test_bsp/\libucosii_bsp.a(alt_icache_flush.o)
 .bss           0x00812330        0x0 c:/altera/12.1sp1/nios2eds/bin/gnu/h-i686-mingw32/bin/../lib/gcc/nios2-elf/4.1.2/../../../../nios2-elf/lib\libc.a(lib_a-atexit.o)
 .bss           0x00812330        0x0 c:/altera/12.1sp1/nios2eds/bin/gnu/h-i686-mingw32/bin/../lib/gcc/nios2-elf/4.1.2/../../../../nios2-elf/lib\libc.a(lib_a-exit.o)
 .bss           0x00812330        0x0 c:/altera/12.1sp1/nios2eds/bin/gnu/h-i686-mingw32/bin/../lib/gcc/nios2-elf/4.1.2/../../../../nios2-elf/lib\libc.a(lib_a-memcmp.o)
 .bss           0x00812330        0x0 c:/altera/12.1sp1/nios2eds/bin/gnu/h-i686-mingw32/bin/../lib/gcc/nios2-elf/4.1.2/../../../../nios2-elf/lib\libc.a(lib_a-__atexit.o)
 .bss           0x00812330        0x0 c:/altera/12.1sp1/nios2eds/bin/gnu/h-i686-mingw32/bin/../lib/gcc/nios2-elf/4.1.2/../../../../nios2-elf/lib\libc.a(lib_a-__call_atexit.o)
 .bss           0x00812330        0x0 c:/altera/12.1sp1/nios2eds/bin/gnu/h-i686-mingw32/bin/../lib/gcc/nios2-elf/4.1.2\libgcc.a(lib2-divmod.o)
 .bss           0x00812330        0x0 ../test_bsp/\libucosii_bsp.a(alt_exit.o)
 *(COMMON)
 COMMON         0x00812330     0x4000 obj/default/hello_ucosii.o
                0x00812330                task1_stk
                0x00814330                task2_stk
 COMMON         0x00816330     0x3224 ../test_bsp/\libucosii_bsp.a(os_core.o)
                0x00816330                OSFlagTbl
                0x008166a0                OSMemTbl
                0x008172d0                OSTaskStatStk
                0x00817ad0                OSQTbl
                0x00817cb0                OSTaskIdleStk
                0x008184b0                OSEventTbl
                0x00818ff0                OSTCBTbl
                0x00819500                OSTCBPrioTbl
 COMMON         0x00819554      0x100 ../test_bsp/\libucosii_bsp.a(alt_irq_handler.o)
                0x00819554                alt_irq
 COMMON         0x00819654      0x190 c:/altera/12.1sp1/nios2eds/bin/gnu/h-i686-mingw32/bin/../lib/gcc/nios2-elf/4.1.2/../../../../nios2-elf/lib\libc.a(lib_a-atexit.o)
                0x00819654                _atexit0
                0x008197e4                . = ALIGN (0x4)
                0x008197e4                __bss_end = ABSOLUTE (.)

.sdram_0        0x008197e4        0x0
                0x008197e4                PROVIDE (_alt_partition_sdram_0_start, ABSOLUTE (.))
 *(.sdram_0. sdram_0.*)
                0x008197e4                . = ALIGN (0x4)
                0x008197e4                PROVIDE (_alt_partition_sdram_0_end, ABSOLUTE (.))
                0x008197e4                _end = ABSOLUTE (.)
                0x008197e4                end = ABSOLUTE (.)
                0x008197e4                __alt_stack_base = ABSOLUTE (.)
                0x008197e4                PROVIDE (_alt_partition_sdram_0_load_addr, LOADADDR (.sdram_0))

.sram_0         0x01080000        0x0 load address 0x008197e4
                0x01080000                PROVIDE (_alt_partition_sram_0_start, ABSOLUTE (.))
 *(.sram_0. sram_0.*)
                0x01080000                . = ALIGN (0x4)
                0x01080000                PROVIDE (_alt_partition_sram_0_end, ABSOLUTE (.))
                0x008197e4                PROVIDE (_alt_partition_sram_0_load_addr, LOADADDR (.sram_0))

.onchip_memory2_0
                0x011041bc        0x0 load address 0x008197e4
                0x011041bc                PROVIDE (_alt_partition_onchip_memory2_0_start, ABSOLUTE (.))
 *(.onchip_memory2_0. onchip_memory2_0.*)
                0x011041bc                . = ALIGN (0x4)
                0x011041bc                PROVIDE (_alt_partition_onchip_memory2_0_end, ABSOLUTE (.))
                0x008197e4                PROVIDE (_alt_partition_onchip_memory2_0_load_addr, LOADADDR (.onchip_memory2_0))

.stab
 *(.stab)

.stabstr
 *(.stabstr)

.stab.excl
 *(.stab.excl)

.stab.exclstr
 *(.stab.exclstr)

.stab.index
 *(.stab.index)

.stab.indexstr
 *(.stab.indexstr)

.comment        0x00000000       0x26
 *(.comment)
 .comment       0x00000000       0x26 obj/default/hello_ucosii.o
                                 0x27 (size before relaxing)
 .comment       0x00000000       0x27 c:/altera/12.1sp1/nios2eds/bin/gnu/h-i686-mingw32/bin/../lib/gcc/nios2-elf/4.1.2/../../../../nios2-elf/lib\libc.a(lib_a-puts.o)
 .comment       0x00000000       0x27 c:/altera/12.1sp1/nios2eds/bin/gnu/h-i686-mingw32/bin/../lib/gcc/nios2-elf/4.1.2/../../../../nios2-elf/lib\libc.a(lib_a-strlen.o)
 .comment       0x00000000       0x27 c:/altera/12.1sp1/nios2eds/bin/gnu/h-i686-mingw32/bin/../lib/gcc/nios2-elf/4.1.2/../../../../nios2-elf/lib\libc.a(lib_a-fvwrite.o)
 .comment       0x00000000       0x27 c:/altera/12.1sp1/nios2eds/bin/gnu/h-i686-mingw32/bin/../lib/gcc/nios2-elf/4.1.2/../../../../nios2-elf/lib\libc.a(lib_a-impure.o)
 .comment       0x00000000       0x27 c:/altera/12.1sp1/nios2eds/bin/gnu/h-i686-mingw32/bin/../lib/gcc/nios2-elf/4.1.2/../../../../nios2-elf/lib\libc.a(lib_a-mallocr.o)
 .comment       0x00000000       0x27 c:/altera/12.1sp1/nios2eds/bin/gnu/h-i686-mingw32/bin/../lib/gcc/nios2-elf/4.1.2/../../../../nios2-elf/lib\libc.a(lib_a-memchr.o)
 .comment       0x00000000       0x27 c:/altera/12.1sp1/nios2eds/bin/gnu/h-i686-mingw32/bin/../lib/gcc/nios2-elf/4.1.2/../../../../nios2-elf/lib\libc.a(lib_a-memcpy.o)
 .comment       0x00000000       0x27 c:/altera/12.1sp1/nios2eds/bin/gnu/h-i686-mingw32/bin/../lib/gcc/nios2-elf/4.1.2/../../../../nios2-elf/lib\libc.a(lib_a-memmove.o)
 .comment       0x00000000       0x27 c:/altera/12.1sp1/nios2eds/bin/gnu/h-i686-mingw32/bin/../lib/gcc/nios2-elf/4.1.2/../../../../nios2-elf/lib\libc.a(lib_a-reallocr.o)
 .comment       0x00000000       0x27 c:/altera/12.1sp1/nios2eds/bin/gnu/h-i686-mingw32/bin/../lib/gcc/nios2-elf/4.1.2/../../../../nios2-elf/lib\libc.a(lib_a-sbrkr.o)
 .comment       0x00000000       0x27 c:/altera/12.1sp1/nios2eds/bin/gnu/h-i686-mingw32/bin/../lib/gcc/nios2-elf/4.1.2/../../../../nios2-elf/lib\libc.a(lib_a-wsetup.o)
 .comment       0x00000000       0x27 c:/altera/12.1sp1/nios2eds/bin/gnu/h-i686-mingw32/bin/../lib/gcc/nios2-elf/4.1.2/../../../../nios2-elf/lib\libc.a(lib_a-fflush.o)
 .comment       0x00000000       0x27 c:/altera/12.1sp1/nios2eds/bin/gnu/h-i686-mingw32/bin/../lib/gcc/nios2-elf/4.1.2/../../../../nios2-elf/lib\libc.a(lib_a-findfp.o)
 .comment       0x00000000       0x27 c:/altera/12.1sp1/nios2eds/bin/gnu/h-i686-mingw32/bin/../lib/gcc/nios2-elf/4.1.2/../../../../nios2-elf/lib\libc.a(lib_a-freer.o)
 .comment       0x00000000       0x27 c:/altera/12.1sp1/nios2eds/bin/gnu/h-i686-mingw32/bin/../lib/gcc/nios2-elf/4.1.2/../../../../nios2-elf/lib\libc.a(lib_a-fwalk.o)
 .comment       0x00000000       0x27 c:/altera/12.1sp1/nios2eds/bin/gnu/h-i686-mingw32/bin/../lib/gcc/nios2-elf/4.1.2/../../../../nios2-elf/lib\libc.a(lib_a-int_errno.o)
 .comment       0x00000000       0x27 c:/altera/12.1sp1/nios2eds/bin/gnu/h-i686-mingw32/bin/../lib/gcc/nios2-elf/4.1.2/../../../../nios2-elf/lib\libc.a(lib_a-makebuf.o)
 .comment       0x00000000       0x27 c:/altera/12.1sp1/nios2eds/bin/gnu/h-i686-mingw32/bin/../lib/gcc/nios2-elf/4.1.2/../../../../nios2-elf/lib\libc.a(lib_a-memset.o)
 .comment       0x00000000       0x27 c:/altera/12.1sp1/nios2eds/bin/gnu/h-i686-mingw32/bin/../lib/gcc/nios2-elf/4.1.2/../../../../nios2-elf/lib\libc.a(lib_a-stdio.o)
 .comment       0x00000000       0x27 c:/altera/12.1sp1/nios2eds/bin/gnu/h-i686-mingw32/bin/../lib/gcc/nios2-elf/4.1.2/../../../../nios2-elf/lib\libc.a(lib_a-writer.o)
 .comment       0x00000000       0x27 c:/altera/12.1sp1/nios2eds/bin/gnu/h-i686-mingw32/bin/../lib/gcc/nios2-elf/4.1.2/../../../../nios2-elf/lib\libc.a(lib_a-closer.o)
 .comment       0x00000000       0x27 c:/altera/12.1sp1/nios2eds/bin/gnu/h-i686-mingw32/bin/../lib/gcc/nios2-elf/4.1.2/../../../../nios2-elf/lib\libc.a(lib_a-fclose.o)
 .comment       0x00000000       0x27 c:/altera/12.1sp1/nios2eds/bin/gnu/h-i686-mingw32/bin/../lib/gcc/nios2-elf/4.1.2/../../../../nios2-elf/lib\libc.a(lib_a-fstatr.o)
 .comment       0x00000000       0x27 c:/altera/12.1sp1/nios2eds/bin/gnu/h-i686-mingw32/bin/../lib/gcc/nios2-elf/4.1.2/../../../../nios2-elf/lib\libc.a(lib_a-isattyr.o)
 .comment       0x00000000       0x27 c:/altera/12.1sp1/nios2eds/bin/gnu/h-i686-mingw32/bin/../lib/gcc/nios2-elf/4.1.2/../../../../nios2-elf/lib\libc.a(lib_a-lseekr.o)
 .comment       0x00000000       0x27 c:/altera/12.1sp1/nios2eds/bin/gnu/h-i686-mingw32/bin/../lib/gcc/nios2-elf/4.1.2/../../../../nios2-elf/lib\libc.a(lib_a-readr.o)
 .comment       0x00000000       0x27 ../test_bsp/\libucosii_bsp.a(alt_close.o)
 .comment       0x00000000       0x27 ../test_bsp/\libucosii_bsp.a(alt_dev.o)
 .comment       0x00000000       0x27 ../test_bsp/\libucosii_bsp.a(alt_errno.o)
 .comment       0x00000000       0x27 ../test_bsp/\libucosii_bsp.a(alt_fstat.o)
 .comment       0x00000000       0x27 ../test_bsp/\libucosii_bsp.a(alt_isatty.o)
 .comment       0x00000000       0x27 ../test_bsp/\libucosii_bsp.a(alt_load.o)
 .comment       0x00000000       0x27 ../test_bsp/\libucosii_bsp.a(alt_lseek.o)
 .comment       0x00000000       0x27 ../test_bsp/\libucosii_bsp.a(alt_main.o)
 .comment       0x00000000       0x27 ../test_bsp/\libucosii_bsp.a(alt_read.o)
 .comment       0x00000000       0x27 ../test_bsp/\libucosii_bsp.a(alt_release_fd.o)
 .comment       0x00000000       0x27 ../test_bsp/\libucosii_bsp.a(alt_sbrk.o)
 .comment       0x00000000       0x27 ../test_bsp/\libucosii_bsp.a(alt_write.o)
 .comment       0x00000000       0x27 ../test_bsp/\libucosii_bsp.a(alt_env_lock.o)
 .comment       0x00000000       0x27 ../test_bsp/\libucosii_bsp.a(alt_malloc_lock.o)
 .comment       0x00000000       0x27 ../test_bsp/\libucosii_bsp.a(os_core.o)
 .comment       0x00000000       0x27 ../test_bsp/\libucosii_bsp.a(os_dbg.o)
 .comment       0x00000000       0x27 ../test_bsp/\libucosii_bsp.a(os_flag.o)
 .comment       0x00000000       0x27 ../test_bsp/\libucosii_bsp.a(os_mem.o)
 .comment       0x00000000       0x27 ../test_bsp/\libucosii_bsp.a(os_q.o)
 .comment       0x00000000       0x27 ../test_bsp/\libucosii_bsp.a(os_sem.o)
 .comment       0x00000000       0x27 ../test_bsp/\libucosii_bsp.a(os_task.o)
 .comment       0x00000000       0x27 ../test_bsp/\libucosii_bsp.a(os_time.o)
 .comment       0x00000000       0x27 ../test_bsp/\libucosii_bsp.a(alt_sys_init.o)
 .comment       0x00000000       0x27 ../test_bsp/\libucosii_bsp.a(altera_avalon_jtag_uart_fd.o)
 .comment       0x00000000       0x27 ../test_bsp/\libucosii_bsp.a(altera_avalon_jtag_uart_init.o)
 .comment       0x00000000       0x27 ../test_bsp/\libucosii_bsp.a(altera_avalon_jtag_uart_ioctl.o)
 .comment       0x00000000       0x27 ../test_bsp/\libucosii_bsp.a(altera_avalon_jtag_uart_read.o)
 .comment       0x00000000       0x27 ../test_bsp/\libucosii_bsp.a(altera_avalon_jtag_uart_write.o)
 .comment       0x00000000       0x27 ../test_bsp/\libucosii_bsp.a(altera_avalon_timer_sc.o)
 .comment       0x00000000       0x27 ../test_bsp/\libucosii_bsp.a(altera_up_avalon_character_lcd.o)
 .comment       0x00000000       0x27 ../test_bsp/\libucosii_bsp.a(alt_alarm_start.o)
 .comment       0x00000000       0x27 ../test_bsp/\libucosii_bsp.a(alt_dcache_flush_all.o)
 .comment       0x00000000       0x27 ../test_bsp/\libucosii_bsp.a(alt_dev_llist_insert.o)
 .comment       0x00000000       0x27 ../test_bsp/\libucosii_bsp.a(alt_do_ctors.o)
 .comment       0x00000000       0x27 ../test_bsp/\libucosii_bsp.a(alt_do_dtors.o)
 .comment       0x00000000       0x27 ../test_bsp/\libucosii_bsp.a(alt_find_dev.o)
 .comment       0x00000000       0x27 ../test_bsp/\libucosii_bsp.a(alt_icache_flush_all.o)
 .comment       0x00000000       0x27 ../test_bsp/\libucosii_bsp.a(alt_iic.o)
 .comment       0x00000000       0x27 ../test_bsp/\libucosii_bsp.a(alt_iic_isr_register.o)
 .comment       0x00000000       0x27 ../test_bsp/\libucosii_bsp.a(alt_io_redirect.o)
 .comment       0x00000000       0x27 ../test_bsp/\libucosii_bsp.a(alt_irq_handler.o)
 .comment       0x00000000       0x27 ../test_bsp/\libucosii_bsp.a(alt_irq_vars.o)
 .comment       0x00000000       0x27 ../test_bsp/\libucosii_bsp.a(alt_open.o)
 .comment       0x00000000       0x27 ../test_bsp/\libucosii_bsp.a(alt_tick.o)
 .comment       0x00000000       0x27 ../test_bsp/\libucosii_bsp.a(altera_nios2_qsys_irq.o)
 .comment       0x00000000       0x27 ../test_bsp/\libucosii_bsp.a(os_cpu_c.o)
 .comment       0x00000000       0x27 ../test_bsp/\libucosii_bsp.a(alt_find_file.o)
 .comment       0x00000000       0x27 ../test_bsp/\libucosii_bsp.a(alt_get_fd.o)
 .comment       0x00000000       0x27 ../test_bsp/\libucosii_bsp.a(alt_icache_flush.o)
 .comment       0x00000000       0x27 c:/altera/12.1sp1/nios2eds/bin/gnu/h-i686-mingw32/bin/../lib/gcc/nios2-elf/4.1.2/../../../../nios2-elf/lib\libc.a(lib_a-atexit.o)
 .comment       0x00000000       0x27 c:/altera/12.1sp1/nios2eds/bin/gnu/h-i686-mingw32/bin/../lib/gcc/nios2-elf/4.1.2/../../../../nios2-elf/lib\libc.a(lib_a-exit.o)
 .comment       0x00000000       0x27 c:/altera/12.1sp1/nios2eds/bin/gnu/h-i686-mingw32/bin/../lib/gcc/nios2-elf/4.1.2/../../../../nios2-elf/lib\libc.a(lib_a-memcmp.o)
 .comment       0x00000000       0x27 c:/altera/12.1sp1/nios2eds/bin/gnu/h-i686-mingw32/bin/../lib/gcc/nios2-elf/4.1.2/../../../../nios2-elf/lib\libc.a(lib_a-__atexit.o)
 .comment       0x00000000       0x27 c:/altera/12.1sp1/nios2eds/bin/gnu/h-i686-mingw32/bin/../lib/gcc/nios2-elf/4.1.2/../../../../nios2-elf/lib\libc.a(lib_a-__call_atexit.o)
 .comment       0x00000000       0x27 c:/altera/12.1sp1/nios2eds/bin/gnu/h-i686-mingw32/bin/../lib/gcc/nios2-elf/4.1.2\libgcc.a(lib2-divmod.o)
 .comment       0x00000000       0x27 ../test_bsp/\libucosii_bsp.a(alt_exit.o)

.debug
 *(.debug)

.line
 *(.line)

.debug_srcinfo
 *(.debug_srcinfo)

.debug_sfnames
 *(.debug_sfnames)

.debug_aranges  0x00000000      0xa98
 *(.debug_aranges)
 .debug_aranges
                0x00000000       0x28 ../test_bsp//obj/HAL/src/crt0.o
 .debug_aranges
                0x00000028       0x20 obj/default/hello_ucosii.o
 .debug_aranges
                0x00000048       0x20 c:/altera/12.1sp1/nios2eds/bin/gnu/h-i686-mingw32/bin/../lib/gcc/nios2-elf/4.1.2/../../../../nios2-elf/lib\libc.a(lib_a-puts.o)
 .debug_aranges
                0x00000068       0x20 c:/altera/12.1sp1/nios2eds/bin/gnu/h-i686-mingw32/bin/../lib/gcc/nios2-elf/4.1.2/../../../../nios2-elf/lib\libc.a(lib_a-strlen.o)
 .debug_aranges
                0x00000088       0x20 c:/altera/12.1sp1/nios2eds/bin/gnu/h-i686-mingw32/bin/../lib/gcc/nios2-elf/4.1.2/../../../../nios2-elf/lib\libc.a(lib_a-fvwrite.o)
 .debug_aranges
                0x000000a8       0x20 c:/altera/12.1sp1/nios2eds/bin/gnu/h-i686-mingw32/bin/../lib/gcc/nios2-elf/4.1.2/../../../../nios2-elf/lib\libc.a(lib_a-mallocr.o)
 .debug_aranges
                0x000000c8       0x20 c:/altera/12.1sp1/nios2eds/bin/gnu/h-i686-mingw32/bin/../lib/gcc/nios2-elf/4.1.2/../../../../nios2-elf/lib\libc.a(lib_a-memchr.o)
 .debug_aranges
                0x000000e8       0x20 c:/altera/12.1sp1/nios2eds/bin/gnu/h-i686-mingw32/bin/../lib/gcc/nios2-elf/4.1.2/../../../../nios2-elf/lib\libc.a(lib_a-memcpy.o)
 .debug_aranges
                0x00000108       0x20 c:/altera/12.1sp1/nios2eds/bin/gnu/h-i686-mingw32/bin/../lib/gcc/nios2-elf/4.1.2/../../../../nios2-elf/lib\libc.a(lib_a-memmove.o)
 .debug_aranges
                0x00000128       0x20 c:/altera/12.1sp1/nios2eds/bin/gnu/h-i686-mingw32/bin/../lib/gcc/nios2-elf/4.1.2/../../../../nios2-elf/lib\libc.a(lib_a-reallocr.o)
 .debug_aranges
                0x00000148       0x20 c:/altera/12.1sp1/nios2eds/bin/gnu/h-i686-mingw32/bin/../lib/gcc/nios2-elf/4.1.2/../../../../nios2-elf/lib\libc.a(lib_a-sbrkr.o)
 .debug_aranges
                0x00000168       0x20 c:/altera/12.1sp1/nios2eds/bin/gnu/h-i686-mingw32/bin/../lib/gcc/nios2-elf/4.1.2/../../../../nios2-elf/lib\libc.a(lib_a-wsetup.o)
 .debug_aranges
                0x00000188       0x20 c:/altera/12.1sp1/nios2eds/bin/gnu/h-i686-mingw32/bin/../lib/gcc/nios2-elf/4.1.2/../../../../nios2-elf/lib\libc.a(lib_a-fflush.o)
 .debug_aranges
                0x000001a8       0x20 c:/altera/12.1sp1/nios2eds/bin/gnu/h-i686-mingw32/bin/../lib/gcc/nios2-elf/4.1.2/../../../../nios2-elf/lib\libc.a(lib_a-findfp.o)
 .debug_aranges
                0x000001c8       0x20 c:/altera/12.1sp1/nios2eds/bin/gnu/h-i686-mingw32/bin/../lib/gcc/nios2-elf/4.1.2/../../../../nios2-elf/lib\libc.a(lib_a-freer.o)
 .debug_aranges
                0x000001e8       0x20 c:/altera/12.1sp1/nios2eds/bin/gnu/h-i686-mingw32/bin/../lib/gcc/nios2-elf/4.1.2/../../../../nios2-elf/lib\libc.a(lib_a-fwalk.o)
 .debug_aranges
                0x00000208       0x20 c:/altera/12.1sp1/nios2eds/bin/gnu/h-i686-mingw32/bin/../lib/gcc/nios2-elf/4.1.2/../../../../nios2-elf/lib\libc.a(lib_a-makebuf.o)
 .debug_aranges
                0x00000228       0x20 c:/altera/12.1sp1/nios2eds/bin/gnu/h-i686-mingw32/bin/../lib/gcc/nios2-elf/4.1.2/../../../../nios2-elf/lib\libc.a(lib_a-memset.o)
 .debug_aranges
                0x00000248       0x20 c:/altera/12.1sp1/nios2eds/bin/gnu/h-i686-mingw32/bin/../lib/gcc/nios2-elf/4.1.2/../../../../nios2-elf/lib\libc.a(lib_a-stdio.o)
 .debug_aranges
                0x00000268       0x20 c:/altera/12.1sp1/nios2eds/bin/gnu/h-i686-mingw32/bin/../lib/gcc/nios2-elf/4.1.2/../../../../nios2-elf/lib\libc.a(lib_a-writer.o)
 .debug_aranges
                0x00000288       0x20 c:/altera/12.1sp1/nios2eds/bin/gnu/h-i686-mingw32/bin/../lib/gcc/nios2-elf/4.1.2/../../../../nios2-elf/lib\libc.a(lib_a-closer.o)
 .debug_aranges
                0x000002a8       0x20 c:/altera/12.1sp1/nios2eds/bin/gnu/h-i686-mingw32/bin/../lib/gcc/nios2-elf/4.1.2/../../../../nios2-elf/lib\libc.a(lib_a-fclose.o)
 .debug_aranges
                0x000002c8       0x20 c:/altera/12.1sp1/nios2eds/bin/gnu/h-i686-mingw32/bin/../lib/gcc/nios2-elf/4.1.2/../../../../nios2-elf/lib\libc.a(lib_a-fstatr.o)
 .debug_aranges
                0x000002e8       0x20 c:/altera/12.1sp1/nios2eds/bin/gnu/h-i686-mingw32/bin/../lib/gcc/nios2-elf/4.1.2/../../../../nios2-elf/lib\libc.a(lib_a-isattyr.o)
 .debug_aranges
                0x00000308       0x20 c:/altera/12.1sp1/nios2eds/bin/gnu/h-i686-mingw32/bin/../lib/gcc/nios2-elf/4.1.2/../../../../nios2-elf/lib\libc.a(lib_a-lseekr.o)
 .debug_aranges
                0x00000328       0x20 c:/altera/12.1sp1/nios2eds/bin/gnu/h-i686-mingw32/bin/../lib/gcc/nios2-elf/4.1.2/../../../../nios2-elf/lib\libc.a(lib_a-readr.o)
 .debug_aranges
                0x00000348       0x20 ../test_bsp/\libucosii_bsp.a(alt_close.o)
 .debug_aranges
                0x00000368       0x20 ../test_bsp/\libucosii_bsp.a(alt_dev.o)
 .debug_aranges
                0x00000388       0x20 ../test_bsp/\libucosii_bsp.a(alt_fstat.o)
 .debug_aranges
                0x000003a8       0x20 ../test_bsp/\libucosii_bsp.a(alt_isatty.o)
 .debug_aranges
                0x000003c8       0x20 ../test_bsp/\libucosii_bsp.a(alt_load.o)
 .debug_aranges
                0x000003e8       0x20 ../test_bsp/\libucosii_bsp.a(alt_lseek.o)
 .debug_aranges
                0x00000408       0x20 ../test_bsp/\libucosii_bsp.a(alt_main.o)
 .debug_aranges
                0x00000428       0x20 ../test_bsp/\libucosii_bsp.a(alt_read.o)
 .debug_aranges
                0x00000448       0x20 ../test_bsp/\libucosii_bsp.a(alt_release_fd.o)
 .debug_aranges
                0x00000468       0x20 ../test_bsp/\libucosii_bsp.a(alt_sbrk.o)
 .debug_aranges
                0x00000488       0x20 ../test_bsp/\libucosii_bsp.a(alt_write.o)
 .debug_aranges
                0x000004a8       0x20 ../test_bsp/\libucosii_bsp.a(alt_env_lock.o)
 .debug_aranges
                0x000004c8       0x20 ../test_bsp/\libucosii_bsp.a(alt_malloc_lock.o)
 .debug_aranges
                0x000004e8       0x20 ../test_bsp/\libucosii_bsp.a(os_core.o)
 .debug_aranges
                0x00000508       0x20 ../test_bsp/\libucosii_bsp.a(os_dbg.o)
 .debug_aranges
                0x00000528       0x20 ../test_bsp/\libucosii_bsp.a(os_flag.o)
 .debug_aranges
                0x00000548       0x20 ../test_bsp/\libucosii_bsp.a(os_mem.o)
 .debug_aranges
                0x00000568       0x20 ../test_bsp/\libucosii_bsp.a(os_q.o)
 .debug_aranges
                0x00000588       0x20 ../test_bsp/\libucosii_bsp.a(os_sem.o)
 .debug_aranges
                0x000005a8       0x20 ../test_bsp/\libucosii_bsp.a(os_task.o)
 .debug_aranges
                0x000005c8       0x20 ../test_bsp/\libucosii_bsp.a(os_time.o)
 .debug_aranges
                0x000005e8       0x20 ../test_bsp/\libucosii_bsp.a(alt_sys_init.o)
 .debug_aranges
                0x00000608       0x20 ../test_bsp/\libucosii_bsp.a(altera_avalon_jtag_uart_fd.o)
 .debug_aranges
                0x00000628       0x20 ../test_bsp/\libucosii_bsp.a(altera_avalon_jtag_uart_init.o)
 .debug_aranges
                0x00000648       0x20 ../test_bsp/\libucosii_bsp.a(altera_avalon_jtag_uart_ioctl.o)
 .debug_aranges
                0x00000668       0x20 ../test_bsp/\libucosii_bsp.a(altera_avalon_jtag_uart_read.o)
 .debug_aranges
                0x00000688       0x20 ../test_bsp/\libucosii_bsp.a(altera_avalon_jtag_uart_write.o)
 .debug_aranges
                0x000006a8       0x20 ../test_bsp/\libucosii_bsp.a(altera_avalon_timer_sc.o)
 .debug_aranges
                0x000006c8       0x20 ../test_bsp/\libucosii_bsp.a(altera_up_avalon_character_lcd.o)
 .debug_aranges
                0x000006e8       0x20 ../test_bsp/\libucosii_bsp.a(alt_alarm_start.o)
 .debug_aranges
                0x00000708       0x20 ../test_bsp/\libucosii_bsp.a(alt_dcache_flush_all.o)
 .debug_aranges
                0x00000728       0x20 ../test_bsp/\libucosii_bsp.a(alt_dev_llist_insert.o)
 .debug_aranges
                0x00000748       0x20 ../test_bsp/\libucosii_bsp.a(alt_do_ctors.o)
 .debug_aranges
                0x00000768       0x20 ../test_bsp/\libucosii_bsp.a(alt_do_dtors.o)
 .debug_aranges
                0x00000788       0x20 ../test_bsp/\libucosii_bsp.a(alt_find_dev.o)
 .debug_aranges
                0x000007a8       0x20 ../test_bsp/\libucosii_bsp.a(alt_icache_flush_all.o)
 .debug_aranges
                0x000007c8       0x20 ../test_bsp/\libucosii_bsp.a(alt_iic.o)
 .debug_aranges
                0x000007e8       0x20 ../test_bsp/\libucosii_bsp.a(alt_iic_isr_register.o)
 .debug_aranges
                0x00000808       0x20 ../test_bsp/\libucosii_bsp.a(alt_io_redirect.o)
 .debug_aranges
                0x00000828       0x30 ../test_bsp/\libucosii_bsp.a(alt_irq_entry.o)
 .debug_aranges
                0x00000858       0x28 ../test_bsp/\libucosii_bsp.a(alt_irq_handler.o)
 .debug_aranges
                0x00000880       0x20 ../test_bsp/\libucosii_bsp.a(alt_open.o)
 .debug_aranges
                0x000008a0       0x20 ../test_bsp/\libucosii_bsp.a(alt_tick.o)
 .debug_aranges
                0x000008c0       0x20 ../test_bsp/\libucosii_bsp.a(altera_nios2_qsys_irq.o)
 .debug_aranges
                0x000008e0       0x20 ../test_bsp/\libucosii_bsp.a(os_cpu_a.o)
 .debug_aranges
                0x00000900       0x20 ../test_bsp/\libucosii_bsp.a(os_cpu_c.o)
 .debug_aranges
                0x00000920       0x38 ../test_bsp/\libucosii_bsp.a(alt_exception_entry.o)
 .debug_aranges
                0x00000958       0x20 ../test_bsp/\libucosii_bsp.a(alt_find_file.o)
 .debug_aranges
                0x00000978       0x20 ../test_bsp/\libucosii_bsp.a(alt_get_fd.o)
 .debug_aranges
                0x00000998       0x20 ../test_bsp/\libucosii_bsp.a(alt_icache_flush.o)
 .debug_aranges
                0x000009b8       0x20 c:/altera/12.1sp1/nios2eds/bin/gnu/h-i686-mingw32/bin/../lib/gcc/nios2-elf/4.1.2/../../../../nios2-elf/lib\libc.a(lib_a-atexit.o)
 .debug_aranges
                0x000009d8       0x20 c:/altera/12.1sp1/nios2eds/bin/gnu/h-i686-mingw32/bin/../lib/gcc/nios2-elf/4.1.2/../../../../nios2-elf/lib\libc.a(lib_a-exit.o)
 .debug_aranges
                0x000009f8       0x20 c:/altera/12.1sp1/nios2eds/bin/gnu/h-i686-mingw32/bin/../lib/gcc/nios2-elf/4.1.2/../../../../nios2-elf/lib\libc.a(lib_a-memcmp.o)
 .debug_aranges
                0x00000a18       0x20 c:/altera/12.1sp1/nios2eds/bin/gnu/h-i686-mingw32/bin/../lib/gcc/nios2-elf/4.1.2/../../../../nios2-elf/lib\libc.a(lib_a-__atexit.o)
 .debug_aranges
                0x00000a38       0x20 c:/altera/12.1sp1/nios2eds/bin/gnu/h-i686-mingw32/bin/../lib/gcc/nios2-elf/4.1.2/../../../../nios2-elf/lib\libc.a(lib_a-__call_atexit.o)
 .debug_aranges
                0x00000a58       0x20 c:/altera/12.1sp1/nios2eds/bin/gnu/h-i686-mingw32/bin/../lib/gcc/nios2-elf/4.1.2\libgcc.a(lib2-divmod.o)
 .debug_aranges
                0x00000a78       0x20 ../test_bsp/\libucosii_bsp.a(alt_exit.o)

.debug_pubnames
                0x00000000     0x1c4c
 *(.debug_pubnames)
 .debug_pubnames
                0x00000000       0x4b obj/default/hello_ucosii.o
 .debug_pubnames
                0x0000004b       0x27 c:/altera/12.1sp1/nios2eds/bin/gnu/h-i686-mingw32/bin/../lib/gcc/nios2-elf/4.1.2/../../../../nios2-elf/lib\libc.a(lib_a-puts.o)
 .debug_pubnames
                0x00000072       0x1d c:/altera/12.1sp1/nios2eds/bin/gnu/h-i686-mingw32/bin/../lib/gcc/nios2-elf/4.1.2/../../../../nios2-elf/lib\libc.a(lib_a-strlen.o)
 .debug_pubnames
                0x0000008f       0x23 c:/altera/12.1sp1/nios2eds/bin/gnu/h-i686-mingw32/bin/../lib/gcc/nios2-elf/4.1.2/../../../../nios2-elf/lib\libc.a(lib_a-fvwrite.o)
 .debug_pubnames
                0x000000b2       0x39 c:/altera/12.1sp1/nios2eds/bin/gnu/h-i686-mingw32/bin/../lib/gcc/nios2-elf/4.1.2/../../../../nios2-elf/lib\libc.a(lib_a-impure.o)
 .debug_pubnames
                0x000000eb       0xce c:/altera/12.1sp1/nios2eds/bin/gnu/h-i686-mingw32/bin/../lib/gcc/nios2-elf/4.1.2/../../../../nios2-elf/lib\libc.a(lib_a-mallocr.o)
 .debug_pubnames
                0x000001b9       0x1d c:/altera/12.1sp1/nios2eds/bin/gnu/h-i686-mingw32/bin/../lib/gcc/nios2-elf/4.1.2/../../../../nios2-elf/lib\libc.a(lib_a-memchr.o)
 .debug_pubnames
                0x000001d6       0x1d c:/altera/12.1sp1/nios2eds/bin/gnu/h-i686-mingw32/bin/../lib/gcc/nios2-elf/4.1.2/../../../../nios2-elf/lib\libc.a(lib_a-memcpy.o)
 .debug_pubnames
                0x000001f3       0x1e c:/altera/12.1sp1/nios2eds/bin/gnu/h-i686-mingw32/bin/../lib/gcc/nios2-elf/4.1.2/../../../../nios2-elf/lib\libc.a(lib_a-memmove.o)
 .debug_pubnames
                0x00000211       0x21 c:/altera/12.1sp1/nios2eds/bin/gnu/h-i686-mingw32/bin/../lib/gcc/nios2-elf/4.1.2/../../../../nios2-elf/lib\libc.a(lib_a-reallocr.o)
 .debug_pubnames
                0x00000232       0x1e c:/altera/12.1sp1/nios2eds/bin/gnu/h-i686-mingw32/bin/../lib/gcc/nios2-elf/4.1.2/../../../../nios2-elf/lib\libc.a(lib_a-sbrkr.o)
 .debug_pubnames
                0x00000250       0x22 c:/altera/12.1sp1/nios2eds/bin/gnu/h-i686-mingw32/bin/../lib/gcc/nios2-elf/4.1.2/../../../../nios2-elf/lib\libc.a(lib_a-wsetup.o)
 .debug_pubnames
                0x00000272       0x2b c:/altera/12.1sp1/nios2eds/bin/gnu/h-i686-mingw32/bin/../lib/gcc/nios2-elf/4.1.2/../../../../nios2-elf/lib\libc.a(lib_a-fflush.o)
 .debug_pubnames
                0x0000029d       0xdb c:/altera/12.1sp1/nios2eds/bin/gnu/h-i686-mingw32/bin/../lib/gcc/nios2-elf/4.1.2/../../../../nios2-elf/lib\libc.a(lib_a-findfp.o)
 .debug_pubnames
                0x00000378       0x31 c:/altera/12.1sp1/nios2eds/bin/gnu/h-i686-mingw32/bin/../lib/gcc/nios2-elf/4.1.2/../../../../nios2-elf/lib\libc.a(lib_a-freer.o)
 .debug_pubnames
                0x000003a9       0x2e c:/altera/12.1sp1/nios2eds/bin/gnu/h-i686-mingw32/bin/../lib/gcc/nios2-elf/4.1.2/../../../../nios2-elf/lib\libc.a(lib_a-fwalk.o)
 .debug_pubnames
                0x000003d7       0x1c c:/altera/12.1sp1/nios2eds/bin/gnu/h-i686-mingw32/bin/../lib/gcc/nios2-elf/4.1.2/../../../../nios2-elf/lib\libc.a(lib_a-int_errno.o)
 .debug_pubnames
                0x000003f3       0x23 c:/altera/12.1sp1/nios2eds/bin/gnu/h-i686-mingw32/bin/../lib/gcc/nios2-elf/4.1.2/../../../../nios2-elf/lib\libc.a(lib_a-makebuf.o)
 .debug_pubnames
                0x00000416       0x1d c:/altera/12.1sp1/nios2eds/bin/gnu/h-i686-mingw32/bin/../lib/gcc/nios2-elf/4.1.2/../../../../nios2-elf/lib\libc.a(lib_a-memset.o)
 .debug_pubnames
                0x00000433       0x44 c:/altera/12.1sp1/nios2eds/bin/gnu/h-i686-mingw32/bin/../lib/gcc/nios2-elf/4.1.2/../../../../nios2-elf/lib\libc.a(lib_a-stdio.o)
 .debug_pubnames
                0x00000477       0x1f c:/altera/12.1sp1/nios2eds/bin/gnu/h-i686-mingw32/bin/../lib/gcc/nios2-elf/4.1.2/../../../../nios2-elf/lib\libc.a(lib_a-writer.o)
 .debug_pubnames
                0x00000496       0x1f c:/altera/12.1sp1/nios2eds/bin/gnu/h-i686-mingw32/bin/../lib/gcc/nios2-elf/4.1.2/../../../../nios2-elf/lib\libc.a(lib_a-closer.o)
 .debug_pubnames
                0x000004b5       0x2b c:/altera/12.1sp1/nios2eds/bin/gnu/h-i686-mingw32/bin/../lib/gcc/nios2-elf/4.1.2/../../../../nios2-elf/lib\libc.a(lib_a-fclose.o)
 .debug_pubnames
                0x000004e0       0x1f c:/altera/12.1sp1/nios2eds/bin/gnu/h-i686-mingw32/bin/../lib/gcc/nios2-elf/4.1.2/../../../../nios2-elf/lib\libc.a(lib_a-fstatr.o)
 .debug_pubnames
                0x000004ff       0x20 c:/altera/12.1sp1/nios2eds/bin/gnu/h-i686-mingw32/bin/../lib/gcc/nios2-elf/4.1.2/../../../../nios2-elf/lib\libc.a(lib_a-isattyr.o)
 .debug_pubnames
                0x0000051f       0x1f c:/altera/12.1sp1/nios2eds/bin/gnu/h-i686-mingw32/bin/../lib/gcc/nios2-elf/4.1.2/../../../../nios2-elf/lib\libc.a(lib_a-lseekr.o)
 .debug_pubnames
                0x0000053e       0x1e c:/altera/12.1sp1/nios2eds/bin/gnu/h-i686-mingw32/bin/../lib/gcc/nios2-elf/4.1.2/../../../../nios2-elf/lib\libc.a(lib_a-readr.o)
 .debug_pubnames
                0x0000055c       0x1c ../test_bsp/\libucosii_bsp.a(alt_close.o)
 .debug_pubnames
                0x00000578       0x78 ../test_bsp/\libucosii_bsp.a(alt_dev.o)
 .debug_pubnames
                0x000005f0       0x20 ../test_bsp/\libucosii_bsp.a(alt_errno.o)
 .debug_pubnames
                0x00000610       0x1c ../test_bsp/\libucosii_bsp.a(alt_fstat.o)
 .debug_pubnames
                0x0000062c       0x1d ../test_bsp/\libucosii_bsp.a(alt_isatty.o)
 .debug_pubnames
                0x00000649       0x1f ../test_bsp/\libucosii_bsp.a(alt_load.o)
 .debug_pubnames
                0x00000668       0x1c ../test_bsp/\libucosii_bsp.a(alt_lseek.o)
 .debug_pubnames
                0x00000684       0x46 ../test_bsp/\libucosii_bsp.a(alt_main.o)
 .debug_pubnames
                0x000006ca       0x1b ../test_bsp/\libucosii_bsp.a(alt_read.o)
 .debug_pubnames
                0x000006e5       0x25 ../test_bsp/\libucosii_bsp.a(alt_release_fd.o)
 .debug_pubnames
                0x0000070a       0x1b ../test_bsp/\libucosii_bsp.a(alt_sbrk.o)
 .debug_pubnames
                0x00000725       0x1c ../test_bsp/\libucosii_bsp.a(alt_write.o)
 .debug_pubnames
                0x00000741       0x41 ../test_bsp/\libucosii_bsp.a(alt_env_lock.o)
 .debug_pubnames
                0x00000782       0x48 ../test_bsp/\libucosii_bsp.a(alt_malloc_lock.o)
 .debug_pubnames
                0x000007ca      0x3f8 ../test_bsp/\libucosii_bsp.a(os_core.o)
 .debug_pubnames
                0x00000bc2      0x3c5 ../test_bsp/\libucosii_bsp.a(os_dbg.o)
 .debug_pubnames
                0x00000f87       0xd0 ../test_bsp/\libucosii_bsp.a(os_flag.o)
 .debug_pubnames
                0x00001057       0x7c ../test_bsp/\libucosii_bsp.a(os_mem.o)
 .debug_pubnames
                0x000010d3       0xa9 ../test_bsp/\libucosii_bsp.a(os_q.o)
 .debug_pubnames
                0x0000117c       0x8a ../test_bsp/\libucosii_bsp.a(os_sem.o)
 .debug_pubnames
                0x00001206       0xe5 ../test_bsp/\libucosii_bsp.a(os_task.o)
 .debug_pubnames
                0x000012eb       0x62 ../test_bsp/\libucosii_bsp.a(os_time.o)
 .debug_pubnames
                0x0000134d       0x34 ../test_bsp/\libucosii_bsp.a(alt_sys_init.o)
 .debug_pubnames
                0x00001381       0xa5 ../test_bsp/\libucosii_bsp.a(altera_avalon_jtag_uart_fd.o)
 .debug_pubnames
                0x00001426       0x55 ../test_bsp/\libucosii_bsp.a(altera_avalon_jtag_uart_init.o)
 .debug_pubnames
                0x0000147b       0x34 ../test_bsp/\libucosii_bsp.a(altera_avalon_jtag_uart_ioctl.o)
 .debug_pubnames
                0x000014af       0x33 ../test_bsp/\libucosii_bsp.a(altera_avalon_jtag_uart_read.o)
 .debug_pubnames
                0x000014e2       0x34 ../test_bsp/\libucosii_bsp.a(altera_avalon_jtag_uart_write.o)
 .debug_pubnames
                0x00001516       0x2f ../test_bsp/\libucosii_bsp.a(altera_avalon_timer_sc.o)
 .debug_pubnames
                0x00001545      0x1cd ../test_bsp/\libucosii_bsp.a(altera_up_avalon_character_lcd.o)
 .debug_pubnames
                0x00001712       0x26 ../test_bsp/\libucosii_bsp.a(alt_alarm_start.o)
 .debug_pubnames
                0x00001738       0x2b ../test_bsp/\libucosii_bsp.a(alt_dcache_flush_all.o)
 .debug_pubnames
                0x00001763       0x2b ../test_bsp/\libucosii_bsp.a(alt_dev_llist_insert.o)
 .debug_pubnames
                0x0000178e       0x20 ../test_bsp/\libucosii_bsp.a(alt_do_ctors.o)
 .debug_pubnames
                0x000017ae       0x20 ../test_bsp/\libucosii_bsp.a(alt_do_dtors.o)
 .debug_pubnames
                0x000017ce       0x23 ../test_bsp/\libucosii_bsp.a(alt_find_dev.o)
 .debug_pubnames
                0x000017f1       0x2b ../test_bsp/\libucosii_bsp.a(alt_icache_flush_all.o)
 .debug_pubnames
                0x0000181c       0x6e ../test_bsp/\libucosii_bsp.a(alt_iic.o)
 .debug_pubnames
                0x0000188a       0x2b ../test_bsp/\libucosii_bsp.a(alt_iic_isr_register.o)
 .debug_pubnames
                0x000018b5       0x26 ../test_bsp/\libucosii_bsp.a(alt_io_redirect.o)
 .debug_pubnames
                0x000018db       0x32 ../test_bsp/\libucosii_bsp.a(alt_irq_handler.o)
 .debug_pubnames
                0x0000190d       0x3b ../test_bsp/\libucosii_bsp.a(alt_irq_vars.o)
 .debug_pubnames
                0x00001948       0x1b ../test_bsp/\libucosii_bsp.a(alt_open.o)
 .debug_pubnames
                0x00001963       0x68 ../test_bsp/\libucosii_bsp.a(alt_tick.o)
 .debug_pubnames
                0x000019cb       0x31 ../test_bsp/\libucosii_bsp.a(altera_nios2_qsys_irq.o)
 .debug_pubnames
                0x000019fc       0xcd ../test_bsp/\libucosii_bsp.a(os_cpu_c.o)
 .debug_pubnames
                0x00001ac9       0x24 ../test_bsp/\libucosii_bsp.a(alt_find_file.o)
 .debug_pubnames
                0x00001aed       0x21 ../test_bsp/\libucosii_bsp.a(alt_get_fd.o)
 .debug_pubnames
                0x00001b0e       0x27 ../test_bsp/\libucosii_bsp.a(alt_icache_flush.o)
 .debug_pubnames
                0x00001b35       0x2a c:/altera/12.1sp1/nios2eds/bin/gnu/h-i686-mingw32/bin/../lib/gcc/nios2-elf/4.1.2/../../../../nios2-elf/lib\libc.a(lib_a-atexit.o)
 .debug_pubnames
                0x00001b5f       0x1b c:/altera/12.1sp1/nios2eds/bin/gnu/h-i686-mingw32/bin/../lib/gcc/nios2-elf/4.1.2/../../../../nios2-elf/lib\libc.a(lib_a-exit.o)
 .debug_pubnames
                0x00001b7a       0x1d c:/altera/12.1sp1/nios2eds/bin/gnu/h-i686-mingw32/bin/../lib/gcc/nios2-elf/4.1.2/../../../../nios2-elf/lib\libc.a(lib_a-memcmp.o)
 .debug_pubnames
                0x00001b97       0x2a c:/altera/12.1sp1/nios2eds/bin/gnu/h-i686-mingw32/bin/../lib/gcc/nios2-elf/4.1.2/../../../../nios2-elf/lib\libc.a(lib_a-__atexit.o)
 .debug_pubnames
                0x00001bc1       0x27 c:/altera/12.1sp1/nios2eds/bin/gnu/h-i686-mingw32/bin/../lib/gcc/nios2-elf/4.1.2/../../../../nios2-elf/lib\libc.a(lib_a-__call_atexit.o)
 .debug_pubnames
                0x00001be8       0x48 c:/altera/12.1sp1/nios2eds/bin/gnu/h-i686-mingw32/bin/../lib/gcc/nios2-elf/4.1.2\libgcc.a(lib2-divmod.o)
 .debug_pubnames
                0x00001c30       0x1c ../test_bsp/\libucosii_bsp.a(alt_exit.o)

.debug_info     0x00000000    0x26d90
 *(.debug_info .gnu.linkonce.wi.*)
 .debug_info    0x00000000       0x85 ../test_bsp//obj/HAL/src/crt0.o
 .debug_info    0x00000085      0x243 obj/default/hello_ucosii.o
 .debug_info    0x000002c8      0xa25 c:/altera/12.1sp1/nios2eds/bin/gnu/h-i686-mingw32/bin/../lib/gcc/nios2-elf/4.1.2/../../../../nios2-elf/lib\libc.a(lib_a-puts.o)
 .debug_info    0x00000ced       0xdb c:/altera/12.1sp1/nios2eds/bin/gnu/h-i686-mingw32/bin/../lib/gcc/nios2-elf/4.1.2/../../../../nios2-elf/lib\libc.a(lib_a-strlen.o)
 .debug_info    0x00000dc8      0xa88 c:/altera/12.1sp1/nios2eds/bin/gnu/h-i686-mingw32/bin/../lib/gcc/nios2-elf/4.1.2/../../../../nios2-elf/lib\libc.a(lib_a-fvwrite.o)